[6.927s] Invoking command in '/home/nawako05/finalproject_ws/build/image_processing': PYTHONPATH=/home/nawako05/finalproject_ws/build/image_processing/prefix_override:/usr/lib/python3/dist-packages/colcon_core/task/python/colcon_distutils_commands:/home/nawako05/finalproject_ws/install/image_processing/lib/python3.12/site-packages:${PYTHONPATH} /usr/bin/python3 -W ignore:setup.py install is deprecated -W ignore:easy_install command is deprecated setup.py develop --editable --build-directory /home/nawako05/finalproject_ws/build/image_processing/build --no-deps symlink_data
[8.893s] running develop
[9.682s] /usr/lib/python3/dist-packages/setuptools/command/easy_install.py:363: UserWarning: Unbuilt egg for pytest-repeat [unknown version] (/usr/lib/python3/dist-packages)
[9.683s]   self.local_index = Environment(self.shadow_path + sys.path)
[9.847s] running egg_info
[10.093s] writing image_processing.egg-info/PKG-INFO
[10.094s] writing dependency_links to image_processing.egg-info/dependency_links.txt
[10.095s] writing entry points to image_processing.egg-info/entry_points.txt
[10.095s] writing requirements to image_processing.egg-info/requires.txt
[10.095s] writing top-level names to image_processing.egg-info/top_level.txt
[10.275s] reading manifest file 'image_processing.egg-info/SOURCES.txt'
[10.279s] writing manifest file 'image_processing.egg-info/SOURCES.txt'
[10.407s] running build_ext
[10.410s] Creating /home/nawako05/finalproject_ws/install/image_processing/lib/python3.12/site-packages/image-processing.egg-link (link to .)
[10.412s] Installing arm_detect script to /home/nawako05/finalproject_ws/install/image_processing/lib/image_processing
[10.412s] Installing record script to /home/nawako05/finalproject_ws/install/image_processing/lib/image_processing
[10.412s] Installing robot_detect script to /home/nawako05/finalproject_ws/install/image_processing/lib/image_processing
[10.413s] 
[10.413s] Installed /home/nawako05/finalproject_ws/build/image_processing
[10.414s] running symlink_data
[10.882s] Invoked command in '/home/nawako05/finalproject_ws/build/image_processing' returned '0': PYTHONPATH=/home/nawako05/finalproject_ws/build/image_processing/prefix_override:/usr/lib/python3/dist-packages/colcon_core/task/python/colcon_distutils_commands:/home/nawako05/finalproject_ws/install/image_processing/lib/python3.12/site-packages:${PYTHONPATH} /usr/bin/python3 -W ignore:setup.py install is deprecated -W ignore:easy_install command is deprecated setup.py develop --editable --build-directory /home/nawako05/finalproject_ws/build/image_processing/build --no-deps symlink_data
