[5.254s] Invoking command in '/home/nawako05/finalproject_ws/build/main_control': PYTHONPATH=/home/nawako05/finalproject_ws/build/main_control/prefix_override:/usr/lib/python3/dist-packages/colcon_core/task/python/colcon_distutils_commands:/home/nawako05/finalproject_ws/install/main_control/lib/python3.12/site-packages:${PYTHONPATH} /usr/bin/python3 -W ignore:setup.py install is deprecated -W ignore:easy_install command is deprecated setup.py develop --editable --build-directory /home/nawako05/finalproject_ws/build/main_control/build --no-deps symlink_data
[6.779s] running develop
[7.415s] /usr/lib/python3/dist-packages/setuptools/command/easy_install.py:363: UserWarning: Unbuilt egg for pytest-repeat [unknown version] (/usr/lib/python3/dist-packages)
[7.416s]   self.local_index = Environment(self.shadow_path + sys.path)
[7.515s] running egg_info
[7.663s] writing main_control.egg-info/PKG-INFO
[7.664s] writing dependency_links to main_control.egg-info/dependency_links.txt
[7.665s] writing entry points to main_control.egg-info/entry_points.txt
[7.667s] writing requirements to main_control.egg-info/requires.txt
[7.668s] writing top-level names to main_control.egg-info/top_level.txt
[7.850s] reading manifest file 'main_control.egg-info/SOURCES.txt'
[7.855s] writing manifest file 'main_control.egg-info/SOURCES.txt'
[7.962s] running build_ext
[7.962s] Creating /home/nawako05/finalproject_ws/install/main_control/lib/python3.12/site-packages/main-control.egg-link (link to .)
[7.963s] Installing hardware_bridge script to /home/nawako05/finalproject_ws/install/main_control/lib/main_control
[7.963s] Installing lidar_filter script to /home/nawako05/finalproject_ws/install/main_control/lib/main_control
[7.964s] 
[7.964s] Installed /home/nawako05/finalproject_ws/build/main_control
[7.964s] running symlink_data
[8.190s] Invoked command in '/home/nawako05/finalproject_ws/build/main_control' returned '0': PYTHONPATH=/home/nawako05/finalproject_ws/build/main_control/prefix_override:/usr/lib/python3/dist-packages/colcon_core/task/python/colcon_distutils_commands:/home/nawako05/finalproject_ws/install/main_control/lib/python3.12/site-packages:${PYTHONPATH} /usr/bin/python3 -W ignore:setup.py install is deprecated -W ignore:easy_install command is deprecated setup.py develop --editable --build-directory /home/nawako05/finalproject_ws/build/main_control/build --no-deps symlink_data
