[6.207s] Invoking command in '/home/nawako05/finalproject_ws/build/main_control': PYTHONPATH=/home/nawako05/finalproject_ws/build/main_control/prefix_override:/usr/lib/python3/dist-packages/colcon_core/task/python/colcon_distutils_commands:/home/nawako05/finalproject_ws/install/main_control/lib/python3.12/site-packages:${PYTHONPATH} /usr/bin/python3 -W ignore:setup.py install is deprecated -W ignore:easy_install command is deprecated setup.py develop --editable --build-directory /home/nawako05/finalproject_ws/build/main_control/build --no-deps symlink_data
[7.706s] running develop
[8.315s] /usr/lib/python3/dist-packages/setuptools/command/easy_install.py:363: UserWarning: Unbuilt egg for pytest-repeat [unknown version] (/usr/lib/python3/dist-packages)
[8.315s]   self.local_index = Environment(self.shadow_path + sys.path)
[8.406s] running egg_info
[8.623s] writing main_control.egg-info/PKG-INFO
[8.627s] writing dependency_links to main_control.egg-info/dependency_links.txt
[8.631s] writing entry points to main_control.egg-info/entry_points.txt
[8.631s] writing requirements to main_control.egg-info/requires.txt
[8.635s] writing top-level names to main_control.egg-info/top_level.txt
[8.775s] reading manifest file 'main_control.egg-info/SOURCES.txt'
[8.782s] writing manifest file 'main_control.egg-info/SOURCES.txt'
[8.861s] running build_ext
[8.861s] Creating /home/nawako05/finalproject_ws/install/main_control/lib/python3.12/site-packages/main-control.egg-link (link to .)
[8.866s] Installing command_input script to /home/nawako05/finalproject_ws/install/main_control/lib/main_control
[8.866s] Installing compensator script to /home/nawako05/finalproject_ws/install/main_control/lib/main_control
[8.866s] Installing floor_manager script to /home/nawako05/finalproject_ws/install/main_control/lib/main_control
[8.866s] Installing hardware_bridge script to /home/nawako05/finalproject_ws/install/main_control/lib/main_control
[8.866s] Installing lidar_filter script to /home/nawako05/finalproject_ws/install/main_control/lib/main_control
[8.866s] Installing sequence script to /home/nawako05/finalproject_ws/install/main_control/lib/main_control
[8.867s] Installing setpose script to /home/nawako05/finalproject_ws/install/main_control/lib/main_control
[8.867s] Installing state_machine script to /home/nawako05/finalproject_ws/install/main_control/lib/main_control
[8.867s] Installing waypoint_manage script to /home/nawako05/finalproject_ws/install/main_control/lib/main_control
[8.869s] 
[8.869s] Installed /home/nawako05/finalproject_ws/build/main_control
[8.870s] running symlink_data
[9.253s] Invoked command in '/home/nawako05/finalproject_ws/build/main_control' returned '0': PYTHONPATH=/home/nawako05/finalproject_ws/build/main_control/prefix_override:/usr/lib/python3/dist-packages/colcon_core/task/python/colcon_distutils_commands:/home/nawako05/finalproject_ws/install/main_control/lib/python3.12/site-packages:${PYTHONPATH} /usr/bin/python3 -W ignore:setup.py install is deprecated -W ignore:easy_install command is deprecated setup.py develop --editable --build-directory /home/nawako05/finalproject_ws/build/main_control/build --no-deps symlink_data
