[0.824s] DEBUG:colcon:Command line arguments: ['/usr/bin/colcon', 'build', '--symlink-install']
[0.824s] DEBUG:colcon:Parsed command line arguments: Namespace(log_base=None, log_level=None, verb_name='build', build_base='build', install_base='install', merge_install=False, symlink_install=True, test_result_base=None, continue_on_error=False, executor='parallel', parallel_workers=4, event_handlers=None, ignore_user_meta=False, metas=['./colcon.meta'], base_paths=['.'], packages_ignore=None, packages_ignore_regex=None, paths=None, packages_up_to=None, packages_up_to_regex=None, packages_above=None, packages_above_and_dependencies=None, packages_above_depth=None, packages_select_by_dep=None, packages_skip_by_dep=None, packages_skip_up_to=None, packages_select_build_failed=False, packages_skip_build_finished=False, packages_select_test_failures=False, packages_skip_test_passed=False, packages_select=None, packages_skip=None, packages_select_regex=None, packages_skip_regex=None, packages_start=None, packages_end=None, allow_overriding=[], cmake_args=None, cmake_target=None, cmake_target_skip_unavailable=False, cmake_clean_cache=False, cmake_clean_first=False, cmake_force_configure=False, ament_cmake_args=None, catkin_cmake_args=None, catkin_skip_building_tests=False, mixin_files=None, mixin=None, verb_parser=<colcon_mixin.mixin.mixin_argument.MixinArgumentDecorator object at 0xffffaab6d460>, verb_extension=<colcon_core.verb.build.BuildVerb object at 0xffffaab6c230>, main=<bound method BuildVerb.main of <colcon_core.verb.build.BuildVerb object at 0xffffaab6c230>>, mixin_verb=('build',))
[0.977s] Level 1:colcon.colcon_core.package_discovery:discover_packages(colcon_meta) check parameters
[0.977s] Level 1:colcon.colcon_core.package_discovery:discover_packages(recursive) check parameters
[0.977s] Level 1:colcon.colcon_core.package_discovery:discover_packages(ignore) check parameters
[0.977s] Level 1:colcon.colcon_core.package_discovery:discover_packages(path) check parameters
[0.977s] Level 1:colcon.colcon_core.package_discovery:discover_packages(colcon_meta) discover
[0.977s] Level 1:colcon.colcon_core.package_discovery:discover_packages(recursive) discover
[0.977s] INFO:colcon.colcon_core.package_discovery:Crawling recursively for packages in '/home/nawako05/finalproject_ws'
[0.977s] Level 1:colcon.colcon_core.package_identification:_identify(.) by extensions ['ignore', 'ignore_ament_install']
[0.978s] Level 1:colcon.colcon_core.package_identification:_identify(.) by extension 'ignore'
[0.978s] Level 1:colcon.colcon_core.package_identification:_identify(.) by extension 'ignore_ament_install'
[0.978s] Level 1:colcon.colcon_core.package_identification:_identify(.) by extensions ['colcon_pkg']
[0.978s] Level 1:colcon.colcon_core.package_identification:_identify(.) by extension 'colcon_pkg'
[0.978s] Level 1:colcon.colcon_core.package_identification:_identify(.) by extensions ['colcon_meta']
[0.978s] Level 1:colcon.colcon_core.package_identification:_identify(.) by extension 'colcon_meta'
[0.978s] Level 1:colcon.colcon_core.package_identification:_identify(.) by extensions ['ros']
[0.978s] Level 1:colcon.colcon_core.package_identification:_identify(.) by extension 'ros'
[1.045s] Level 1:colcon.colcon_core.package_identification:_identify(.) by extensions ['cmake', 'python']
[1.046s] Level 1:colcon.colcon_core.package_identification:_identify(.) by extension 'cmake'
[1.046s] Level 1:colcon.colcon_core.package_identification:_identify(.) by extension 'python'
[1.046s] Level 1:colcon.colcon_core.package_identification:_identify(.) by extensions ['python_setup_py']
[1.046s] Level 1:colcon.colcon_core.package_identification:_identify(.) by extension 'python_setup_py'
[1.046s] Level 1:colcon.colcon_core.package_identification:_identify(build) by extensions ['ignore', 'ignore_ament_install']
[1.046s] Level 1:colcon.colcon_core.package_identification:_identify(build) by extension 'ignore'
[1.046s] Level 1:colcon.colcon_core.package_identification:_identify(build) ignored
[1.046s] Level 1:colcon.colcon_core.package_identification:_identify(install) by extensions ['ignore', 'ignore_ament_install']
[1.046s] Level 1:colcon.colcon_core.package_identification:_identify(install) by extension 'ignore'
[1.046s] Level 1:colcon.colcon_core.package_identification:_identify(install) ignored
[1.047s] Level 1:colcon.colcon_core.package_identification:_identify(log) by extensions ['ignore', 'ignore_ament_install']
[1.047s] Level 1:colcon.colcon_core.package_identification:_identify(log) by extension 'ignore'
[1.047s] Level 1:colcon.colcon_core.package_identification:_identify(log) ignored
[1.047s] Level 1:colcon.colcon_core.package_identification:_identify(src) by extensions ['ignore', 'ignore_ament_install']
[1.047s] Level 1:colcon.colcon_core.package_identification:_identify(src) by extension 'ignore'
[1.047s] Level 1:colcon.colcon_core.package_identification:_identify(src) by extension 'ignore_ament_install'
[1.047s] Level 1:colcon.colcon_core.package_identification:_identify(src) by extensions ['colcon_pkg']
[1.047s] Level 1:colcon.colcon_core.package_identification:_identify(src) by extension 'colcon_pkg'
[1.047s] Level 1:colcon.colcon_core.package_identification:_identify(src) by extensions ['colcon_meta']
[1.047s] Level 1:colcon.colcon_core.package_identification:_identify(src) by extension 'colcon_meta'
[1.047s] Level 1:colcon.colcon_core.package_identification:_identify(src) by extensions ['ros']
[1.047s] Level 1:colcon.colcon_core.package_identification:_identify(src) by extension 'ros'
[1.047s] Level 1:colcon.colcon_core.package_identification:_identify(src) by extensions ['cmake', 'python']
[1.048s] Level 1:colcon.colcon_core.package_identification:_identify(src) by extension 'cmake'
[1.048s] Level 1:colcon.colcon_core.package_identification:_identify(src) by extension 'python'
[1.048s] Level 1:colcon.colcon_core.package_identification:_identify(src) by extensions ['python_setup_py']
[1.048s] Level 1:colcon.colcon_core.package_identification:_identify(src) by extension 'python_setup_py'
[1.048s] Level 1:colcon.colcon_core.package_identification:_identify(src/debugger) by extensions ['ignore', 'ignore_ament_install']
[1.048s] Level 1:colcon.colcon_core.package_identification:_identify(src/debugger) by extension 'ignore'
[1.048s] Level 1:colcon.colcon_core.package_identification:_identify(src/debugger) by extension 'ignore_ament_install'
[1.048s] Level 1:colcon.colcon_core.package_identification:_identify(src/debugger) by extensions ['colcon_pkg']
[1.048s] Level 1:colcon.colcon_core.package_identification:_identify(src/debugger) by extension 'colcon_pkg'
[1.048s] Level 1:colcon.colcon_core.package_identification:_identify(src/debugger) by extensions ['colcon_meta']
[1.048s] Level 1:colcon.colcon_core.package_identification:_identify(src/debugger) by extension 'colcon_meta'
[1.048s] Level 1:colcon.colcon_core.package_identification:_identify(src/debugger) by extensions ['ros']
[1.048s] Level 1:colcon.colcon_core.package_identification:_identify(src/debugger) by extension 'ros'
[1.054s] DEBUG:colcon.colcon_core.package_identification:Package 'src/debugger' with type 'ros.ament_python' and name 'debugger'
[1.054s] Level 1:colcon.colcon_core.package_identification:_identify(src/image_processing) by extensions ['ignore', 'ignore_ament_install']
[1.054s] Level 1:colcon.colcon_core.package_identification:_identify(src/image_processing) by extension 'ignore'
[1.054s] Level 1:colcon.colcon_core.package_identification:_identify(src/image_processing) by extension 'ignore_ament_install'
[1.054s] Level 1:colcon.colcon_core.package_identification:_identify(src/image_processing) by extensions ['colcon_pkg']
[1.054s] Level 1:colcon.colcon_core.package_identification:_identify(src/image_processing) by extension 'colcon_pkg'
[1.054s] Level 1:colcon.colcon_core.package_identification:_identify(src/image_processing) by extensions ['colcon_meta']
[1.054s] Level 1:colcon.colcon_core.package_identification:_identify(src/image_processing) by extension 'colcon_meta'
[1.054s] Level 1:colcon.colcon_core.package_identification:_identify(src/image_processing) by extensions ['ros']
[1.054s] Level 1:colcon.colcon_core.package_identification:_identify(src/image_processing) by extension 'ros'
[1.056s] DEBUG:colcon.colcon_core.package_identification:Package 'src/image_processing' with type 'ros.ament_python' and name 'image_processing'
[1.056s] Level 1:colcon.colcon_core.package_identification:_identify(src/main_control) by extensions ['ignore', 'ignore_ament_install']
[1.056s] Level 1:colcon.colcon_core.package_identification:_identify(src/main_control) by extension 'ignore'
[1.056s] Level 1:colcon.colcon_core.package_identification:_identify(src/main_control) by extension 'ignore_ament_install'
[1.056s] Level 1:colcon.colcon_core.package_identification:_identify(src/main_control) by extensions ['colcon_pkg']
[1.056s] Level 1:colcon.colcon_core.package_identification:_identify(src/main_control) by extension 'colcon_pkg'
[1.056s] Level 1:colcon.colcon_core.package_identification:_identify(src/main_control) by extensions ['colcon_meta']
[1.056s] Level 1:colcon.colcon_core.package_identification:_identify(src/main_control) by extension 'colcon_meta'
[1.056s] Level 1:colcon.colcon_core.package_identification:_identify(src/main_control) by extensions ['ros']
[1.056s] Level 1:colcon.colcon_core.package_identification:_identify(src/main_control) by extension 'ros'
[1.057s] DEBUG:colcon.colcon_core.package_identification:Package 'src/main_control' with type 'ros.ament_python' and name 'main_control'
[1.058s] Level 1:colcon.colcon_core.package_identification:_identify(src/main_system) by extensions ['ignore', 'ignore_ament_install']
[1.058s] Level 1:colcon.colcon_core.package_identification:_identify(src/main_system) by extension 'ignore'
[1.058s] Level 1:colcon.colcon_core.package_identification:_identify(src/main_system) by extension 'ignore_ament_install'
[1.058s] Level 1:colcon.colcon_core.package_identification:_identify(src/main_system) by extensions ['colcon_pkg']
[1.058s] Level 1:colcon.colcon_core.package_identification:_identify(src/main_system) by extension 'colcon_pkg'
[1.058s] Level 1:colcon.colcon_core.package_identification:_identify(src/main_system) by extensions ['colcon_meta']
[1.058s] Level 1:colcon.colcon_core.package_identification:_identify(src/main_system) by extension 'colcon_meta'
[1.058s] Level 1:colcon.colcon_core.package_identification:_identify(src/main_system) by extensions ['ros']
[1.058s] Level 1:colcon.colcon_core.package_identification:_identify(src/main_system) by extension 'ros'
[1.059s] DEBUG:colcon.colcon_core.package_identification:Package 'src/main_system' with type 'ros.ament_cmake' and name 'main_system'
[1.059s] Level 1:colcon.colcon_core.package_identification:_identify(src/manual_command) by extensions ['ignore', 'ignore_ament_install']
[1.059s] Level 1:colcon.colcon_core.package_identification:_identify(src/manual_command) by extension 'ignore'
[1.059s] Level 1:colcon.colcon_core.package_identification:_identify(src/manual_command) by extension 'ignore_ament_install'
[1.059s] Level 1:colcon.colcon_core.package_identification:_identify(src/manual_command) by extensions ['colcon_pkg']
[1.059s] Level 1:colcon.colcon_core.package_identification:_identify(src/manual_command) by extension 'colcon_pkg'
[1.060s] Level 1:colcon.colcon_core.package_identification:_identify(src/manual_command) by extensions ['colcon_meta']
[1.060s] Level 1:colcon.colcon_core.package_identification:_identify(src/manual_command) by extension 'colcon_meta'
[1.060s] Level 1:colcon.colcon_core.package_identification:_identify(src/manual_command) by extensions ['ros']
[1.060s] Level 1:colcon.colcon_core.package_identification:_identify(src/manual_command) by extension 'ros'
[1.061s] DEBUG:colcon.colcon_core.package_identification:Package 'src/manual_command' with type 'ros.ament_python' and name 'manual_command'
[1.061s] Level 1:colcon.colcon_core.package_identification:_identify(src/uart) by extensions ['ignore', 'ignore_ament_install']
[1.061s] Level 1:colcon.colcon_core.package_identification:_identify(src/uart) by extension 'ignore'
[1.061s] Level 1:colcon.colcon_core.package_identification:_identify(src/uart) by extension 'ignore_ament_install'
[1.061s] Level 1:colcon.colcon_core.package_identification:_identify(src/uart) by extensions ['colcon_pkg']
[1.061s] Level 1:colcon.colcon_core.package_identification:_identify(src/uart) by extension 'colcon_pkg'
[1.062s] Level 1:colcon.colcon_core.package_identification:_identify(src/uart) by extensions ['colcon_meta']
[1.062s] Level 1:colcon.colcon_core.package_identification:_identify(src/uart) by extension 'colcon_meta'
[1.062s] Level 1:colcon.colcon_core.package_identification:_identify(src/uart) by extensions ['ros']
[1.062s] Level 1:colcon.colcon_core.package_identification:_identify(src/uart) by extension 'ros'
[1.063s] DEBUG:colcon.colcon_core.package_identification:Package 'src/uart' with type 'ros.ament_python' and name 'uart'
[1.063s] Level 1:colcon.colcon_core.package_discovery:discover_packages(recursive) using defaults
[1.063s] Level 1:colcon.colcon_core.package_discovery:discover_packages(ignore) discover
[1.063s] Level 1:colcon.colcon_core.package_discovery:discover_packages(ignore) using defaults
[1.063s] Level 1:colcon.colcon_core.package_discovery:discover_packages(path) discover
[1.063s] Level 1:colcon.colcon_core.package_discovery:discover_packages(path) using defaults
[1.177s] Level 1:colcon.colcon_core.package_discovery:discover_packages(prefix_path) check parameters
[1.177s] Level 1:colcon.colcon_core.package_discovery:discover_packages(prefix_path) discover
[1.205s] DEBUG:colcon.colcon_installed_package_information.package_discovery:Found 6 installed packages in /home/nawako05/finalproject_ws/install
[1.218s] DEBUG:colcon.colcon_installed_package_information.package_discovery:Found 365 installed packages in /home/nawako05/ros2_jazzy/install
[1.222s] DEBUG:colcon.colcon_installed_package_information.package_discovery:Found 302 installed packages in /opt/ros/jazzy
[1.231s] Level 1:colcon.colcon_core.package_discovery:discover_packages(prefix_path) using defaults
[2.339s] Level 5:colcon.colcon_core.verb:set package 'debugger' build argument 'cmake_args' from command line to 'None'
[2.339s] Level 5:colcon.colcon_core.verb:set package 'debugger' build argument 'cmake_target' from command line to 'None'
[2.339s] Level 5:colcon.colcon_core.verb:set package 'debugger' build argument 'cmake_target_skip_unavailable' from command line to 'False'
[2.339s] Level 5:colcon.colcon_core.verb:set package 'debugger' build argument 'cmake_clean_cache' from command line to 'False'
[2.339s] Level 5:colcon.colcon_core.verb:set package 'debugger' build argument 'cmake_clean_first' from command line to 'False'
[2.339s] Level 5:colcon.colcon_core.verb:set package 'debugger' build argument 'cmake_force_configure' from command line to 'False'
[2.339s] Level 5:colcon.colcon_core.verb:set package 'debugger' build argument 'ament_cmake_args' from command line to 'None'
[2.339s] Level 5:colcon.colcon_core.verb:set package 'debugger' build argument 'catkin_cmake_args' from command line to 'None'
[2.340s] Level 5:colcon.colcon_core.verb:set package 'debugger' build argument 'catkin_skip_building_tests' from command line to 'False'
[2.340s] DEBUG:colcon.colcon_core.verb:Building package 'debugger' with the following arguments: {'ament_cmake_args': None, 'build_base': '/home/nawako05/finalproject_ws/build/debugger', 'catkin_cmake_args': None, 'catkin_skip_building_tests': False, 'cmake_args': None, 'cmake_clean_cache': False, 'cmake_clean_first': False, 'cmake_force_configure': False, 'cmake_target': None, 'cmake_target_skip_unavailable': False, 'install_base': '/home/nawako05/finalproject_ws/install/debugger', 'merge_install': False, 'path': '/home/nawako05/finalproject_ws/src/debugger', 'symlink_install': True, 'test_result_base': None}
[2.340s] Level 5:colcon.colcon_core.verb:set package 'image_processing' build argument 'cmake_args' from command line to 'None'
[2.340s] Level 5:colcon.colcon_core.verb:set package 'image_processing' build argument 'cmake_target' from command line to 'None'
[2.340s] Level 5:colcon.colcon_core.verb:set package 'image_processing' build argument 'cmake_target_skip_unavailable' from command line to 'False'
[2.340s] Level 5:colcon.colcon_core.verb:set package 'image_processing' build argument 'cmake_clean_cache' from command line to 'False'
[2.340s] Level 5:colcon.colcon_core.verb:set package 'image_processing' build argument 'cmake_clean_first' from command line to 'False'
[2.340s] Level 5:colcon.colcon_core.verb:set package 'image_processing' build argument 'cmake_force_configure' from command line to 'False'
[2.340s] Level 5:colcon.colcon_core.verb:set package 'image_processing' build argument 'ament_cmake_args' from command line to 'None'
[2.340s] Level 5:colcon.colcon_core.verb:set package 'image_processing' build argument 'catkin_cmake_args' from command line to 'None'
[2.340s] Level 5:colcon.colcon_core.verb:set package 'image_processing' build argument 'catkin_skip_building_tests' from command line to 'False'
[2.340s] DEBUG:colcon.colcon_core.verb:Building package 'image_processing' with the following arguments: {'ament_cmake_args': None, 'build_base': '/home/nawako05/finalproject_ws/build/image_processing', 'catkin_cmake_args': None, 'catkin_skip_building_tests': False, 'cmake_args': None, 'cmake_clean_cache': False, 'cmake_clean_first': False, 'cmake_force_configure': False, 'cmake_target': None, 'cmake_target_skip_unavailable': False, 'install_base': '/home/nawako05/finalproject_ws/install/image_processing', 'merge_install': False, 'path': '/home/nawako05/finalproject_ws/src/image_processing', 'symlink_install': True, 'test_result_base': None}
[2.341s] Level 5:colcon.colcon_core.verb:set package 'main_control' build argument 'cmake_args' from command line to 'None'
[2.341s] Level 5:colcon.colcon_core.verb:set package 'main_control' build argument 'cmake_target' from command line to 'None'
[2.341s] Level 5:colcon.colcon_core.verb:set package 'main_control' build argument 'cmake_target_skip_unavailable' from command line to 'False'
[2.341s] Level 5:colcon.colcon_core.verb:set package 'main_control' build argument 'cmake_clean_cache' from command line to 'False'
[2.341s] Level 5:colcon.colcon_core.verb:set package 'main_control' build argument 'cmake_clean_first' from command line to 'False'
[2.341s] Level 5:colcon.colcon_core.verb:set package 'main_control' build argument 'cmake_force_configure' from command line to 'False'
[2.341s] Level 5:colcon.colcon_core.verb:set package 'main_control' build argument 'ament_cmake_args' from command line to 'None'
[2.341s] Level 5:colcon.colcon_core.verb:set package 'main_control' build argument 'catkin_cmake_args' from command line to 'None'
[2.341s] Level 5:colcon.colcon_core.verb:set package 'main_control' build argument 'catkin_skip_building_tests' from command line to 'False'
[2.341s] DEBUG:colcon.colcon_core.verb:Building package 'main_control' with the following arguments: {'ament_cmake_args': None, 'build_base': '/home/nawako05/finalproject_ws/build/main_control', 'catkin_cmake_args': None, 'catkin_skip_building_tests': False, 'cmake_args': None, 'cmake_clean_cache': False, 'cmake_clean_first': False, 'cmake_force_configure': False, 'cmake_target': None, 'cmake_target_skip_unavailable': False, 'install_base': '/home/nawako05/finalproject_ws/install/main_control', 'merge_install': False, 'path': '/home/nawako05/finalproject_ws/src/main_control', 'symlink_install': True, 'test_result_base': None}
[2.341s] Level 5:colcon.colcon_core.verb:set package 'main_system' build argument 'cmake_args' from command line to 'None'
[2.341s] Level 5:colcon.colcon_core.verb:set package 'main_system' build argument 'cmake_target' from command line to 'None'
[2.341s] Level 5:colcon.colcon_core.verb:set package 'main_system' build argument 'cmake_target_skip_unavailable' from command line to 'False'
[2.341s] Level 5:colcon.colcon_core.verb:set package 'main_system' build argument 'cmake_clean_cache' from command line to 'False'
[2.341s] Level 5:colcon.colcon_core.verb:set package 'main_system' build argument 'cmake_clean_first' from command line to 'False'
[2.341s] Level 5:colcon.colcon_core.verb:set package 'main_system' build argument 'cmake_force_configure' from command line to 'False'
[2.341s] Level 5:colcon.colcon_core.verb:set package 'main_system' build argument 'ament_cmake_args' from command line to 'None'
[2.341s] Level 5:colcon.colcon_core.verb:set package 'main_system' build argument 'catkin_cmake_args' from command line to 'None'
[2.341s] Level 5:colcon.colcon_core.verb:set package 'main_system' build argument 'catkin_skip_building_tests' from command line to 'False'
[2.341s] DEBUG:colcon.colcon_core.verb:Building package 'main_system' with the following arguments: {'ament_cmake_args': None, 'build_base': '/home/nawako05/finalproject_ws/build/main_system', 'catkin_cmake_args': None, 'catkin_skip_building_tests': False, 'cmake_args': None, 'cmake_clean_cache': False, 'cmake_clean_first': False, 'cmake_force_configure': False, 'cmake_target': None, 'cmake_target_skip_unavailable': False, 'install_base': '/home/nawako05/finalproject_ws/install/main_system', 'merge_install': False, 'path': '/home/nawako05/finalproject_ws/src/main_system', 'symlink_install': True, 'test_result_base': None}
[2.342s] Level 5:colcon.colcon_core.verb:set package 'manual_command' build argument 'cmake_args' from command line to 'None'
[2.342s] Level 5:colcon.colcon_core.verb:set package 'manual_command' build argument 'cmake_target' from command line to 'None'
[2.342s] Level 5:colcon.colcon_core.verb:set package 'manual_command' build argument 'cmake_target_skip_unavailable' from command line to 'False'
[2.342s] Level 5:colcon.colcon_core.verb:set package 'manual_command' build argument 'cmake_clean_cache' from command line to 'False'
[2.342s] Level 5:colcon.colcon_core.verb:set package 'manual_command' build argument 'cmake_clean_first' from command line to 'False'
[2.342s] Level 5:colcon.colcon_core.verb:set package 'manual_command' build argument 'cmake_force_configure' from command line to 'False'
[2.342s] Level 5:colcon.colcon_core.verb:set package 'manual_command' build argument 'ament_cmake_args' from command line to 'None'
[2.342s] Level 5:colcon.colcon_core.verb:set package 'manual_command' build argument 'catkin_cmake_args' from command line to 'None'
[2.342s] Level 5:colcon.colcon_core.verb:set package 'manual_command' build argument 'catkin_skip_building_tests' from command line to 'False'
[2.342s] DEBUG:colcon.colcon_core.verb:Building package 'manual_command' with the following arguments: {'ament_cmake_args': None, 'build_base': '/home/nawako05/finalproject_ws/build/manual_command', 'catkin_cmake_args': None, 'catkin_skip_building_tests': False, 'cmake_args': None, 'cmake_clean_cache': False, 'cmake_clean_first': False, 'cmake_force_configure': False, 'cmake_target': None, 'cmake_target_skip_unavailable': False, 'install_base': '/home/nawako05/finalproject_ws/install/manual_command', 'merge_install': False, 'path': '/home/nawako05/finalproject_ws/src/manual_command', 'symlink_install': True, 'test_result_base': None}
[2.342s] Level 5:colcon.colcon_core.verb:set package 'uart' build argument 'cmake_args' from command line to 'None'
[2.342s] Level 5:colcon.colcon_core.verb:set package 'uart' build argument 'cmake_target' from command line to 'None'
[2.342s] Level 5:colcon.colcon_core.verb:set package 'uart' build argument 'cmake_target_skip_unavailable' from command line to 'False'
[2.342s] Level 5:colcon.colcon_core.verb:set package 'uart' build argument 'cmake_clean_cache' from command line to 'False'
[2.342s] Level 5:colcon.colcon_core.verb:set package 'uart' build argument 'cmake_clean_first' from command line to 'False'
[2.342s] Level 5:colcon.colcon_core.verb:set package 'uart' build argument 'cmake_force_configure' from command line to 'False'
[2.342s] Level 5:colcon.colcon_core.verb:set package 'uart' build argument 'ament_cmake_args' from command line to 'None'
[2.343s] Level 5:colcon.colcon_core.verb:set package 'uart' build argument 'catkin_cmake_args' from command line to 'None'
[2.343s] Level 5:colcon.colcon_core.verb:set package 'uart' build argument 'catkin_skip_building_tests' from command line to 'False'
[2.343s] DEBUG:colcon.colcon_core.verb:Building package 'uart' with the following arguments: {'ament_cmake_args': None, 'build_base': '/home/nawako05/finalproject_ws/build/uart', 'catkin_cmake_args': None, 'catkin_skip_building_tests': False, 'cmake_args': None, 'cmake_clean_cache': False, 'cmake_clean_first': False, 'cmake_force_configure': False, 'cmake_target': None, 'cmake_target_skip_unavailable': False, 'install_base': '/home/nawako05/finalproject_ws/install/uart', 'merge_install': False, 'path': '/home/nawako05/finalproject_ws/src/uart', 'symlink_install': True, 'test_result_base': None}
[2.343s] INFO:colcon.colcon_core.executor:Executing jobs using 'parallel' executor
[2.344s] DEBUG:colcon.colcon_parallel_executor.executor.parallel:run_until_complete
[2.344s] INFO:colcon.colcon_ros.task.ament_python.build:Building ROS package in '/home/nawako05/finalproject_ws/src/debugger' with build type 'ament_python'
[2.345s] Level 1:colcon.colcon_core.shell:create_environment_hook('debugger', 'ament_prefix_path')
[2.360s] INFO:colcon.colcon_core.plugin_system:Skipping extension 'colcon_core.shell.bat': Not used on non-Windows systems
[2.360s] INFO:colcon.colcon_core.shell:Creating environment hook '/home/nawako05/finalproject_ws/install/debugger/share/debugger/hook/ament_prefix_path.ps1'
[2.362s] INFO:colcon.colcon_core.shell:Creating environment descriptor '/home/nawako05/finalproject_ws/install/debugger/share/debugger/hook/ament_prefix_path.dsv'
[2.363s] INFO:colcon.colcon_core.shell:Creating environment hook '/home/nawako05/finalproject_ws/install/debugger/share/debugger/hook/ament_prefix_path.sh'
[2.365s] INFO:colcon.colcon_core.shell:Skip shell extension 'powershell' for command environment: Not usable outside of PowerShell
[2.366s] DEBUG:colcon.colcon_core.shell:Skip shell extension 'dsv' for command environment
[2.403s] INFO:colcon.colcon_ros.task.ament_python.build:Building ROS package in '/home/nawako05/finalproject_ws/src/image_processing' with build type 'ament_python'
[2.404s] Level 1:colcon.colcon_core.shell:create_environment_hook('image_processing', 'ament_prefix_path')
[2.404s] INFO:colcon.colcon_core.shell:Creating environment hook '/home/nawako05/finalproject_ws/install/image_processing/share/image_processing/hook/ament_prefix_path.ps1'
[2.405s] INFO:colcon.colcon_core.shell:Creating environment descriptor '/home/nawako05/finalproject_ws/install/image_processing/share/image_processing/hook/ament_prefix_path.dsv'
[2.406s] INFO:colcon.colcon_core.shell:Creating environment hook '/home/nawako05/finalproject_ws/install/image_processing/share/image_processing/hook/ament_prefix_path.sh'
[2.407s] INFO:colcon.colcon_core.shell:Skip shell extension 'powershell' for command environment: Not usable outside of PowerShell
[2.407s] DEBUG:colcon.colcon_core.shell:Skip shell extension 'dsv' for command environment
[2.443s] INFO:colcon.colcon_ros.task.ament_python.build:Building ROS package in '/home/nawako05/finalproject_ws/src/main_control' with build type 'ament_python'
[2.443s] Level 1:colcon.colcon_core.shell:create_environment_hook('main_control', 'ament_prefix_path')
[2.443s] INFO:colcon.colcon_core.shell:Creating environment hook '/home/nawako05/finalproject_ws/install/main_control/share/main_control/hook/ament_prefix_path.ps1'
[2.444s] INFO:colcon.colcon_core.shell:Creating environment descriptor '/home/nawako05/finalproject_ws/install/main_control/share/main_control/hook/ament_prefix_path.dsv'
[2.445s] INFO:colcon.colcon_core.shell:Creating environment hook '/home/nawako05/finalproject_ws/install/main_control/share/main_control/hook/ament_prefix_path.sh'
[2.446s] INFO:colcon.colcon_core.shell:Skip shell extension 'powershell' for command environment: Not usable outside of PowerShell
[2.446s] DEBUG:colcon.colcon_core.shell:Skip shell extension 'dsv' for command environment
[2.481s] INFO:colcon.colcon_ros.task.ament_cmake.build:Building ROS package in '/home/nawako05/finalproject_ws/src/main_system' with build type 'ament_cmake'
[2.481s] INFO:colcon.colcon_cmake.task.cmake.build:Building CMake package in '/home/nawako05/finalproject_ws/src/main_system'
[2.482s] INFO:colcon.colcon_core.shell:Skip shell extension 'powershell' for command environment: Not usable outside of PowerShell
[2.482s] DEBUG:colcon.colcon_core.shell:Skip shell extension 'dsv' for command environment
[3.318s] INFO:colcon.colcon_core.task.python.build:Building Python package in '/home/nawako05/finalproject_ws/src/debugger'
[3.318s] INFO:colcon.colcon_core.shell:Skip shell extension 'powershell' for command environment: Not usable outside of PowerShell
[3.318s] DEBUG:colcon.colcon_core.shell:Skip shell extension 'dsv' for command environment
[4.133s] INFO:colcon.colcon_core.task.python.build:Building Python package in '/home/nawako05/finalproject_ws/src/image_processing'
[4.133s] INFO:colcon.colcon_core.shell:Skip shell extension 'powershell' for command environment: Not usable outside of PowerShell
[4.133s] DEBUG:colcon.colcon_core.shell:Skip shell extension 'dsv' for command environment
[4.943s] INFO:colcon.colcon_core.task.python.build:Building Python package in '/home/nawako05/finalproject_ws/src/main_control'
[4.944s] INFO:colcon.colcon_core.shell:Skip shell extension 'powershell' for command environment: Not usable outside of PowerShell
[4.944s] DEBUG:colcon.colcon_core.shell:Skip shell extension 'dsv' for command environment
[4.991s] DEBUG:colcon.colcon_core.event_handler.log_command:Invoking command in '/home/nawako05/finalproject_ws/build/main_system': CMAKE_PREFIX_PATH=${CMAKE_PREFIX_PATH}:/home/nawako05/finalproject_ws/install/uart:/home/nawako05/finalproject_ws/install/manual_command:/home/nawako05/finalproject_ws/install/main_control:/home/nawako05/finalproject_ws/install/image_processing:/home/nawako05/finalproject_ws/install/debugger:/opt/ros/jazzy:/home/nawako05/ros2_jazzy/install/rqt_bag_plugins:/home/nawako05/ros2_jazzy/install/launch_testing_examples:/home/nawako05/ros2_jazzy/install/ros2bag:/home/nawako05/ros2_jazzy/install/rqt_bag:/home/nawako05/ros2_jazzy/install/rosbag2_examples_py:/home/nawako05/ros2_jazzy/install/tracetools_test:/home/nawako05/ros2_jazzy/install/tracetools_launch:/home/nawako05/ros2_jazzy/install/topic_monitor:/home/nawako05/ros2_jazzy/install/tf2_tools:/home/nawako05/ros2_jazzy/install/examples_tf2_py:/home/nawako05/ros2_jazzy/install/tf2_ros_py:/home/nawako05/ros2_jazzy/install/examples_rclpy_pointcloud_publisher:/home/nawako05/ros2_jazzy/install/sensor_msgs_py:/home/nawako05/ros2_jazzy/install/quality_of_service_demo_py:/home/nawako05/ros2_jazzy/install/camera_info_manager_py:/home/nawako05/ros2_jazzy/install/rqt_plot:/home/nawako05/ros2_jazzy/install/ros2doctor:/home/nawako05/ros2_jazzy/install/lifecycle_py:/home/nawako05/ros2_jazzy/install/examples_rclpy_minimal_subscriber:/home/nawako05/ros2_jazzy/install/examples_rclpy_minimal_service:/home/nawako05/ros2_jazzy/install/examples_rclpy_minimal_publisher:/home/nawako05/ros2_jazzy/install/examples_rclpy_minimal_client:/home/nawako05/ros2_jazzy/install/examples_rclpy_executors:/home/nawako05/ros2_jazzy/install/demo_nodes_py:/home/nawako05/ros2_jazzy/install/rqt:/home/nawako05/ros2_jazzy/install/ros2component:/home/nawako05/ros2_jazzy/install/sros2:/home/nawako05/ros2_jazzy/install/rqt_topic:/home/nawako05/ros2_jazzy/install/rqt_srv:/home/nawako05/ros2_jazzy/install/rqt_shell:/home/nawako05/ros2_jazzy/install/rqt_service_caller:/home/nawako05/ros2_jazzy/install/rqt_reconfigure:/home/nawako05/ros2_jazzy/install/rqt_py_console:/home/nawako05/ros2_jazzy/install/rqt_publisher:/home/nawako05/ros2_jazzy/install/rqt_action:/home/nawako05/ros2_jazzy/install/rqt_msg:/home/nawako05/ros2_jazzy/install/rqt_console:/home/nawako05/ros2_jazzy/install/rqt_graph:/home/nawako05/ros2_jazzy/install/rqt_gui_py:/home/nawako05/ros2_jazzy/install/rqt_gui:/home/nawako05/ros2_jazzy/install/ros2trace:/home/nawako05/ros2_jazzy/install/ros2param:/home/nawako05/ros2_jazzy/install/ros2lifecycle:/home/nawako05/ros2_jazzy/install/ros2service:/home/nawako05/ros2_jazzy/install/ros2topic:/home/nawako05/ros2_jazzy/install/ros2test:/home/nawako05/ros2_jazzy/install/ros2run:/home/nawako05/ros2_jazzy/install/ros2plugin:/home/nawako05/ros2_jazzy/install/ros2launch:/home/nawako05/ros2_jazzy/install/ros2pkg:/home/nawako05/ros2_jazzy/install/ros2node:/home/nawako05/ros2_jazzy/install/ros2multicast:/home/nawako05/ros2_jazzy/install/ros2interface:/home/nawako05/ros2_jazzy/install/ros2action:/home/nawako05/ros2_jazzy/install/ros2cli:/home/nawako05/ros2_jazzy/install/launch_testing_ros:/home/nawako05/ros2_jazzy/install/launch_ros:/home/nawako05/ros2_jazzy/install/examples_rclpy_minimal_action_server:/home/nawako05/ros2_jazzy/install/examples_rclpy_minimal_action_client:/home/nawako05/ros2_jazzy/install/examples_rclpy_guard_conditions:/home/nawako05/ros2_jazzy/install/action_tutorials_py:/home/nawako05/ros2_jazzy/install/ament_uncrustify:/home/nawako05/ros2_jazzy/install/tracetools_trace:/home/nawako05/ros2_jazzy/install/tracetools_read:/home/nawako05/ros2_jazzy/install/test_tracetools_launch:/home/nawako05/ros2_jazzy/install/test_ros2trace:/home/nawako05/ros2_jazzy/install/test_launch_ros:/home/nawako05/ros2_jazzy/install/rpyutils:/home/nawako05/ros2_jazzy/install/rosidl_runtime_py:/home/nawako05/ros2_jazzy/install/rosidl_pycommon:/home/nawako05/ros2_jazzy/install/rosidl_cli:/home/nawako05/ros2_jazzy/install/launch_pytest:/home/nawako05/ros2_jazzy/install/launch_testing:/home/nawako05/ros2_jazzy/install/launch_yaml:/home/nawako05/ros2_jazzy/install/launch_xml:/home/nawako05/ros2_jazzy/install/launch:/home/nawako05/ros2_jazzy/install/osrf_pycommon:/home/nawako05/ros2_jazzy/install/domain_coordinator:/home/nawako05/ros2_jazzy/install/ament_xmllint:/home/nawako05/ros2_jazzy/install/ament_pyflakes:/home/nawako05/ros2_jazzy/install/ament_pycodestyle:/home/nawako05/ros2_jazzy/install/ament_pep257:/home/nawako05/ros2_jazzy/install/ament_pclint:/home/nawako05/ros2_jazzy/install/ament_package:/home/nawako05/ros2_jazzy/install/ament_mypy:/home/nawako05/ros2_jazzy/install/ament_lint_cmake:/home/nawako05/ros2_jazzy/install/ament_flake8:/home/nawako05/ros2_jazzy/install/ament_copyright:/home/nawako05/ros2_jazzy/install/ament_lint:/home/nawako05/ros2_jazzy/install/ament_index_python:/home/nawako05/ros2_jazzy/install/ament_cpplint:/home/nawako05/ros2_jazzy/install/ament_cppcheck:/home/nawako05/ros2_jazzy/install/ament_clang_tidy:/home/nawako05/ros2_jazzy/install/ament_clang_format /usr/bin/cmake --build /home/nawako05/finalproject_ws/build/main_system -- -j4 -l4
[5.528s] DEBUG:colcon.colcon_core.event_handler.log_command:Invoked command in '/home/nawako05/finalproject_ws/build/main_system' returned '0': CMAKE_PREFIX_PATH=${CMAKE_PREFIX_PATH}:/home/nawako05/finalproject_ws/install/uart:/home/nawako05/finalproject_ws/install/manual_command:/home/nawako05/finalproject_ws/install/main_control:/home/nawako05/finalproject_ws/install/image_processing:/home/nawako05/finalproject_ws/install/debugger:/opt/ros/jazzy:/home/nawako05/ros2_jazzy/install/rqt_bag_plugins:/home/nawako05/ros2_jazzy/install/launch_testing_examples:/home/nawako05/ros2_jazzy/install/ros2bag:/home/nawako05/ros2_jazzy/install/rqt_bag:/home/nawako05/ros2_jazzy/install/rosbag2_examples_py:/home/nawako05/ros2_jazzy/install/tracetools_test:/home/nawako05/ros2_jazzy/install/tracetools_launch:/home/nawako05/ros2_jazzy/install/topic_monitor:/home/nawako05/ros2_jazzy/install/tf2_tools:/home/nawako05/ros2_jazzy/install/examples_tf2_py:/home/nawako05/ros2_jazzy/install/tf2_ros_py:/home/nawako05/ros2_jazzy/install/examples_rclpy_pointcloud_publisher:/home/nawako05/ros2_jazzy/install/sensor_msgs_py:/home/nawako05/ros2_jazzy/install/quality_of_service_demo_py:/home/nawako05/ros2_jazzy/install/camera_info_manager_py:/home/nawako05/ros2_jazzy/install/rqt_plot:/home/nawako05/ros2_jazzy/install/ros2doctor:/home/nawako05/ros2_jazzy/install/lifecycle_py:/home/nawako05/ros2_jazzy/install/examples_rclpy_minimal_subscriber:/home/nawako05/ros2_jazzy/install/examples_rclpy_minimal_service:/home/nawako05/ros2_jazzy/install/examples_rclpy_minimal_publisher:/home/nawako05/ros2_jazzy/install/examples_rclpy_minimal_client:/home/nawako05/ros2_jazzy/install/examples_rclpy_executors:/home/nawako05/ros2_jazzy/install/demo_nodes_py:/home/nawako05/ros2_jazzy/install/rqt:/home/nawako05/ros2_jazzy/install/ros2component:/home/nawako05/ros2_jazzy/install/sros2:/home/nawako05/ros2_jazzy/install/rqt_topic:/home/nawako05/ros2_jazzy/install/rqt_srv:/home/nawako05/ros2_jazzy/install/rqt_shell:/home/nawako05/ros2_jazzy/install/rqt_service_caller:/home/nawako05/ros2_jazzy/install/rqt_reconfigure:/home/nawako05/ros2_jazzy/install/rqt_py_console:/home/nawako05/ros2_jazzy/install/rqt_publisher:/home/nawako05/ros2_jazzy/install/rqt_action:/home/nawako05/ros2_jazzy/install/rqt_msg:/home/nawako05/ros2_jazzy/install/rqt_console:/home/nawako05/ros2_jazzy/install/rqt_graph:/home/nawako05/ros2_jazzy/install/rqt_gui_py:/home/nawako05/ros2_jazzy/install/rqt_gui:/home/nawako05/ros2_jazzy/install/ros2trace:/home/nawako05/ros2_jazzy/install/ros2param:/home/nawako05/ros2_jazzy/install/ros2lifecycle:/home/nawako05/ros2_jazzy/install/ros2service:/home/nawako05/ros2_jazzy/install/ros2topic:/home/nawako05/ros2_jazzy/install/ros2test:/home/nawako05/ros2_jazzy/install/ros2run:/home/nawako05/ros2_jazzy/install/ros2plugin:/home/nawako05/ros2_jazzy/install/ros2launch:/home/nawako05/ros2_jazzy/install/ros2pkg:/home/nawako05/ros2_jazzy/install/ros2node:/home/nawako05/ros2_jazzy/install/ros2multicast:/home/nawako05/ros2_jazzy/install/ros2interface:/home/nawako05/ros2_jazzy/install/ros2action:/home/nawako05/ros2_jazzy/install/ros2cli:/home/nawako05/ros2_jazzy/install/launch_testing_ros:/home/nawako05/ros2_jazzy/install/launch_ros:/home/nawako05/ros2_jazzy/install/examples_rclpy_minimal_action_server:/home/nawako05/ros2_jazzy/install/examples_rclpy_minimal_action_client:/home/nawako05/ros2_jazzy/install/examples_rclpy_guard_conditions:/home/nawako05/ros2_jazzy/install/action_tutorials_py:/home/nawako05/ros2_jazzy/install/ament_uncrustify:/home/nawako05/ros2_jazzy/install/tracetools_trace:/home/nawako05/ros2_jazzy/install/tracetools_read:/home/nawako05/ros2_jazzy/install/test_tracetools_launch:/home/nawako05/ros2_jazzy/install/test_ros2trace:/home/nawako05/ros2_jazzy/install/test_launch_ros:/home/nawako05/ros2_jazzy/install/rpyutils:/home/nawako05/ros2_jazzy/install/rosidl_runtime_py:/home/nawako05/ros2_jazzy/install/rosidl_pycommon:/home/nawako05/ros2_jazzy/install/rosidl_cli:/home/nawako05/ros2_jazzy/install/launch_pytest:/home/nawako05/ros2_jazzy/install/launch_testing:/home/nawako05/ros2_jazzy/install/launch_yaml:/home/nawako05/ros2_jazzy/install/launch_xml:/home/nawako05/ros2_jazzy/install/launch:/home/nawako05/ros2_jazzy/install/osrf_pycommon:/home/nawako05/ros2_jazzy/install/domain_coordinator:/home/nawako05/ros2_jazzy/install/ament_xmllint:/home/nawako05/ros2_jazzy/install/ament_pyflakes:/home/nawako05/ros2_jazzy/install/ament_pycodestyle:/home/nawako05/ros2_jazzy/install/ament_pep257:/home/nawako05/ros2_jazzy/install/ament_pclint:/home/nawako05/ros2_jazzy/install/ament_package:/home/nawako05/ros2_jazzy/install/ament_mypy:/home/nawako05/ros2_jazzy/install/ament_lint_cmake:/home/nawako05/ros2_jazzy/install/ament_flake8:/home/nawako05/ros2_jazzy/install/ament_copyright:/home/nawako05/ros2_jazzy/install/ament_lint:/home/nawako05/ros2_jazzy/install/ament_index_python:/home/nawako05/ros2_jazzy/install/ament_cpplint:/home/nawako05/ros2_jazzy/install/ament_cppcheck:/home/nawako05/ros2_jazzy/install/ament_clang_tidy:/home/nawako05/ros2_jazzy/install/ament_clang_format /usr/bin/cmake --build /home/nawako05/finalproject_ws/build/main_system -- -j4 -l4
[5.603s] DEBUG:colcon.colcon_core.event_handler.log_command:Invoking command in '/home/nawako05/finalproject_ws/build/main_system': CMAKE_PREFIX_PATH=${CMAKE_PREFIX_PATH}:/home/nawako05/finalproject_ws/install/uart:/home/nawako05/finalproject_ws/install/manual_command:/home/nawako05/finalproject_ws/install/main_control:/home/nawako05/finalproject_ws/install/image_processing:/home/nawako05/finalproject_ws/install/debugger:/opt/ros/jazzy:/home/nawako05/ros2_jazzy/install/rqt_bag_plugins:/home/nawako05/ros2_jazzy/install/launch_testing_examples:/home/nawako05/ros2_jazzy/install/ros2bag:/home/nawako05/ros2_jazzy/install/rqt_bag:/home/nawako05/ros2_jazzy/install/rosbag2_examples_py:/home/nawako05/ros2_jazzy/install/tracetools_test:/home/nawako05/ros2_jazzy/install/tracetools_launch:/home/nawako05/ros2_jazzy/install/topic_monitor:/home/nawako05/ros2_jazzy/install/tf2_tools:/home/nawako05/ros2_jazzy/install/examples_tf2_py:/home/nawako05/ros2_jazzy/install/tf2_ros_py:/home/nawako05/ros2_jazzy/install/examples_rclpy_pointcloud_publisher:/home/nawako05/ros2_jazzy/install/sensor_msgs_py:/home/nawako05/ros2_jazzy/install/quality_of_service_demo_py:/home/nawako05/ros2_jazzy/install/camera_info_manager_py:/home/nawako05/ros2_jazzy/install/rqt_plot:/home/nawako05/ros2_jazzy/install/ros2doctor:/home/nawako05/ros2_jazzy/install/lifecycle_py:/home/nawako05/ros2_jazzy/install/examples_rclpy_minimal_subscriber:/home/nawako05/ros2_jazzy/install/examples_rclpy_minimal_service:/home/nawako05/ros2_jazzy/install/examples_rclpy_minimal_publisher:/home/nawako05/ros2_jazzy/install/examples_rclpy_minimal_client:/home/nawako05/ros2_jazzy/install/examples_rclpy_executors:/home/nawako05/ros2_jazzy/install/demo_nodes_py:/home/nawako05/ros2_jazzy/install/rqt:/home/nawako05/ros2_jazzy/install/ros2component:/home/nawako05/ros2_jazzy/install/sros2:/home/nawako05/ros2_jazzy/install/rqt_topic:/home/nawako05/ros2_jazzy/install/rqt_srv:/home/nawako05/ros2_jazzy/install/rqt_shell:/home/nawako05/ros2_jazzy/install/rqt_service_caller:/home/nawako05/ros2_jazzy/install/rqt_reconfigure:/home/nawako05/ros2_jazzy/install/rqt_py_console:/home/nawako05/ros2_jazzy/install/rqt_publisher:/home/nawako05/ros2_jazzy/install/rqt_action:/home/nawako05/ros2_jazzy/install/rqt_msg:/home/nawako05/ros2_jazzy/install/rqt_console:/home/nawako05/ros2_jazzy/install/rqt_graph:/home/nawako05/ros2_jazzy/install/rqt_gui_py:/home/nawako05/ros2_jazzy/install/rqt_gui:/home/nawako05/ros2_jazzy/install/ros2trace:/home/nawako05/ros2_jazzy/install/ros2param:/home/nawako05/ros2_jazzy/install/ros2lifecycle:/home/nawako05/ros2_jazzy/install/ros2service:/home/nawako05/ros2_jazzy/install/ros2topic:/home/nawako05/ros2_jazzy/install/ros2test:/home/nawako05/ros2_jazzy/install/ros2run:/home/nawako05/ros2_jazzy/install/ros2plugin:/home/nawako05/ros2_jazzy/install/ros2launch:/home/nawako05/ros2_jazzy/install/ros2pkg:/home/nawako05/ros2_jazzy/install/ros2node:/home/nawako05/ros2_jazzy/install/ros2multicast:/home/nawako05/ros2_jazzy/install/ros2interface:/home/nawako05/ros2_jazzy/install/ros2action:/home/nawako05/ros2_jazzy/install/ros2cli:/home/nawako05/ros2_jazzy/install/launch_testing_ros:/home/nawako05/ros2_jazzy/install/launch_ros:/home/nawako05/ros2_jazzy/install/examples_rclpy_minimal_action_server:/home/nawako05/ros2_jazzy/install/examples_rclpy_minimal_action_client:/home/nawako05/ros2_jazzy/install/examples_rclpy_guard_conditions:/home/nawako05/ros2_jazzy/install/action_tutorials_py:/home/nawako05/ros2_jazzy/install/ament_uncrustify:/home/nawako05/ros2_jazzy/install/tracetools_trace:/home/nawako05/ros2_jazzy/install/tracetools_read:/home/nawako05/ros2_jazzy/install/test_tracetools_launch:/home/nawako05/ros2_jazzy/install/test_ros2trace:/home/nawako05/ros2_jazzy/install/test_launch_ros:/home/nawako05/ros2_jazzy/install/rpyutils:/home/nawako05/ros2_jazzy/install/rosidl_runtime_py:/home/nawako05/ros2_jazzy/install/rosidl_pycommon:/home/nawako05/ros2_jazzy/install/rosidl_cli:/home/nawako05/ros2_jazzy/install/launch_pytest:/home/nawako05/ros2_jazzy/install/launch_testing:/home/nawako05/ros2_jazzy/install/launch_yaml:/home/nawako05/ros2_jazzy/install/launch_xml:/home/nawako05/ros2_jazzy/install/launch:/home/nawako05/ros2_jazzy/install/osrf_pycommon:/home/nawako05/ros2_jazzy/install/domain_coordinator:/home/nawako05/ros2_jazzy/install/ament_xmllint:/home/nawako05/ros2_jazzy/install/ament_pyflakes:/home/nawako05/ros2_jazzy/install/ament_pycodestyle:/home/nawako05/ros2_jazzy/install/ament_pep257:/home/nawako05/ros2_jazzy/install/ament_pclint:/home/nawako05/ros2_jazzy/install/ament_package:/home/nawako05/ros2_jazzy/install/ament_mypy:/home/nawako05/ros2_jazzy/install/ament_lint_cmake:/home/nawako05/ros2_jazzy/install/ament_flake8:/home/nawako05/ros2_jazzy/install/ament_copyright:/home/nawako05/ros2_jazzy/install/ament_lint:/home/nawako05/ros2_jazzy/install/ament_index_python:/home/nawako05/ros2_jazzy/install/ament_cpplint:/home/nawako05/ros2_jazzy/install/ament_cppcheck:/home/nawako05/ros2_jazzy/install/ament_clang_tidy:/home/nawako05/ros2_jazzy/install/ament_clang_format /usr/bin/cmake --install /home/nawako05/finalproject_ws/build/main_system
[5.809s] Level 1:colcon.colcon_core.environment:create_environment_scripts_only(main_system)
[5.812s] DEBUG:colcon.colcon_core.event_handler.log_command:Invoked command in '/home/nawako05/finalproject_ws/build/main_system' returned '0': CMAKE_PREFIX_PATH=${CMAKE_PREFIX_PATH}:/home/nawako05/finalproject_ws/install/uart:/home/nawako05/finalproject_ws/install/manual_command:/home/nawako05/finalproject_ws/install/main_control:/home/nawako05/finalproject_ws/install/image_processing:/home/nawako05/finalproject_ws/install/debugger:/opt/ros/jazzy:/home/nawako05/ros2_jazzy/install/rqt_bag_plugins:/home/nawako05/ros2_jazzy/install/launch_testing_examples:/home/nawako05/ros2_jazzy/install/ros2bag:/home/nawako05/ros2_jazzy/install/rqt_bag:/home/nawako05/ros2_jazzy/install/rosbag2_examples_py:/home/nawako05/ros2_jazzy/install/tracetools_test:/home/nawako05/ros2_jazzy/install/tracetools_launch:/home/nawako05/ros2_jazzy/install/topic_monitor:/home/nawako05/ros2_jazzy/install/tf2_tools:/home/nawako05/ros2_jazzy/install/examples_tf2_py:/home/nawako05/ros2_jazzy/install/tf2_ros_py:/home/nawako05/ros2_jazzy/install/examples_rclpy_pointcloud_publisher:/home/nawako05/ros2_jazzy/install/sensor_msgs_py:/home/nawako05/ros2_jazzy/install/quality_of_service_demo_py:/home/nawako05/ros2_jazzy/install/camera_info_manager_py:/home/nawako05/ros2_jazzy/install/rqt_plot:/home/nawako05/ros2_jazzy/install/ros2doctor:/home/nawako05/ros2_jazzy/install/lifecycle_py:/home/nawako05/ros2_jazzy/install/examples_rclpy_minimal_subscriber:/home/nawako05/ros2_jazzy/install/examples_rclpy_minimal_service:/home/nawako05/ros2_jazzy/install/examples_rclpy_minimal_publisher:/home/nawako05/ros2_jazzy/install/examples_rclpy_minimal_client:/home/nawako05/ros2_jazzy/install/examples_rclpy_executors:/home/nawako05/ros2_jazzy/install/demo_nodes_py:/home/nawako05/ros2_jazzy/install/rqt:/home/nawako05/ros2_jazzy/install/ros2component:/home/nawako05/ros2_jazzy/install/sros2:/home/nawako05/ros2_jazzy/install/rqt_topic:/home/nawako05/ros2_jazzy/install/rqt_srv:/home/nawako05/ros2_jazzy/install/rqt_shell:/home/nawako05/ros2_jazzy/install/rqt_service_caller:/home/nawako05/ros2_jazzy/install/rqt_reconfigure:/home/nawako05/ros2_jazzy/install/rqt_py_console:/home/nawako05/ros2_jazzy/install/rqt_publisher:/home/nawako05/ros2_jazzy/install/rqt_action:/home/nawako05/ros2_jazzy/install/rqt_msg:/home/nawako05/ros2_jazzy/install/rqt_console:/home/nawako05/ros2_jazzy/install/rqt_graph:/home/nawako05/ros2_jazzy/install/rqt_gui_py:/home/nawako05/ros2_jazzy/install/rqt_gui:/home/nawako05/ros2_jazzy/install/ros2trace:/home/nawako05/ros2_jazzy/install/ros2param:/home/nawako05/ros2_jazzy/install/ros2lifecycle:/home/nawako05/ros2_jazzy/install/ros2service:/home/nawako05/ros2_jazzy/install/ros2topic:/home/nawako05/ros2_jazzy/install/ros2test:/home/nawako05/ros2_jazzy/install/ros2run:/home/nawako05/ros2_jazzy/install/ros2plugin:/home/nawako05/ros2_jazzy/install/ros2launch:/home/nawako05/ros2_jazzy/install/ros2pkg:/home/nawako05/ros2_jazzy/install/ros2node:/home/nawako05/ros2_jazzy/install/ros2multicast:/home/nawako05/ros2_jazzy/install/ros2interface:/home/nawako05/ros2_jazzy/install/ros2action:/home/nawako05/ros2_jazzy/install/ros2cli:/home/nawako05/ros2_jazzy/install/launch_testing_ros:/home/nawako05/ros2_jazzy/install/launch_ros:/home/nawako05/ros2_jazzy/install/examples_rclpy_minimal_action_server:/home/nawako05/ros2_jazzy/install/examples_rclpy_minimal_action_client:/home/nawako05/ros2_jazzy/install/examples_rclpy_guard_conditions:/home/nawako05/ros2_jazzy/install/action_tutorials_py:/home/nawako05/ros2_jazzy/install/ament_uncrustify:/home/nawako05/ros2_jazzy/install/tracetools_trace:/home/nawako05/ros2_jazzy/install/tracetools_read:/home/nawako05/ros2_jazzy/install/test_tracetools_launch:/home/nawako05/ros2_jazzy/install/test_ros2trace:/home/nawako05/ros2_jazzy/install/test_launch_ros:/home/nawako05/ros2_jazzy/install/rpyutils:/home/nawako05/ros2_jazzy/install/rosidl_runtime_py:/home/nawako05/ros2_jazzy/install/rosidl_pycommon:/home/nawako05/ros2_jazzy/install/rosidl_cli:/home/nawako05/ros2_jazzy/install/launch_pytest:/home/nawako05/ros2_jazzy/install/launch_testing:/home/nawako05/ros2_jazzy/install/launch_yaml:/home/nawako05/ros2_jazzy/install/launch_xml:/home/nawako05/ros2_jazzy/install/launch:/home/nawako05/ros2_jazzy/install/osrf_pycommon:/home/nawako05/ros2_jazzy/install/domain_coordinator:/home/nawako05/ros2_jazzy/install/ament_xmllint:/home/nawako05/ros2_jazzy/install/ament_pyflakes:/home/nawako05/ros2_jazzy/install/ament_pycodestyle:/home/nawako05/ros2_jazzy/install/ament_pep257:/home/nawako05/ros2_jazzy/install/ament_pclint:/home/nawako05/ros2_jazzy/install/ament_package:/home/nawako05/ros2_jazzy/install/ament_mypy:/home/nawako05/ros2_jazzy/install/ament_lint_cmake:/home/nawako05/ros2_jazzy/install/ament_flake8:/home/nawako05/ros2_jazzy/install/ament_copyright:/home/nawako05/ros2_jazzy/install/ament_lint:/home/nawako05/ros2_jazzy/install/ament_index_python:/home/nawako05/ros2_jazzy/install/ament_cpplint:/home/nawako05/ros2_jazzy/install/ament_cppcheck:/home/nawako05/ros2_jazzy/install/ament_clang_tidy:/home/nawako05/ros2_jazzy/install/ament_clang_format /usr/bin/cmake --install /home/nawako05/finalproject_ws/build/main_system
[5.840s] Level 1:colcon.colcon_core.environment:checking '/home/nawako05/finalproject_ws/install/main_system' for CMake module files
[5.842s] Level 1:colcon.colcon_core.environment:checking '/home/nawako05/finalproject_ws/install/main_system' for CMake config files
[5.844s] Level 1:colcon.colcon_core.shell:create_environment_hook('main_system', 'cmake_prefix_path')
[5.845s] INFO:colcon.colcon_core.shell:Creating environment hook '/home/nawako05/finalproject_ws/install/main_system/share/main_system/hook/cmake_prefix_path.ps1'
[5.847s] INFO:colcon.colcon_core.shell:Creating environment descriptor '/home/nawako05/finalproject_ws/install/main_system/share/main_system/hook/cmake_prefix_path.dsv'
[5.849s] INFO:colcon.colcon_core.shell:Creating environment hook '/home/nawako05/finalproject_ws/install/main_system/share/main_system/hook/cmake_prefix_path.sh'
[5.852s] Level 1:colcon.colcon_core.environment:checking '/home/nawako05/finalproject_ws/install/main_system/bin'
[5.853s] Level 1:colcon.colcon_core.environment:checking '/home/nawako05/finalproject_ws/install/main_system/lib/pkgconfig/main_system.pc'
[5.854s] Level 1:colcon.colcon_core.environment:checking '/home/nawako05/finalproject_ws/install/main_system/lib/python3.12/site-packages'
[5.855s] Level 1:colcon.colcon_core.environment:checking '/home/nawako05/finalproject_ws/install/main_system/bin'
[5.856s] INFO:colcon.colcon_core.shell:Creating package script '/home/nawako05/finalproject_ws/install/main_system/share/main_system/package.ps1'
[5.858s] INFO:colcon.colcon_core.shell:Creating package descriptor '/home/nawako05/finalproject_ws/install/main_system/share/main_system/package.dsv'
[5.860s] INFO:colcon.colcon_core.shell:Creating package script '/home/nawako05/finalproject_ws/install/main_system/share/main_system/package.sh'
[5.862s] INFO:colcon.colcon_core.shell:Creating package script '/home/nawako05/finalproject_ws/install/main_system/share/main_system/package.bash'
[5.867s] INFO:colcon.colcon_core.shell:Creating package script '/home/nawako05/finalproject_ws/install/main_system/share/main_system/package.zsh'
[5.869s] Level 1:colcon.colcon_core.environment:create_file_with_runtime_dependencies(/home/nawako05/finalproject_ws/install/main_system/share/colcon-core/packages/main_system)
[5.870s] Level 1:colcon.colcon_core.environment:create_environment_scripts_only(main_system)
[5.871s] Level 1:colcon.colcon_core.environment:checking '/home/nawako05/finalproject_ws/install/main_system' for CMake module files
[5.871s] Level 1:colcon.colcon_core.environment:checking '/home/nawako05/finalproject_ws/install/main_system' for CMake config files
[5.872s] Level 1:colcon.colcon_core.shell:create_environment_hook('main_system', 'cmake_prefix_path')
[5.873s] INFO:colcon.colcon_core.shell:Creating environment hook '/home/nawako05/finalproject_ws/install/main_system/share/main_system/hook/cmake_prefix_path.ps1'
[5.874s] INFO:colcon.colcon_core.shell:Creating environment descriptor '/home/nawako05/finalproject_ws/install/main_system/share/main_system/hook/cmake_prefix_path.dsv'
[5.875s] INFO:colcon.colcon_core.shell:Creating environment hook '/home/nawako05/finalproject_ws/install/main_system/share/main_system/hook/cmake_prefix_path.sh'
[5.876s] Level 1:colcon.colcon_core.environment:checking '/home/nawako05/finalproject_ws/install/main_system/bin'
[5.876s] Level 1:colcon.colcon_core.environment:checking '/home/nawako05/finalproject_ws/install/main_system/lib/pkgconfig/main_system.pc'
[5.877s] Level 1:colcon.colcon_core.environment:checking '/home/nawako05/finalproject_ws/install/main_system/lib/python3.12/site-packages'
[5.877s] Level 1:colcon.colcon_core.environment:checking '/home/nawako05/finalproject_ws/install/main_system/bin'
[5.878s] INFO:colcon.colcon_core.shell:Creating package script '/home/nawako05/finalproject_ws/install/main_system/share/main_system/package.ps1'
[5.879s] INFO:colcon.colcon_core.shell:Creating package descriptor '/home/nawako05/finalproject_ws/install/main_system/share/main_system/package.dsv'
[5.880s] INFO:colcon.colcon_core.shell:Creating package script '/home/nawako05/finalproject_ws/install/main_system/share/main_system/package.sh'
[5.881s] INFO:colcon.colcon_core.shell:Creating package script '/home/nawako05/finalproject_ws/install/main_system/share/main_system/package.bash'
[5.882s] INFO:colcon.colcon_core.shell:Creating package script '/home/nawako05/finalproject_ws/install/main_system/share/main_system/package.zsh'
[5.883s] Level 1:colcon.colcon_core.environment:create_file_with_runtime_dependencies(/home/nawako05/finalproject_ws/install/main_system/share/colcon-core/packages/main_system)
[5.884s] INFO:colcon.colcon_ros.task.ament_python.build:Building ROS package in '/home/nawako05/finalproject_ws/src/manual_command' with build type 'ament_python'
[5.885s] Level 1:colcon.colcon_core.shell:create_environment_hook('manual_command', 'ament_prefix_path')
[5.886s] INFO:colcon.colcon_core.shell:Creating environment hook '/home/nawako05/finalproject_ws/install/manual_command/share/manual_command/hook/ament_prefix_path.ps1'
[5.888s] INFO:colcon.colcon_core.shell:Creating environment descriptor '/home/nawako05/finalproject_ws/install/manual_command/share/manual_command/hook/ament_prefix_path.dsv'
[5.888s] INFO:colcon.colcon_core.shell:Creating environment hook '/home/nawako05/finalproject_ws/install/manual_command/share/manual_command/hook/ament_prefix_path.sh'
[5.890s] INFO:colcon.colcon_core.shell:Skip shell extension 'powershell' for command environment: Not usable outside of PowerShell
[5.890s] DEBUG:colcon.colcon_core.shell:Skip shell extension 'dsv' for command environment
[7.162s] INFO:colcon.colcon_core.task.python.build:Building Python package in '/home/nawako05/finalproject_ws/src/manual_command'
[7.163s] INFO:colcon.colcon_core.shell:Skip shell extension 'powershell' for command environment: Not usable outside of PowerShell
[7.163s] DEBUG:colcon.colcon_core.shell:Skip shell extension 'dsv' for command environment
[8.987s] DEBUG:colcon.colcon_core.event_handler.log_command:Invoking command in '/home/nawako05/finalproject_ws/build/image_processing': PYTHONPATH=/home/nawako05/finalproject_ws/build/image_processing/prefix_override:/usr/lib/python3/dist-packages/colcon_core/task/python/colcon_distutils_commands:/home/nawako05/finalproject_ws/install/image_processing/lib/python3.12/site-packages:${PYTHONPATH} /usr/bin/python3 -W ignore:setup.py install is deprecated -W ignore:easy_install command is deprecated setup.py develop --editable --build-directory /home/nawako05/finalproject_ws/build/image_processing/build --no-deps symlink_data
[9.002s] DEBUG:colcon.colcon_core.event_handler.log_command:Invoking command in '/home/nawako05/finalproject_ws/build/main_control': PYTHONPATH=/home/nawako05/finalproject_ws/build/main_control/prefix_override:/usr/lib/python3/dist-packages/colcon_core/task/python/colcon_distutils_commands:/home/nawako05/finalproject_ws/install/main_control/lib/python3.12/site-packages:${PYTHONPATH} /usr/bin/python3 -W ignore:setup.py install is deprecated -W ignore:easy_install command is deprecated setup.py develop --editable --build-directory /home/nawako05/finalproject_ws/build/main_control/build --no-deps symlink_data
[9.011s] DEBUG:colcon.colcon_core.event_handler.log_command:Invoking command in '/home/nawako05/finalproject_ws/build/debugger': PYTHONPATH=/home/nawako05/finalproject_ws/build/debugger/prefix_override:/usr/lib/python3/dist-packages/colcon_core/task/python/colcon_distutils_commands:/home/nawako05/finalproject_ws/install/debugger/lib/python3.12/site-packages:${PYTHONPATH} /usr/bin/python3 -W ignore:setup.py install is deprecated -W ignore:easy_install command is deprecated setup.py develop --editable --build-directory /home/nawako05/finalproject_ws/build/debugger/build --no-deps symlink_data
[10.506s] DEBUG:colcon.colcon_core.event_handler.log_command:Invoking command in '/home/nawako05/finalproject_ws/build/manual_command': PYTHONPATH=/home/nawako05/finalproject_ws/build/manual_command/prefix_override:/usr/lib/python3/dist-packages/colcon_core/task/python/colcon_distutils_commands:/home/nawako05/finalproject_ws/install/manual_command/lib/python3.12/site-packages:${PYTHONPATH} /usr/bin/python3 -W ignore:setup.py install is deprecated -W ignore:easy_install command is deprecated setup.py develop --editable --build-directory /home/nawako05/finalproject_ws/build/manual_command/build --no-deps symlink_data
[12.549s] Level 1:colcon.colcon_core.shell:create_environment_hook('main_control', 'pythonpath_develop')
[12.550s] INFO:colcon.colcon_core.shell:Creating environment hook '/home/nawako05/finalproject_ws/build/main_control/share/main_control/hook/pythonpath_develop.ps1'
[12.551s] DEBUG:colcon.colcon_core.event_handler.log_command:Invoked command in '/home/nawako05/finalproject_ws/build/main_control' returned '0': PYTHONPATH=/home/nawako05/finalproject_ws/build/main_control/prefix_override:/usr/lib/python3/dist-packages/colcon_core/task/python/colcon_distutils_commands:/home/nawako05/finalproject_ws/install/main_control/lib/python3.12/site-packages:${PYTHONPATH} /usr/bin/python3 -W ignore:setup.py install is deprecated -W ignore:easy_install command is deprecated setup.py develop --editable --build-directory /home/nawako05/finalproject_ws/build/main_control/build --no-deps symlink_data
[12.553s] INFO:colcon.colcon_core.shell:Creating environment descriptor '/home/nawako05/finalproject_ws/build/main_control/share/main_control/hook/pythonpath_develop.dsv'
[12.555s] INFO:colcon.colcon_core.shell:Creating environment hook '/home/nawako05/finalproject_ws/build/main_control/share/main_control/hook/pythonpath_develop.sh'
[12.557s] Level 1:colcon.colcon_core.environment:checking '/home/nawako05/finalproject_ws/install/main_control' for CMake module files
[12.558s] Level 1:colcon.colcon_core.environment:checking '/home/nawako05/finalproject_ws/install/main_control' for CMake config files
[12.559s] Level 1:colcon.colcon_core.environment:checking '/home/nawako05/finalproject_ws/install/main_control/lib'
[12.559s] Level 1:colcon.colcon_core.environment:checking '/home/nawako05/finalproject_ws/install/main_control/bin'
[12.559s] Level 1:colcon.colcon_core.environment:checking '/home/nawako05/finalproject_ws/install/main_control/lib/pkgconfig/main_control.pc'
[12.560s] Level 1:colcon.colcon_core.environment:checking '/home/nawako05/finalproject_ws/install/main_control/lib/python3.12/site-packages'
[12.560s] Level 1:colcon.colcon_core.shell:create_environment_hook('main_control', 'pythonpath')
[12.561s] INFO:colcon.colcon_core.shell:Creating environment hook '/home/nawako05/finalproject_ws/install/main_control/share/main_control/hook/pythonpath.ps1'
[12.563s] INFO:colcon.colcon_core.shell:Creating environment descriptor '/home/nawako05/finalproject_ws/install/main_control/share/main_control/hook/pythonpath.dsv'
[12.564s] INFO:colcon.colcon_core.shell:Creating environment hook '/home/nawako05/finalproject_ws/install/main_control/share/main_control/hook/pythonpath.sh'
[12.566s] Level 1:colcon.colcon_core.environment:checking '/home/nawako05/finalproject_ws/install/main_control/bin'
[12.566s] Level 1:colcon.colcon_core.environment:create_environment_scripts_only(main_control)
[12.567s] INFO:colcon.colcon_core.shell:Creating package script '/home/nawako05/finalproject_ws/install/main_control/share/main_control/package.ps1'
[12.573s] INFO:colcon.colcon_core.shell:Creating package descriptor '/home/nawako05/finalproject_ws/install/main_control/share/main_control/package.dsv'
[12.575s] INFO:colcon.colcon_core.shell:Creating package script '/home/nawako05/finalproject_ws/install/main_control/share/main_control/package.sh'
[12.580s] INFO:colcon.colcon_core.shell:Creating package script '/home/nawako05/finalproject_ws/install/main_control/share/main_control/package.bash'
[12.581s] INFO:colcon.colcon_core.shell:Creating package script '/home/nawako05/finalproject_ws/install/main_control/share/main_control/package.zsh'
[12.583s] Level 1:colcon.colcon_core.environment:create_file_with_runtime_dependencies(/home/nawako05/finalproject_ws/install/main_control/share/colcon-core/packages/main_control)
[12.585s] INFO:colcon.colcon_ros.task.ament_python.build:Building ROS package in '/home/nawako05/finalproject_ws/src/uart' with build type 'ament_python'
[12.586s] Level 1:colcon.colcon_core.shell:create_environment_hook('uart', 'ament_prefix_path')
[12.587s] INFO:colcon.colcon_core.shell:Creating environment hook '/home/nawako05/finalproject_ws/install/uart/share/uart/hook/ament_prefix_path.ps1'
[12.588s] INFO:colcon.colcon_core.shell:Creating environment descriptor '/home/nawako05/finalproject_ws/install/uart/share/uart/hook/ament_prefix_path.dsv'
[12.589s] INFO:colcon.colcon_core.shell:Creating environment hook '/home/nawako05/finalproject_ws/install/uart/share/uart/hook/ament_prefix_path.sh'
[12.591s] INFO:colcon.colcon_core.shell:Skip shell extension 'powershell' for command environment: Not usable outside of PowerShell
[12.591s] DEBUG:colcon.colcon_core.shell:Skip shell extension 'dsv' for command environment
[12.659s] Level 1:colcon.colcon_core.shell:create_environment_hook('debugger', 'pythonpath_develop')
[12.660s] INFO:colcon.colcon_core.shell:Creating environment hook '/home/nawako05/finalproject_ws/build/debugger/share/debugger/hook/pythonpath_develop.ps1'
[12.661s] DEBUG:colcon.colcon_core.event_handler.log_command:Invoked command in '/home/nawako05/finalproject_ws/build/debugger' returned '0': PYTHONPATH=/home/nawako05/finalproject_ws/build/debugger/prefix_override:/usr/lib/python3/dist-packages/colcon_core/task/python/colcon_distutils_commands:/home/nawako05/finalproject_ws/install/debugger/lib/python3.12/site-packages:${PYTHONPATH} /usr/bin/python3 -W ignore:setup.py install is deprecated -W ignore:easy_install command is deprecated setup.py develop --editable --build-directory /home/nawako05/finalproject_ws/build/debugger/build --no-deps symlink_data
[12.663s] INFO:colcon.colcon_core.shell:Creating environment descriptor '/home/nawako05/finalproject_ws/build/debugger/share/debugger/hook/pythonpath_develop.dsv'
[12.664s] INFO:colcon.colcon_core.shell:Creating environment hook '/home/nawako05/finalproject_ws/build/debugger/share/debugger/hook/pythonpath_develop.sh'
[12.667s] Level 1:colcon.colcon_core.environment:checking '/home/nawako05/finalproject_ws/install/debugger' for CMake module files
[12.668s] Level 1:colcon.colcon_core.environment:checking '/home/nawako05/finalproject_ws/install/debugger' for CMake config files
[12.670s] Level 1:colcon.colcon_core.environment:checking '/home/nawako05/finalproject_ws/install/debugger/lib'
[12.670s] Level 1:colcon.colcon_core.environment:checking '/home/nawako05/finalproject_ws/install/debugger/bin'
[12.670s] Level 1:colcon.colcon_core.environment:checking '/home/nawako05/finalproject_ws/install/debugger/lib/pkgconfig/debugger.pc'
[12.671s] Level 1:colcon.colcon_core.environment:checking '/home/nawako05/finalproject_ws/install/debugger/lib/python3.12/site-packages'
[12.671s] Level 1:colcon.colcon_core.shell:create_environment_hook('debugger', 'pythonpath')
[12.672s] INFO:colcon.colcon_core.shell:Creating environment hook '/home/nawako05/finalproject_ws/install/debugger/share/debugger/hook/pythonpath.ps1'
[12.673s] INFO:colcon.colcon_core.shell:Creating environment descriptor '/home/nawako05/finalproject_ws/install/debugger/share/debugger/hook/pythonpath.dsv'
[12.674s] INFO:colcon.colcon_core.shell:Creating environment hook '/home/nawako05/finalproject_ws/install/debugger/share/debugger/hook/pythonpath.sh'
[12.676s] Level 1:colcon.colcon_core.environment:checking '/home/nawako05/finalproject_ws/install/debugger/bin'
[12.676s] Level 1:colcon.colcon_core.environment:create_environment_scripts_only(debugger)
[12.677s] INFO:colcon.colcon_core.shell:Creating package script '/home/nawako05/finalproject_ws/install/debugger/share/debugger/package.ps1'
[12.679s] INFO:colcon.colcon_core.shell:Creating package descriptor '/home/nawako05/finalproject_ws/install/debugger/share/debugger/package.dsv'
[12.680s] INFO:colcon.colcon_core.shell:Creating package script '/home/nawako05/finalproject_ws/install/debugger/share/debugger/package.sh'
[12.681s] INFO:colcon.colcon_core.shell:Creating package script '/home/nawako05/finalproject_ws/install/debugger/share/debugger/package.bash'
[12.682s] INFO:colcon.colcon_core.shell:Creating package script '/home/nawako05/finalproject_ws/install/debugger/share/debugger/package.zsh'
[12.683s] Level 1:colcon.colcon_core.environment:create_file_with_runtime_dependencies(/home/nawako05/finalproject_ws/install/debugger/share/colcon-core/packages/debugger)
[12.685s] Level 1:colcon.colcon_core.shell:create_environment_hook('image_processing', 'pythonpath_develop')
[12.686s] INFO:colcon.colcon_core.shell:Creating environment hook '/home/nawako05/finalproject_ws/build/image_processing/share/image_processing/hook/pythonpath_develop.ps1'
[12.688s] INFO:colcon.colcon_core.shell:Creating environment descriptor '/home/nawako05/finalproject_ws/build/image_processing/share/image_processing/hook/pythonpath_develop.dsv'
[12.689s] DEBUG:colcon.colcon_core.event_handler.log_command:Invoked command in '/home/nawako05/finalproject_ws/build/image_processing' returned '0': PYTHONPATH=/home/nawako05/finalproject_ws/build/image_processing/prefix_override:/usr/lib/python3/dist-packages/colcon_core/task/python/colcon_distutils_commands:/home/nawako05/finalproject_ws/install/image_processing/lib/python3.12/site-packages:${PYTHONPATH} /usr/bin/python3 -W ignore:setup.py install is deprecated -W ignore:easy_install command is deprecated setup.py develop --editable --build-directory /home/nawako05/finalproject_ws/build/image_processing/build --no-deps symlink_data
[12.690s] INFO:colcon.colcon_core.shell:Creating environment hook '/home/nawako05/finalproject_ws/build/image_processing/share/image_processing/hook/pythonpath_develop.sh'
[12.691s] Level 1:colcon.colcon_core.environment:checking '/home/nawako05/finalproject_ws/install/image_processing' for CMake module files
[12.693s] Level 1:colcon.colcon_core.environment:checking '/home/nawako05/finalproject_ws/install/image_processing' for CMake config files
[12.694s] Level 1:colcon.colcon_core.environment:checking '/home/nawako05/finalproject_ws/install/image_processing/lib'
[12.694s] Level 1:colcon.colcon_core.environment:checking '/home/nawako05/finalproject_ws/install/image_processing/bin'
[12.695s] Level 1:colcon.colcon_core.environment:checking '/home/nawako05/finalproject_ws/install/image_processing/lib/pkgconfig/image_processing.pc'
[12.695s] Level 1:colcon.colcon_core.environment:checking '/home/nawako05/finalproject_ws/install/image_processing/lib/python3.12/site-packages'
[12.696s] Level 1:colcon.colcon_core.shell:create_environment_hook('image_processing', 'pythonpath')
[12.696s] INFO:colcon.colcon_core.shell:Creating environment hook '/home/nawako05/finalproject_ws/install/image_processing/share/image_processing/hook/pythonpath.ps1'
[12.697s] INFO:colcon.colcon_core.shell:Creating environment descriptor '/home/nawako05/finalproject_ws/install/image_processing/share/image_processing/hook/pythonpath.dsv'
[12.698s] INFO:colcon.colcon_core.shell:Creating environment hook '/home/nawako05/finalproject_ws/install/image_processing/share/image_processing/hook/pythonpath.sh'
[12.700s] Level 1:colcon.colcon_core.environment:checking '/home/nawako05/finalproject_ws/install/image_processing/bin'
[12.701s] Level 1:colcon.colcon_core.environment:create_environment_scripts_only(image_processing)
[12.701s] INFO:colcon.colcon_core.shell:Creating package script '/home/nawako05/finalproject_ws/install/image_processing/share/image_processing/package.ps1'
[12.703s] INFO:colcon.colcon_core.shell:Creating package descriptor '/home/nawako05/finalproject_ws/install/image_processing/share/image_processing/package.dsv'
[12.705s] INFO:colcon.colcon_core.shell:Creating package script '/home/nawako05/finalproject_ws/install/image_processing/share/image_processing/package.sh'
[12.707s] INFO:colcon.colcon_core.shell:Creating package script '/home/nawako05/finalproject_ws/install/image_processing/share/image_processing/package.bash'
[12.708s] INFO:colcon.colcon_core.shell:Creating package script '/home/nawako05/finalproject_ws/install/image_processing/share/image_processing/package.zsh'
[12.709s] Level 1:colcon.colcon_core.environment:create_file_with_runtime_dependencies(/home/nawako05/finalproject_ws/install/image_processing/share/colcon-core/packages/image_processing)
[13.688s] INFO:colcon.colcon_core.task.python.build:Building Python package in '/home/nawako05/finalproject_ws/src/uart'
[13.688s] INFO:colcon.colcon_core.shell:Skip shell extension 'powershell' for command environment: Not usable outside of PowerShell
[13.688s] DEBUG:colcon.colcon_core.shell:Skip shell extension 'dsv' for command environment
[13.825s] Level 1:colcon.colcon_core.shell:create_environment_hook('manual_command', 'pythonpath_develop')
[13.825s] INFO:colcon.colcon_core.shell:Creating environment hook '/home/nawako05/finalproject_ws/build/manual_command/share/manual_command/hook/pythonpath_develop.ps1'
[13.827s] DEBUG:colcon.colcon_core.event_handler.log_command:Invoked command in '/home/nawako05/finalproject_ws/build/manual_command' returned '0': PYTHONPATH=/home/nawako05/finalproject_ws/build/manual_command/prefix_override:/usr/lib/python3/dist-packages/colcon_core/task/python/colcon_distutils_commands:/home/nawako05/finalproject_ws/install/manual_command/lib/python3.12/site-packages:${PYTHONPATH} /usr/bin/python3 -W ignore:setup.py install is deprecated -W ignore:easy_install command is deprecated setup.py develop --editable --build-directory /home/nawako05/finalproject_ws/build/manual_command/build --no-deps symlink_data
[13.827s] INFO:colcon.colcon_core.shell:Creating environment descriptor '/home/nawako05/finalproject_ws/build/manual_command/share/manual_command/hook/pythonpath_develop.dsv'
[13.830s] INFO:colcon.colcon_core.shell:Creating environment hook '/home/nawako05/finalproject_ws/build/manual_command/share/manual_command/hook/pythonpath_develop.sh'
[13.831s] Level 1:colcon.colcon_core.environment:checking '/home/nawako05/finalproject_ws/install/manual_command' for CMake module files
[13.832s] Level 1:colcon.colcon_core.environment:checking '/home/nawako05/finalproject_ws/install/manual_command' for CMake config files
[13.832s] Level 1:colcon.colcon_core.environment:checking '/home/nawako05/finalproject_ws/install/manual_command/lib'
[13.832s] Level 1:colcon.colcon_core.environment:checking '/home/nawako05/finalproject_ws/install/manual_command/bin'
[13.833s] Level 1:colcon.colcon_core.environment:checking '/home/nawako05/finalproject_ws/install/manual_command/lib/pkgconfig/manual_command.pc'
[13.833s] Level 1:colcon.colcon_core.environment:checking '/home/nawako05/finalproject_ws/install/manual_command/lib/python3.12/site-packages'
[13.833s] Level 1:colcon.colcon_core.shell:create_environment_hook('manual_command', 'pythonpath')
[13.833s] INFO:colcon.colcon_core.shell:Creating environment hook '/home/nawako05/finalproject_ws/install/manual_command/share/manual_command/hook/pythonpath.ps1'
[13.834s] INFO:colcon.colcon_core.shell:Creating environment descriptor '/home/nawako05/finalproject_ws/install/manual_command/share/manual_command/hook/pythonpath.dsv'
[13.835s] INFO:colcon.colcon_core.shell:Creating environment hook '/home/nawako05/finalproject_ws/install/manual_command/share/manual_command/hook/pythonpath.sh'
[13.838s] Level 1:colcon.colcon_core.environment:checking '/home/nawako05/finalproject_ws/install/manual_command/bin'
[13.838s] Level 1:colcon.colcon_core.environment:create_environment_scripts_only(manual_command)
[13.838s] INFO:colcon.colcon_core.shell:Creating package script '/home/nawako05/finalproject_ws/install/manual_command/share/manual_command/package.ps1'
[13.842s] INFO:colcon.colcon_core.shell:Creating package descriptor '/home/nawako05/finalproject_ws/install/manual_command/share/manual_command/package.dsv'
[13.842s] INFO:colcon.colcon_core.shell:Creating package script '/home/nawako05/finalproject_ws/install/manual_command/share/manual_command/package.sh'
[13.843s] INFO:colcon.colcon_core.shell:Creating package script '/home/nawako05/finalproject_ws/install/manual_command/share/manual_command/package.bash'
[13.844s] INFO:colcon.colcon_core.shell:Creating package script '/home/nawako05/finalproject_ws/install/manual_command/share/manual_command/package.zsh'
[13.845s] Level 1:colcon.colcon_core.environment:create_file_with_runtime_dependencies(/home/nawako05/finalproject_ws/install/manual_command/share/colcon-core/packages/manual_command)
[15.751s] DEBUG:colcon.colcon_core.event_handler.log_command:Invoking command in '/home/nawako05/finalproject_ws/build/uart': PYTHONPATH=/home/nawako05/finalproject_ws/build/uart/prefix_override:/usr/lib/python3/dist-packages/colcon_core/task/python/colcon_distutils_commands:/home/nawako05/finalproject_ws/install/uart/lib/python3.12/site-packages:${PYTHONPATH} /usr/bin/python3 -W ignore:setup.py install is deprecated -W ignore:easy_install command is deprecated setup.py develop --editable --build-directory /home/nawako05/finalproject_ws/build/uart/build --no-deps symlink_data
[17.799s] Level 1:colcon.colcon_core.shell:create_environment_hook('uart', 'pythonpath_develop')
[17.800s] INFO:colcon.colcon_core.shell:Creating environment hook '/home/nawako05/finalproject_ws/build/uart/share/uart/hook/pythonpath_develop.ps1'
[17.800s] DEBUG:colcon.colcon_core.event_handler.log_command:Invoked command in '/home/nawako05/finalproject_ws/build/uart' returned '0': PYTHONPATH=/home/nawako05/finalproject_ws/build/uart/prefix_override:/usr/lib/python3/dist-packages/colcon_core/task/python/colcon_distutils_commands:/home/nawako05/finalproject_ws/install/uart/lib/python3.12/site-packages:${PYTHONPATH} /usr/bin/python3 -W ignore:setup.py install is deprecated -W ignore:easy_install command is deprecated setup.py develop --editable --build-directory /home/nawako05/finalproject_ws/build/uart/build --no-deps symlink_data
[17.801s] INFO:colcon.colcon_core.shell:Creating environment descriptor '/home/nawako05/finalproject_ws/build/uart/share/uart/hook/pythonpath_develop.dsv'
[17.802s] INFO:colcon.colcon_core.shell:Creating environment hook '/home/nawako05/finalproject_ws/build/uart/share/uart/hook/pythonpath_develop.sh'
[17.803s] Level 1:colcon.colcon_core.environment:checking '/home/nawako05/finalproject_ws/install/uart' for CMake module files
[17.803s] Level 1:colcon.colcon_core.environment:checking '/home/nawako05/finalproject_ws/install/uart' for CMake config files
[17.804s] Level 1:colcon.colcon_core.environment:checking '/home/nawako05/finalproject_ws/install/uart/lib'
[17.804s] Level 1:colcon.colcon_core.environment:checking '/home/nawako05/finalproject_ws/install/uart/bin'
[17.804s] Level 1:colcon.colcon_core.environment:checking '/home/nawako05/finalproject_ws/install/uart/lib/pkgconfig/uart.pc'
[17.805s] Level 1:colcon.colcon_core.environment:checking '/home/nawako05/finalproject_ws/install/uart/lib/python3.12/site-packages'
[17.805s] Level 1:colcon.colcon_core.shell:create_environment_hook('uart', 'pythonpath')
[17.805s] INFO:colcon.colcon_core.shell:Creating environment hook '/home/nawako05/finalproject_ws/install/uart/share/uart/hook/pythonpath.ps1'
[17.806s] INFO:colcon.colcon_core.shell:Creating environment descriptor '/home/nawako05/finalproject_ws/install/uart/share/uart/hook/pythonpath.dsv'
[17.806s] INFO:colcon.colcon_core.shell:Creating environment hook '/home/nawako05/finalproject_ws/install/uart/share/uart/hook/pythonpath.sh'
[17.807s] Level 1:colcon.colcon_core.environment:checking '/home/nawako05/finalproject_ws/install/uart/bin'
[17.807s] Level 1:colcon.colcon_core.environment:create_environment_scripts_only(uart)
[17.808s] INFO:colcon.colcon_core.shell:Creating package script '/home/nawako05/finalproject_ws/install/uart/share/uart/package.ps1'
[17.809s] INFO:colcon.colcon_core.shell:Creating package descriptor '/home/nawako05/finalproject_ws/install/uart/share/uart/package.dsv'
[17.809s] INFO:colcon.colcon_core.shell:Creating package script '/home/nawako05/finalproject_ws/install/uart/share/uart/package.sh'
[17.810s] INFO:colcon.colcon_core.shell:Creating package script '/home/nawako05/finalproject_ws/install/uart/share/uart/package.bash'
[17.813s] INFO:colcon.colcon_core.shell:Creating package script '/home/nawako05/finalproject_ws/install/uart/share/uart/package.zsh'
[17.813s] Level 1:colcon.colcon_core.environment:create_file_with_runtime_dependencies(/home/nawako05/finalproject_ws/install/uart/share/colcon-core/packages/uart)
[17.814s] DEBUG:colcon.colcon_parallel_executor.executor.parallel:closing loop
[17.815s] DEBUG:colcon.colcon_parallel_executor.executor.parallel:loop closed
[17.815s] DEBUG:colcon.colcon_parallel_executor.executor.parallel:run_until_complete finished with '0'
[17.815s] DEBUG:colcon.colcon_core.event_reactor:joining thread
[17.840s] INFO:colcon.colcon_core.plugin_system:Skipping extension 'colcon_notification.desktop_notification.notify_send': Could not find 'notify-send'
[17.840s] INFO:colcon.colcon_core.plugin_system:Skipping extension 'colcon_notification.desktop_notification.terminal_notifier': Not used on non-Darwin systems
[17.840s] INFO:colcon.colcon_core.plugin_system:Skipping extension 'colcon_notification.desktop_notification.win32': Not used on non-Windows systems
[17.840s] INFO:colcon.colcon_notification.desktop_notification:Sending desktop notification using 'notify2'
[17.871s] DEBUG:colcon.colcon_notification.desktop_notification.notify2:Failed to initialize notify2: org.freedesktop.DBus.Error.ServiceUnknown: The name org.freedesktop.Notifications was not provided by any .service files
[17.871s] DEBUG:colcon.colcon_core.event_reactor:joined thread
[17.871s] INFO:colcon.colcon_core.shell:Creating prefix script '/home/nawako05/finalproject_ws/install/local_setup.ps1'
[17.873s] INFO:colcon.colcon_core.shell:Creating prefix util module '/home/nawako05/finalproject_ws/install/_local_setup_util_ps1.py'
[17.878s] INFO:colcon.colcon_core.shell:Creating prefix chain script '/home/nawako05/finalproject_ws/install/setup.ps1'
[17.901s] INFO:colcon.colcon_core.shell:Creating prefix script '/home/nawako05/finalproject_ws/install/local_setup.sh'
[17.903s] INFO:colcon.colcon_core.shell:Creating prefix util module '/home/nawako05/finalproject_ws/install/_local_setup_util_sh.py'
[17.904s] INFO:colcon.colcon_core.shell:Creating prefix chain script '/home/nawako05/finalproject_ws/install/setup.sh'
[17.924s] INFO:colcon.colcon_core.shell:Creating prefix script '/home/nawako05/finalproject_ws/install/local_setup.bash'
[17.925s] INFO:colcon.colcon_core.shell:Creating prefix chain script '/home/nawako05/finalproject_ws/install/setup.bash'
[17.945s] INFO:colcon.colcon_core.shell:Creating prefix script '/home/nawako05/finalproject_ws/install/local_setup.zsh'
[17.947s] INFO:colcon.colcon_core.shell:Creating prefix chain script '/home/nawako05/finalproject_ws/install/setup.zsh'
