[4.305s] Invoking command in '/home/nawako05/finalproject_ws/build/uart': PYTHONPATH=/home/nawako05/finalproject_ws/build/uart/prefix_override:/usr/lib/python3/dist-packages/colcon_core/task/python/colcon_distutils_commands:/home/nawako05/finalproject_ws/install/uart/lib/python3.12/site-packages:${PYTHONPATH} /usr/bin/python3 -W ignore:setup.py install is deprecated -W ignore:easy_install command is deprecated setup.py develop --editable --build-directory /home/nawako05/finalproject_ws/build/uart/build --no-deps symlink_data
[6.225s] running develop
[6.724s] /usr/lib/python3/dist-packages/setuptools/command/easy_install.py:363: UserWarning: Unbuilt egg for pytest-repeat [unknown version] (/usr/lib/python3/dist-packages)
[6.724s]   self.local_index = Environment(self.shadow_path + sys.path)
[6.814s] running egg_info
[6.922s] writing uart.egg-info/PKG-INFO
[6.922s] writing dependency_links to uart.egg-info/dependency_links.txt
[6.923s] writing entry points to uart.egg-info/entry_points.txt
[6.924s] writing requirements to uart.egg-info/requires.txt
[6.924s] writing top-level names to uart.egg-info/top_level.txt
[7.034s] reading manifest file 'uart.egg-info/SOURCES.txt'
[7.035s] writing manifest file 'uart.egg-info/SOURCES.txt'
[7.098s] running build_ext
[7.098s] Creating /home/nawako05/finalproject_ws/install/uart/lib/python3.12/site-packages/uart.egg-link (link to .)
[7.099s] Installing data_process script to /home/nawako05/finalproject_ws/install/uart/lib/uart
[7.099s] Installing uart_node script to /home/nawako05/finalproject_ws/install/uart/lib/uart
[7.100s] 
[7.100s] Installed /home/nawako05/finalproject_ws/build/uart
[7.100s] running symlink_data
[7.229s] Invoked command in '/home/nawako05/finalproject_ws/build/uart' returned '0': PYTHONPATH=/home/nawako05/finalproject_ws/build/uart/prefix_override:/usr/lib/python3/dist-packages/colcon_core/task/python/colcon_distutils_commands:/home/nawako05/finalproject_ws/install/uart/lib/python3.12/site-packages:${PYTHONPATH} /usr/bin/python3 -W ignore:setup.py install is deprecated -W ignore:easy_install command is deprecated setup.py develop --editable --build-directory /home/nawako05/finalproject_ws/build/uart/build --no-deps symlink_data
