[10.930s] Invoking command in '/home/nawako05/finalproject_ws/build/uart': PYTHONPATH=/home/nawako05/finalproject_ws/build/uart/prefix_override:/usr/lib/python3/dist-packages/colcon_core/task/python/colcon_distutils_commands:/home/nawako05/finalproject_ws/install/uart/lib/python3.12/site-packages:${PYTHONPATH} /usr/bin/python3 -W ignore:setup.py install is deprecated -W ignore:easy_install command is deprecated setup.py develop --editable --build-directory /home/nawako05/finalproject_ws/build/uart/build --no-deps symlink_data
[13.942s] running develop
[15.024s] /usr/lib/python3/dist-packages/setuptools/command/easy_install.py:363: UserWarning: Unbuilt egg for pytest-repeat [unknown version] (/usr/lib/python3/dist-packages)
[15.025s]   self.local_index = Environment(self.shadow_path + sys.path)
[15.214s] running egg_info
[15.472s] writing uart.egg-info/PKG-INFO
[15.472s] writing dependency_links to uart.egg-info/dependency_links.txt
[15.474s] writing entry points to uart.egg-info/entry_points.txt
[15.474s] writing requirements to uart.egg-info/requires.txt
[15.475s] writing top-level names to uart.egg-info/top_level.txt
[15.755s] reading manifest file 'uart.egg-info/SOURCES.txt'
[15.757s] writing manifest file 'uart.egg-info/SOURCES.txt'
[15.920s] running build_ext
[15.924s] Creating /home/nawako05/finalproject_ws/install/uart/lib/python3.12/site-packages/uart.egg-link (link to .)
[15.926s] Installing data_process script to /home/nawako05/finalproject_ws/install/uart/lib/uart
[15.929s] Installing uart_node script to /home/nawako05/finalproject_ws/install/uart/lib/uart
[15.929s] 
[15.932s] Installed /home/nawako05/finalproject_ws/build/uart
[15.932s] running symlink_data
[16.204s] Invoked command in '/home/nawako05/finalproject_ws/build/uart' returned '0': PYTHONPATH=/home/nawako05/finalproject_ws/build/uart/prefix_override:/usr/lib/python3/dist-packages/colcon_core/task/python/colcon_distutils_commands:/home/nawako05/finalproject_ws/install/uart/lib/python3.12/site-packages:${PYTHONPATH} /usr/bin/python3 -W ignore:setup.py install is deprecated -W ignore:easy_install command is deprecated setup.py develop --editable --build-directory /home/nawako05/finalproject_ws/build/uart/build --no-deps symlink_data
