[6.995s] Invoking command in '/home/nawako05/finalproject_ws/build/main_control': PYTHONPATH=/home/nawako05/finalproject_ws/build/main_control/prefix_override:/usr/lib/python3/dist-packages/colcon_core/task/python/colcon_distutils_commands:/home/nawako05/finalproject_ws/install/main_control/lib/python3.12/site-packages:${PYTHONPATH} /usr/bin/python3 -W ignore:setup.py install is deprecated -W ignore:easy_install command is deprecated setup.py develop --editable --build-directory /home/nawako05/finalproject_ws/build/main_control/build --no-deps symlink_data
[8.911s] running develop
[9.775s] /usr/lib/python3/dist-packages/setuptools/command/easy_install.py:363: UserWarning: Unbuilt egg for pytest-repeat [unknown version] (/usr/lib/python3/dist-packages)
[9.775s]   self.local_index = Environment(self.shadow_path + sys.path)
[9.931s] running egg_info
[10.169s] writing main_control.egg-info/PKG-INFO
[10.171s] writing dependency_links to main_control.egg-info/dependency_links.txt
[10.173s] writing entry points to main_control.egg-info/entry_points.txt
[10.173s] writing requirements to main_control.egg-info/requires.txt
[10.173s] writing top-level names to main_control.egg-info/top_level.txt
[10.358s] reading manifest file 'main_control.egg-info/SOURCES.txt'
[10.359s] writing manifest file 'main_control.egg-info/SOURCES.txt'
[10.451s] running build_ext
[10.453s] Creating /home/nawako05/finalproject_ws/install/main_control/lib/python3.12/site-packages/main-control.egg-link (link to .)
[10.458s] Installing command_input script to /home/nawako05/finalproject_ws/install/main_control/lib/main_control
[10.465s] Installing compensator script to /home/nawako05/finalproject_ws/install/main_control/lib/main_control
[10.468s] Installing floor_manager script to /home/nawako05/finalproject_ws/install/main_control/lib/main_control
[10.470s] Installing hardware_bridge script to /home/nawako05/finalproject_ws/install/main_control/lib/main_control
[10.472s] Installing lidar_filter script to /home/nawako05/finalproject_ws/install/main_control/lib/main_control
[10.474s] Installing sequence script to /home/nawako05/finalproject_ws/install/main_control/lib/main_control
[10.474s] Installing setpose script to /home/nawako05/finalproject_ws/install/main_control/lib/main_control
[10.474s] Installing state_machine script to /home/nawako05/finalproject_ws/install/main_control/lib/main_control
[10.480s] Installing waypoint_manage script to /home/nawako05/finalproject_ws/install/main_control/lib/main_control
[10.484s] 
[10.486s] Installed /home/nawako05/finalproject_ws/build/main_control
[10.487s] running symlink_data
[10.854s] Invoked command in '/home/nawako05/finalproject_ws/build/main_control' returned '0': PYTHONPATH=/home/nawako05/finalproject_ws/build/main_control/prefix_override:/usr/lib/python3/dist-packages/colcon_core/task/python/colcon_distutils_commands:/home/nawako05/finalproject_ws/install/main_control/lib/python3.12/site-packages:${PYTHONPATH} /usr/bin/python3 -W ignore:setup.py install is deprecated -W ignore:easy_install command is deprecated setup.py develop --editable --build-directory /home/nawako05/finalproject_ws/build/main_control/build --no-deps symlink_data
