[6.089s] Invoking command in '/home/nawako05/finalproject_ws/build/main_control': PYTHONPATH=/home/nawako05/finalproject_ws/build/main_control/prefix_override:/usr/lib/python3/dist-packages/colcon_core/task/python/colcon_distutils_commands:/home/nawako05/finalproject_ws/install/main_control/lib/python3.12/site-packages:${PYTHONPATH} /usr/bin/python3 -W ignore:setup.py install is deprecated -W ignore:easy_install command is deprecated setup.py develop --editable --build-directory /home/nawako05/finalproject_ws/build/main_control/build --no-deps symlink_data
[7.644s] running develop
[8.264s] /usr/lib/python3/dist-packages/setuptools/command/easy_install.py:363: UserWarning: Unbuilt egg for pytest-repeat [unknown version] (/usr/lib/python3/dist-packages)
[8.265s]   self.local_index = Environment(self.shadow_path + sys.path)
[8.373s] running egg_info
[8.618s] writing main_control.egg-info/PKG-INFO
[8.620s] writing dependency_links to main_control.egg-info/dependency_links.txt
[8.621s] writing entry points to main_control.egg-info/entry_points.txt
[8.621s] writing requirements to main_control.egg-info/requires.txt
[8.621s] writing top-level names to main_control.egg-info/top_level.txt
[8.752s] reading manifest file 'main_control.egg-info/SOURCES.txt'
[8.755s] writing manifest file 'main_control.egg-info/SOURCES.txt'
[8.841s] running build_ext
[8.841s] Creating /home/nawako05/finalproject_ws/install/main_control/lib/python3.12/site-packages/main-control.egg-link (link to .)
[8.842s] Installing compensator script to /home/nawako05/finalproject_ws/install/main_control/lib/main_control
[8.842s] Installing floor_manager script to /home/nawako05/finalproject_ws/install/main_control/lib/main_control
[8.843s] Installing hardware_bridge script to /home/nawako05/finalproject_ws/install/main_control/lib/main_control
[8.843s] Installing lidar_filter script to /home/nawako05/finalproject_ws/install/main_control/lib/main_control
[8.843s] Installing sequence script to /home/nawako05/finalproject_ws/install/main_control/lib/main_control
[8.844s] 
[8.845s] Installed /home/nawako05/finalproject_ws/build/main_control
[8.848s] running symlink_data
[9.323s] Invoked command in '/home/nawako05/finalproject_ws/build/main_control' returned '0': PYTHONPATH=/home/nawako05/finalproject_ws/build/main_control/prefix_override:/usr/lib/python3/dist-packages/colcon_core/task/python/colcon_distutils_commands:/home/nawako05/finalproject_ws/install/main_control/lib/python3.12/site-packages:${PYTHONPATH} /usr/bin/python3 -W ignore:setup.py install is deprecated -W ignore:easy_install command is deprecated setup.py develop --editable --build-directory /home/nawako05/finalproject_ws/build/main_control/build --no-deps symlink_data
