[5.704s] Invoking command in '/home/nawako05/finalproject_ws/build/image_processing': PYTHONPATH=/home/nawako05/finalproject_ws/build/image_processing/prefix_override:/usr/lib/python3/dist-packages/colcon_core/task/python/colcon_distutils_commands:/home/nawako05/finalproject_ws/install/image_processing/lib/python3.12/site-packages:${PYTHONPATH} /usr/bin/python3 -W ignore:setup.py install is deprecated -W ignore:easy_install command is deprecated setup.py develop --editable --build-directory /home/nawako05/finalproject_ws/build/image_processing/build --no-deps symlink_data
[7.550s] running develop
[8.352s] /usr/lib/python3/dist-packages/setuptools/command/easy_install.py:363: UserWarning: Unbuilt egg for pytest-repeat [unknown version] (/usr/lib/python3/dist-packages)
[8.352s]   self.local_index = Environment(self.shadow_path + sys.path)
[8.510s] running egg_info
[8.703s] writing image_processing.egg-info/PKG-INFO
[8.705s] writing dependency_links to image_processing.egg-info/dependency_links.txt
[8.705s] writing entry points to image_processing.egg-info/entry_points.txt
[8.707s] writing requirements to image_processing.egg-info/requires.txt
[8.708s] writing top-level names to image_processing.egg-info/top_level.txt
[8.902s] reading manifest file 'image_processing.egg-info/SOURCES.txt'
[8.904s] writing manifest file 'image_processing.egg-info/SOURCES.txt'
[9.034s] running build_ext
[9.038s] Creating /home/nawako05/finalproject_ws/install/image_processing/lib/python3.12/site-packages/image-processing.egg-link (link to .)
[9.041s] Installing arm_detect script to /home/nawako05/finalproject_ws/install/image_processing/lib/image_processing
[9.044s] Installing record script to /home/nawako05/finalproject_ws/install/image_processing/lib/image_processing
[9.049s] 
[9.050s] Installed /home/nawako05/finalproject_ws/build/image_processing
[9.051s] running symlink_data
[9.328s] Invoked command in '/home/nawako05/finalproject_ws/build/image_processing' returned '0': PYTHONPATH=/home/nawako05/finalproject_ws/build/image_processing/prefix_override:/usr/lib/python3/dist-packages/colcon_core/task/python/colcon_distutils_commands:/home/nawako05/finalproject_ws/install/image_processing/lib/python3.12/site-packages:${PYTHONPATH} /usr/bin/python3 -W ignore:setup.py install is deprecated -W ignore:easy_install command is deprecated setup.py develop --editable --build-directory /home/nawako05/finalproject_ws/build/image_processing/build --no-deps symlink_data
