[3.166s] Invoking command in '/home/nawako05/finalproject_ws/build/uart': PYTHONPATH=/home/nawako05/finalproject_ws/build/uart/prefix_override:/usr/lib/python3/dist-packages/colcon_core/task/python/colcon_distutils_commands:/home/nawako05/finalproject_ws/install/uart/lib/python3.12/site-packages:${PYTHONPATH} /usr/bin/python3 -W ignore:setup.py install is deprecated -W ignore:easy_install command is deprecated setup.py develop --editable --build-directory /home/nawako05/finalproject_ws/build/uart/build --no-deps symlink_data
[4.236s] running develop
[4.715s] /usr/lib/python3/dist-packages/setuptools/command/easy_install.py:363: UserWarning: Unbuilt egg for pytest-repeat [unknown version] (/usr/lib/python3/dist-packages)
[4.715s]   self.local_index = Environment(self.shadow_path + sys.path)
[4.808s] running egg_info
[4.916s] writing uart.egg-info/PKG-INFO
[4.916s] writing dependency_links to uart.egg-info/dependency_links.txt
[4.917s] writing entry points to uart.egg-info/entry_points.txt
[4.918s] writing requirements to uart.egg-info/requires.txt
[4.919s] writing top-level names to uart.egg-info/top_level.txt
[5.031s] reading manifest file 'uart.egg-info/SOURCES.txt'
[5.033s] writing manifest file 'uart.egg-info/SOURCES.txt'
[5.096s] running build_ext
[5.096s] Creating /home/nawako05/finalproject_ws/install/uart/lib/python3.12/site-packages/uart.egg-link (link to .)
[5.097s] Installing data_process script to /home/nawako05/finalproject_ws/install/uart/lib/uart
[5.098s] Installing uart_node script to /home/nawako05/finalproject_ws/install/uart/lib/uart
[5.098s] 
[5.098s] Installed /home/nawako05/finalproject_ws/build/uart
[5.098s] running symlink_data
[5.214s] Invoked command in '/home/nawako05/finalproject_ws/build/uart' returned '0': PYTHONPATH=/home/nawako05/finalproject_ws/build/uart/prefix_override:/usr/lib/python3/dist-packages/colcon_core/task/python/colcon_distutils_commands:/home/nawako05/finalproject_ws/install/uart/lib/python3.12/site-packages:${PYTHONPATH} /usr/bin/python3 -W ignore:setup.py install is deprecated -W ignore:easy_install command is deprecated setup.py develop --editable --build-directory /home/nawako05/finalproject_ws/build/uart/build --no-deps symlink_data
