[6.180s] Invoking command in '/home/nawako05/finalproject_ws/build/main_control': PYTHONPATH=/home/nawako05/finalproject_ws/build/main_control/prefix_override:/usr/lib/python3/dist-packages/colcon_core/task/python/colcon_distutils_commands:/home/nawako05/finalproject_ws/install/main_control/lib/python3.12/site-packages:${PYTHONPATH} /usr/bin/python3 -W ignore:setup.py install is deprecated -W ignore:easy_install command is deprecated setup.py develop --editable --build-directory /home/nawako05/finalproject_ws/build/main_control/build --no-deps symlink_data
[7.764s] running develop
[8.408s] /usr/lib/python3/dist-packages/setuptools/command/easy_install.py:363: UserWarning: Unbuilt egg for pytest-repeat [unknown version] (/usr/lib/python3/dist-packages)
[8.414s]   self.local_index = Environment(self.shadow_path + sys.path)
[8.524s] running egg_info
[8.768s] writing main_control.egg-info/PKG-INFO
[8.769s] writing dependency_links to main_control.egg-info/dependency_links.txt
[8.769s] writing entry points to main_control.egg-info/entry_points.txt
[8.769s] writing requirements to main_control.egg-info/requires.txt
[8.770s] writing top-level names to main_control.egg-info/top_level.txt
[8.948s] reading manifest file 'main_control.egg-info/SOURCES.txt'
[8.954s] writing manifest file 'main_control.egg-info/SOURCES.txt'
[9.039s] running build_ext
[9.041s] Creating /home/nawako05/finalproject_ws/install/main_control/lib/python3.12/site-packages/main-control.egg-link (link to .)
[9.042s] Installing hardware_bridge script to /home/nawako05/finalproject_ws/install/main_control/lib/main_control
[9.042s] Installing lidar_filter script to /home/nawako05/finalproject_ws/install/main_control/lib/main_control
[9.046s] 
[9.046s] Installed /home/nawako05/finalproject_ws/build/main_control
[9.046s] running symlink_data
[9.474s] Invoked command in '/home/nawako05/finalproject_ws/build/main_control' returned '0': PYTHONPATH=/home/nawako05/finalproject_ws/build/main_control/prefix_override:/usr/lib/python3/dist-packages/colcon_core/task/python/colcon_distutils_commands:/home/nawako05/finalproject_ws/install/main_control/lib/python3.12/site-packages:${PYTHONPATH} /usr/bin/python3 -W ignore:setup.py install is deprecated -W ignore:easy_install command is deprecated setup.py develop --editable --build-directory /home/nawako05/finalproject_ws/build/main_control/build --no-deps symlink_data
