[5.146s] Invoking command in '/home/nawako05/finalproject_ws/build/main_control': PYTHONPATH=/home/nawako05/finalproject_ws/build/main_control/prefix_override:/usr/lib/python3/dist-packages/colcon_core/task/python/colcon_distutils_commands:/home/nawako05/finalproject_ws/install/main_control/lib/python3.12/site-packages:${PYTHONPATH} /usr/bin/python3 -W ignore:setup.py install is deprecated -W ignore:easy_install command is deprecated setup.py develop --editable --build-directory /home/nawako05/finalproject_ws/build/main_control/build --no-deps symlink_data
[6.512s] running develop
[7.131s] /usr/lib/python3/dist-packages/setuptools/command/easy_install.py:363: UserWarning: Unbuilt egg for pytest-repeat [unknown version] (/usr/lib/python3/dist-packages)
[7.132s]   self.local_index = Environment(self.shadow_path + sys.path)
[7.228s] running egg_info
[7.405s] writing main_control.egg-info/PKG-INFO
[7.448s] writing dependency_links to main_control.egg-info/dependency_links.txt
[7.449s] writing entry points to main_control.egg-info/entry_points.txt
[7.450s] writing requirements to main_control.egg-info/requires.txt
[7.453s] writing top-level names to main_control.egg-info/top_level.txt
[7.617s] reading manifest file 'main_control.egg-info/SOURCES.txt'
[7.617s] writing manifest file 'main_control.egg-info/SOURCES.txt'
[7.724s] running build_ext
[7.728s] Creating /home/nawako05/finalproject_ws/install/main_control/lib/python3.12/site-packages/main-control.egg-link (link to .)
[7.734s] Installing hardware_bridge script to /home/nawako05/finalproject_ws/install/main_control/lib/main_control
[7.737s] Installing lidar_filter script to /home/nawako05/finalproject_ws/install/main_control/lib/main_control
[7.741s] 
[7.742s] Installed /home/nawako05/finalproject_ws/build/main_control
[7.745s] running symlink_data
[7.965s] Invoked command in '/home/nawako05/finalproject_ws/build/main_control' returned '0': PYTHONPATH=/home/nawako05/finalproject_ws/build/main_control/prefix_override:/usr/lib/python3/dist-packages/colcon_core/task/python/colcon_distutils_commands:/home/nawako05/finalproject_ws/install/main_control/lib/python3.12/site-packages:${PYTHONPATH} /usr/bin/python3 -W ignore:setup.py install is deprecated -W ignore:easy_install command is deprecated setup.py develop --editable --build-directory /home/nawako05/finalproject_ws/build/main_control/build --no-deps symlink_data
