[6.608s] Invoking command in '/home/nawako05/finalproject_ws/build/main_control': PYTHONPATH=/home/nawako05/finalproject_ws/build/main_control/prefix_override:/usr/lib/python3/dist-packages/colcon_core/task/python/colcon_distutils_commands:/home/nawako05/finalproject_ws/install/main_control/lib/python3.12/site-packages:${PYTHONPATH} /usr/bin/python3 -W ignore:setup.py install is deprecated -W ignore:easy_install command is deprecated setup.py develop --editable --build-directory /home/nawako05/finalproject_ws/build/main_control/build --no-deps symlink_data
[8.667s] running develop
[9.475s] /usr/lib/python3/dist-packages/setuptools/command/easy_install.py:363: UserWarning: Unbuilt egg for pytest-repeat [unknown version] (/usr/lib/python3/dist-packages)
[9.476s]   self.local_index = Environment(self.shadow_path + sys.path)
[9.601s] running egg_info
[9.788s] writing main_control.egg-info/PKG-INFO
[9.789s] writing dependency_links to main_control.egg-info/dependency_links.txt
[9.790s] writing entry points to main_control.egg-info/entry_points.txt
[9.792s] writing requirements to main_control.egg-info/requires.txt
[9.793s] writing top-level names to main_control.egg-info/top_level.txt
[9.991s] reading manifest file 'main_control.egg-info/SOURCES.txt'
[9.994s] writing manifest file 'main_control.egg-info/SOURCES.txt'
[10.174s] running build_ext
[10.176s] Creating /home/nawako05/finalproject_ws/install/main_control/lib/python3.12/site-packages/main-control.egg-link (link to .)
[10.179s] Installing compensator script to /home/nawako05/finalproject_ws/install/main_control/lib/main_control
[10.180s] Installing floor_manager script to /home/nawako05/finalproject_ws/install/main_control/lib/main_control
[10.182s] Installing hardware_bridge script to /home/nawako05/finalproject_ws/install/main_control/lib/main_control
[10.185s] Installing lidar_filter script to /home/nawako05/finalproject_ws/install/main_control/lib/main_control
[10.186s] Installing sequence script to /home/nawako05/finalproject_ws/install/main_control/lib/main_control
[10.188s] Installing setpose script to /home/nawako05/finalproject_ws/install/main_control/lib/main_control
[10.191s] Installing waypoint_manage script to /home/nawako05/finalproject_ws/install/main_control/lib/main_control
[10.193s] 
[10.193s] Installed /home/nawako05/finalproject_ws/build/main_control
[10.194s] running symlink_data
[10.964s] Invoked command in '/home/nawako05/finalproject_ws/build/main_control' returned '0': PYTHONPATH=/home/nawako05/finalproject_ws/build/main_control/prefix_override:/usr/lib/python3/dist-packages/colcon_core/task/python/colcon_distutils_commands:/home/nawako05/finalproject_ws/install/main_control/lib/python3.12/site-packages:${PYTHONPATH} /usr/bin/python3 -W ignore:setup.py install is deprecated -W ignore:easy_install command is deprecated setup.py develop --editable --build-directory /home/nawako05/finalproject_ws/build/main_control/build --no-deps symlink_data
