[6.976s] Invoking command in '/home/nawako05/finalproject_ws/build/main_control': PYTHONPATH=/home/nawako05/finalproject_ws/build/main_control/prefix_override:/usr/lib/python3/dist-packages/colcon_core/task/python/colcon_distutils_commands:/home/nawako05/finalproject_ws/install/main_control/lib/python3.12/site-packages:${PYTHONPATH} /usr/bin/python3 -W ignore:setup.py install is deprecated -W ignore:easy_install command is deprecated setup.py develop --editable --build-directory /home/nawako05/finalproject_ws/build/main_control/build --no-deps symlink_data
[9.242s] running develop
[10.132s] /usr/lib/python3/dist-packages/setuptools/command/easy_install.py:363: UserWarning: Unbuilt egg for pytest-repeat [unknown version] (/usr/lib/python3/dist-packages)
[10.132s]   self.local_index = Environment(self.shadow_path + sys.path)
[10.281s] running egg_info
[10.580s] writing main_control.egg-info/PKG-INFO
[10.582s] writing dependency_links to main_control.egg-info/dependency_links.txt
[10.584s] writing entry points to main_control.egg-info/entry_points.txt
[10.584s] writing requirements to main_control.egg-info/requires.txt
[10.584s] writing top-level names to main_control.egg-info/top_level.txt
[10.775s] reading manifest file 'main_control.egg-info/SOURCES.txt'
[10.778s] writing manifest file 'main_control.egg-info/SOURCES.txt'
[10.938s] running build_ext
[10.940s] Creating /home/nawako05/finalproject_ws/install/main_control/lib/python3.12/site-packages/main-control.egg-link (link to .)
[10.940s] Installing compensator script to /home/nawako05/finalproject_ws/install/main_control/lib/main_control
[10.941s] Installing floor_manager script to /home/nawako05/finalproject_ws/install/main_control/lib/main_control
[10.941s] Installing hardware_bridge script to /home/nawako05/finalproject_ws/install/main_control/lib/main_control
[10.941s] Installing lidar_filter script to /home/nawako05/finalproject_ws/install/main_control/lib/main_control
[10.941s] Installing sequence script to /home/nawako05/finalproject_ws/install/main_control/lib/main_control
[10.941s] Installing setpose script to /home/nawako05/finalproject_ws/install/main_control/lib/main_control
[10.942s] 
[10.942s] Installed /home/nawako05/finalproject_ws/build/main_control
[10.945s] running symlink_data
[12.392s] Invoked command in '/home/nawako05/finalproject_ws/build/main_control' returned '0': PYTHONPATH=/home/nawako05/finalproject_ws/build/main_control/prefix_override:/usr/lib/python3/dist-packages/colcon_core/task/python/colcon_distutils_commands:/home/nawako05/finalproject_ws/install/main_control/lib/python3.12/site-packages:${PYTHONPATH} /usr/bin/python3 -W ignore:setup.py install is deprecated -W ignore:easy_install command is deprecated setup.py develop --editable --build-directory /home/nawako05/finalproject_ws/build/main_control/build --no-deps symlink_data
