running develop
/usr/lib/python3/dist-packages/setuptools/command/easy_install.py:363: UserWarning: Unbuilt egg for pytest-repeat [unknown version] (/usr/lib/python3/dist-packages)
  self.local_index = Environment(self.shadow_path + sys.path)
running egg_info
creating debugger.egg-info
writing debugger.egg-info/PKG-INFO
writing dependency_links to debugger.egg-info/dependency_links.txt
writing entry points to debugger.egg-info/entry_points.txt
writing requirements to debugger.egg-info/requires.txt
writing top-level names to debugger.egg-info/top_level.txt
writing manifest file 'debugger.egg-info/SOURCES.txt'
reading manifest file 'debugger.egg-info/SOURCES.txt'
writing manifest file 'debugger.egg-info/SOURCES.txt'
running build_ext
Creating /home/nawako05/finalproject_ws/install/debugger/lib/python3.12/site-packages/debugger.egg-link (link to .)
Installing pid_debug script to /home/nawako05/finalproject_ws/install/debugger/lib/debugger

Installed /home/nawako05/finalproject_ws/build/debugger
running symlink_data
creating /home/nawako05/finalproject_ws/install/debugger/share/ament_index
creating /home/nawako05/finalproject_ws/install/debugger/share/ament_index/resource_index
creating /home/nawako05/finalproject_ws/install/debugger/share/ament_index/resource_index/packages
symbolically linking /home/nawako05/finalproject_ws/build/debugger/resource/debugger -> /home/nawako05/finalproject_ws/install/debugger/share/ament_index/resource_index/packages
symbolically linking /home/nawako05/finalproject_ws/build/debugger/package.xml -> /home/nawako05/finalproject_ws/install/debugger/share/debugger
