[5.073s] Invoking command in '/home/nawako05/finalproject_ws/build/debugger': PYTHONPATH=/home/nawako05/finalproject_ws/build/debugger/prefix_override:/usr/lib/python3/dist-packages/colcon_core/task/python/colcon_distutils_commands:/home/nawako05/finalproject_ws/install/debugger/lib/python3.12/site-packages:${PYTHONPATH} /usr/bin/python3 -W ignore:setup.py install is deprecated -W ignore:easy_install command is deprecated setup.py develop --editable --build-directory /home/nawako05/finalproject_ws/build/debugger/build --no-deps symlink_data
[6.434s] running develop
[6.908s] /usr/lib/python3/dist-packages/setuptools/command/easy_install.py:363: UserWarning: Unbuilt egg for pytest-repeat [unknown version] (/usr/lib/python3/dist-packages)
[6.908s]   self.local_index = Environment(self.shadow_path + sys.path)
[7.040s] running egg_info
[7.041s] creating debugger.egg-info
[7.223s] writing debugger.egg-info/PKG-INFO
[7.226s] writing dependency_links to debugger.egg-info/dependency_links.txt
[7.226s] writing entry points to debugger.egg-info/entry_points.txt
[7.230s] writing requirements to debugger.egg-info/requires.txt
[7.230s] writing top-level names to debugger.egg-info/top_level.txt
[7.230s] writing manifest file 'debugger.egg-info/SOURCES.txt'
[7.367s] reading manifest file 'debugger.egg-info/SOURCES.txt'
[7.372s] writing manifest file 'debugger.egg-info/SOURCES.txt'
[7.474s] running build_ext
[7.477s] Creating /home/nawako05/finalproject_ws/install/debugger/lib/python3.12/site-packages/debugger.egg-link (link to .)
[7.478s] Installing pid_debug script to /home/nawako05/finalproject_ws/install/debugger/lib/debugger
[7.481s] 
[7.481s] Installed /home/nawako05/finalproject_ws/build/debugger
[7.481s] running symlink_data
[7.481s] creating /home/nawako05/finalproject_ws/install/debugger/share/ament_index
[7.482s] creating /home/nawako05/finalproject_ws/install/debugger/share/ament_index/resource_index
[7.482s] creating /home/nawako05/finalproject_ws/install/debugger/share/ament_index/resource_index/packages
[7.482s] symbolically linking /home/nawako05/finalproject_ws/build/debugger/resource/debugger -> /home/nawako05/finalproject_ws/install/debugger/share/ament_index/resource_index/packages
[7.482s] symbolically linking /home/nawako05/finalproject_ws/build/debugger/package.xml -> /home/nawako05/finalproject_ws/install/debugger/share/debugger
[8.504s] Invoked command in '/home/nawako05/finalproject_ws/build/debugger' returned '0': PYTHONPATH=/home/nawako05/finalproject_ws/build/debugger/prefix_override:/usr/lib/python3/dist-packages/colcon_core/task/python/colcon_distutils_commands:/home/nawako05/finalproject_ws/install/debugger/lib/python3.12/site-packages:${PYTHONPATH} /usr/bin/python3 -W ignore:setup.py install is deprecated -W ignore:easy_install command is deprecated setup.py develop --editable --build-directory /home/nawako05/finalproject_ws/build/debugger/build --no-deps symlink_data
