[6.313s] Invoking command in '/home/nawako05/finalproject_ws/build/image_processing': PYTHONPATH=/home/nawako05/finalproject_ws/build/image_processing/prefix_override:/usr/lib/python3/dist-packages/colcon_core/task/python/colcon_distutils_commands:/home/nawako05/finalproject_ws/install/image_processing/lib/python3.12/site-packages:${PYTHONPATH} /usr/bin/python3 -W ignore:setup.py install is deprecated -W ignore:easy_install command is deprecated setup.py develop --editable --build-directory /home/nawako05/finalproject_ws/build/image_processing/build --no-deps symlink_data
[7.827s] running develop
[8.427s] /usr/lib/python3/dist-packages/setuptools/command/easy_install.py:363: UserWarning: Unbuilt egg for pytest-repeat [unknown version] (/usr/lib/python3/dist-packages)
[8.427s]   self.local_index = Environment(self.shadow_path + sys.path)
[8.605s] running egg_info
[8.791s] writing image_processing.egg-info/PKG-INFO
[8.793s] writing dependency_links to image_processing.egg-info/dependency_links.txt
[8.793s] writing entry points to image_processing.egg-info/entry_points.txt
[8.794s] writing requirements to image_processing.egg-info/requires.txt
[8.794s] writing top-level names to image_processing.egg-info/top_level.txt
[8.938s] reading manifest file 'image_processing.egg-info/SOURCES.txt'
[8.942s] writing manifest file 'image_processing.egg-info/SOURCES.txt'
[9.053s] running build_ext
[9.055s] Creating /home/nawako05/finalproject_ws/install/image_processing/lib/python3.12/site-packages/image-processing.egg-link (link to .)
[9.056s] Installing arm_detect script to /home/nawako05/finalproject_ws/install/image_processing/lib/image_processing
[9.059s] Installing record script to /home/nawako05/finalproject_ws/install/image_processing/lib/image_processing
[9.059s] 
[9.059s] Installed /home/nawako05/finalproject_ws/build/image_processing
[9.059s] running symlink_data
[9.383s] Invoked command in '/home/nawako05/finalproject_ws/build/image_processing' returned '0': PYTHONPATH=/home/nawako05/finalproject_ws/build/image_processing/prefix_override:/usr/lib/python3/dist-packages/colcon_core/task/python/colcon_distutils_commands:/home/nawako05/finalproject_ws/install/image_processing/lib/python3.12/site-packages:${PYTHONPATH} /usr/bin/python3 -W ignore:setup.py install is deprecated -W ignore:easy_install command is deprecated setup.py develop --editable --build-directory /home/nawako05/finalproject_ws/build/image_processing/build --no-deps symlink_data
