[6.173s] Invoking command in '/home/nawako05/finalproject_ws/build/main_control': PYTHONPATH=/home/nawako05/finalproject_ws/build/main_control/prefix_override:/usr/lib/python3/dist-packages/colcon_core/task/python/colcon_distutils_commands:/home/nawako05/finalproject_ws/install/main_control/lib/python3.12/site-packages:${PYTHONPATH} /usr/bin/python3 -W ignore:setup.py install is deprecated -W ignore:easy_install command is deprecated setup.py develop --editable --build-directory /home/nawako05/finalproject_ws/build/main_control/build --no-deps symlink_data
[7.706s] running develop
[8.345s] /usr/lib/python3/dist-packages/setuptools/command/easy_install.py:363: UserWarning: Unbuilt egg for pytest-repeat [unknown version] (/usr/lib/python3/dist-packages)
[8.345s]   self.local_index = Environment(self.shadow_path + sys.path)
[8.458s] running egg_info
[8.699s] writing main_control.egg-info/PKG-INFO
[8.700s] writing dependency_links to main_control.egg-info/dependency_links.txt
[8.701s] writing entry points to main_control.egg-info/entry_points.txt
[8.701s] writing requirements to main_control.egg-info/requires.txt
[8.702s] writing top-level names to main_control.egg-info/top_level.txt
[8.878s] reading manifest file 'main_control.egg-info/SOURCES.txt'
[8.881s] writing manifest file 'main_control.egg-info/SOURCES.txt'
[8.969s] running build_ext
[8.997s] Creating /home/nawako05/finalproject_ws/install/main_control/lib/python3.12/site-packages/main-control.egg-link (link to .)
[9.001s] Installing hardware_bridge script to /home/nawako05/finalproject_ws/install/main_control/lib/main_control
[9.001s] Installing lidar_filter script to /home/nawako05/finalproject_ws/install/main_control/lib/main_control
[9.013s] 
[9.014s] Installed /home/nawako05/finalproject_ws/build/main_control
[9.014s] running symlink_data
[9.436s] Invoked command in '/home/nawako05/finalproject_ws/build/main_control' returned '0': PYTHONPATH=/home/nawako05/finalproject_ws/build/main_control/prefix_override:/usr/lib/python3/dist-packages/colcon_core/task/python/colcon_distutils_commands:/home/nawako05/finalproject_ws/install/main_control/lib/python3.12/site-packages:${PYTHONPATH} /usr/bin/python3 -W ignore:setup.py install is deprecated -W ignore:easy_install command is deprecated setup.py develop --editable --build-directory /home/nawako05/finalproject_ws/build/main_control/build --no-deps symlink_data
