[3.907s] Invoking command in '/home/nawako05/finalproject_ws/build/uart': PYTHONPATH=/home/nawako05/finalproject_ws/build/uart/prefix_override:/usr/lib/python3/dist-packages/colcon_core/task/python/colcon_distutils_commands:/home/nawako05/finalproject_ws/install/uart/lib/python3.12/site-packages:${PYTHONPATH} /usr/bin/python3 -W ignore:setup.py install is deprecated -W ignore:easy_install command is deprecated setup.py develop --editable --build-directory /home/nawako05/finalproject_ws/build/uart/build --no-deps symlink_data
[5.327s] running develop
[6.035s] /usr/lib/python3/dist-packages/setuptools/command/easy_install.py:363: UserWarning: Unbuilt egg for pytest-repeat [unknown version] (/usr/lib/python3/dist-packages)
[6.035s]   self.local_index = Environment(self.shadow_path + sys.path)
[6.125s] running egg_info
[6.231s] writing uart.egg-info/PKG-INFO
[6.232s] writing dependency_links to uart.egg-info/dependency_links.txt
[6.233s] writing entry points to uart.egg-info/entry_points.txt
[6.233s] writing requirements to uart.egg-info/requires.txt
[6.234s] writing top-level names to uart.egg-info/top_level.txt
[6.345s] reading manifest file 'uart.egg-info/SOURCES.txt'
[6.347s] writing manifest file 'uart.egg-info/SOURCES.txt'
[6.409s] running build_ext
[6.409s] Creating /home/nawako05/finalproject_ws/install/uart/lib/python3.12/site-packages/uart.egg-link (link to .)
[6.410s] Installing data_process script to /home/nawako05/finalproject_ws/install/uart/lib/uart
[6.410s] Installing uart_node script to /home/nawako05/finalproject_ws/install/uart/lib/uart
[6.410s] 
[6.410s] Installed /home/nawako05/finalproject_ws/build/uart
[6.410s] running symlink_data
[6.545s] Invoked command in '/home/nawako05/finalproject_ws/build/uart' returned '0': PYTHONPATH=/home/nawako05/finalproject_ws/build/uart/prefix_override:/usr/lib/python3/dist-packages/colcon_core/task/python/colcon_distutils_commands:/home/nawako05/finalproject_ws/install/uart/lib/python3.12/site-packages:${PYTHONPATH} /usr/bin/python3 -W ignore:setup.py install is deprecated -W ignore:easy_install command is deprecated setup.py develop --editable --build-directory /home/nawako05/finalproject_ws/build/uart/build --no-deps symlink_data
