[4.869s] Invoking command in '/home/nawako05/finalproject_ws/build/main_control': PYTHONPATH=/home/nawako05/finalproject_ws/build/main_control/prefix_override:/usr/lib/python3/dist-packages/colcon_core/task/python/colcon_distutils_commands:/home/nawako05/finalproject_ws/install/main_control/lib/python3.12/site-packages:${PYTHONPATH} /usr/bin/python3 -W ignore:setup.py install is deprecated -W ignore:easy_install command is deprecated setup.py develop --editable --build-directory /home/nawako05/finalproject_ws/build/main_control/build --no-deps symlink_data
[6.150s] running develop
[6.737s] /usr/lib/python3/dist-packages/setuptools/command/easy_install.py:363: UserWarning: Unbuilt egg for pytest-repeat [unknown version] (/usr/lib/python3/dist-packages)
[6.738s]   self.local_index = Environment(self.shadow_path + sys.path)
[6.850s] running egg_info
[7.008s] writing main_control.egg-info/PKG-INFO
[7.009s] writing dependency_links to main_control.egg-info/dependency_links.txt
[7.013s] writing entry points to main_control.egg-info/entry_points.txt
[7.013s] writing requirements to main_control.egg-info/requires.txt
[7.014s] writing top-level names to main_control.egg-info/top_level.txt
[7.204s] reading manifest file 'main_control.egg-info/SOURCES.txt'
[7.205s] writing manifest file 'main_control.egg-info/SOURCES.txt'
[7.319s] running build_ext
[7.321s] Creating /home/nawako05/finalproject_ws/install/main_control/lib/python3.12/site-packages/main-control.egg-link (link to .)
[7.321s] Installing command_input script to /home/nawako05/finalproject_ws/install/main_control/lib/main_control
[7.323s] Installing compensator script to /home/nawako05/finalproject_ws/install/main_control/lib/main_control
[7.325s] Installing floor_manager script to /home/nawako05/finalproject_ws/install/main_control/lib/main_control
[7.325s] Installing hardware_bridge script to /home/nawako05/finalproject_ws/install/main_control/lib/main_control
[7.326s] Installing lidar_filter script to /home/nawako05/finalproject_ws/install/main_control/lib/main_control
[7.328s] Installing sequence script to /home/nawako05/finalproject_ws/install/main_control/lib/main_control
[7.328s] Installing setpose script to /home/nawako05/finalproject_ws/install/main_control/lib/main_control
[7.330s] Installing state_machine script to /home/nawako05/finalproject_ws/install/main_control/lib/main_control
[7.332s] Installing waypoint_manage script to /home/nawako05/finalproject_ws/install/main_control/lib/main_control
[7.336s] 
[7.336s] Installed /home/nawako05/finalproject_ws/build/main_control
[7.336s] running symlink_data
[7.539s] Invoked command in '/home/nawako05/finalproject_ws/build/main_control' returned '0': PYTHONPATH=/home/nawako05/finalproject_ws/build/main_control/prefix_override:/usr/lib/python3/dist-packages/colcon_core/task/python/colcon_distutils_commands:/home/nawako05/finalproject_ws/install/main_control/lib/python3.12/site-packages:${PYTHONPATH} /usr/bin/python3 -W ignore:setup.py install is deprecated -W ignore:easy_install command is deprecated setup.py develop --editable --build-directory /home/nawako05/finalproject_ws/build/main_control/build --no-deps symlink_data
