[0.814s] DEBUG:colcon:Command line arguments: ['/usr/bin/colcon', 'build', '--symlink-install']
[0.814s] DEBUG:colcon:Parsed command line arguments: Namespace(log_base=None, log_level=None, verb_name='build', build_base='build', install_base='install', merge_install=False, symlink_install=True, test_result_base=None, continue_on_error=False, executor='parallel', parallel_workers=4, event_handlers=None, ignore_user_meta=False, metas=['./colcon.meta'], base_paths=['.'], packages_ignore=None, packages_ignore_regex=None, paths=None, packages_up_to=None, packages_up_to_regex=None, packages_above=None, packages_above_and_dependencies=None, packages_above_depth=None, packages_select_by_dep=None, packages_skip_by_dep=None, packages_skip_up_to=None, packages_select_build_failed=False, packages_skip_build_finished=False, packages_select_test_failures=False, packages_skip_test_passed=False, packages_select=None, packages_skip=None, packages_select_regex=None, packages_skip_regex=None, packages_start=None, packages_end=None, allow_overriding=[], cmake_args=None, cmake_target=None, cmake_target_skip_unavailable=False, cmake_clean_cache=False, cmake_clean_first=False, cmake_force_configure=False, ament_cmake_args=None, catkin_cmake_args=None, catkin_skip_building_tests=False, mixin_files=None, mixin=None, verb_parser=<colcon_mixin.mixin.mixin_argument.MixinArgumentDecorator object at 0xffff847ef020>, verb_extension=<colcon_core.verb.build.BuildVerb object at 0xffff8471b530>, main=<bound method BuildVerb.main of <colcon_core.verb.build.BuildVerb object at 0xffff8471b530>>, mixin_verb=('build',))
[0.967s] Level 1:colcon.colcon_core.package_discovery:discover_packages(colcon_meta) check parameters
[0.968s] Level 1:colcon.colcon_core.package_discovery:discover_packages(recursive) check parameters
[0.968s] Level 1:colcon.colcon_core.package_discovery:discover_packages(ignore) check parameters
[0.968s] Level 1:colcon.colcon_core.package_discovery:discover_packages(path) check parameters
[0.968s] Level 1:colcon.colcon_core.package_discovery:discover_packages(colcon_meta) discover
[0.968s] Level 1:colcon.colcon_core.package_discovery:discover_packages(recursive) discover
[0.968s] INFO:colcon.colcon_core.package_discovery:Crawling recursively for packages in '/home/nawako05/finalproject_ws'
[0.968s] Level 1:colcon.colcon_core.package_identification:_identify(.) by extensions ['ignore', 'ignore_ament_install']
[0.968s] Level 1:colcon.colcon_core.package_identification:_identify(.) by extension 'ignore'
[0.968s] Level 1:colcon.colcon_core.package_identification:_identify(.) by extension 'ignore_ament_install'
[0.968s] Level 1:colcon.colcon_core.package_identification:_identify(.) by extensions ['colcon_pkg']
[0.968s] Level 1:colcon.colcon_core.package_identification:_identify(.) by extension 'colcon_pkg'
[0.968s] Level 1:colcon.colcon_core.package_identification:_identify(.) by extensions ['colcon_meta']
[0.969s] Level 1:colcon.colcon_core.package_identification:_identify(.) by extension 'colcon_meta'
[0.969s] Level 1:colcon.colcon_core.package_identification:_identify(.) by extensions ['ros']
[0.969s] Level 1:colcon.colcon_core.package_identification:_identify(.) by extension 'ros'
[1.037s] Level 1:colcon.colcon_core.package_identification:_identify(.) by extensions ['cmake', 'python']
[1.037s] Level 1:colcon.colcon_core.package_identification:_identify(.) by extension 'cmake'
[1.037s] Level 1:colcon.colcon_core.package_identification:_identify(.) by extension 'python'
[1.037s] Level 1:colcon.colcon_core.package_identification:_identify(.) by extensions ['python_setup_py']
[1.037s] Level 1:colcon.colcon_core.package_identification:_identify(.) by extension 'python_setup_py'
[1.037s] Level 1:colcon.colcon_core.package_identification:_identify(build) by extensions ['ignore', 'ignore_ament_install']
[1.037s] Level 1:colcon.colcon_core.package_identification:_identify(build) by extension 'ignore'
[1.037s] Level 1:colcon.colcon_core.package_identification:_identify(build) ignored
[1.038s] Level 1:colcon.colcon_core.package_identification:_identify(install) by extensions ['ignore', 'ignore_ament_install']
[1.038s] Level 1:colcon.colcon_core.package_identification:_identify(install) by extension 'ignore'
[1.038s] Level 1:colcon.colcon_core.package_identification:_identify(install) ignored
[1.038s] Level 1:colcon.colcon_core.package_identification:_identify(log) by extensions ['ignore', 'ignore_ament_install']
[1.038s] Level 1:colcon.colcon_core.package_identification:_identify(log) by extension 'ignore'
[1.038s] Level 1:colcon.colcon_core.package_identification:_identify(log) ignored
[1.039s] Level 1:colcon.colcon_core.package_identification:_identify(src) by extensions ['ignore', 'ignore_ament_install']
[1.039s] Level 1:colcon.colcon_core.package_identification:_identify(src) by extension 'ignore'
[1.039s] Level 1:colcon.colcon_core.package_identification:_identify(src) by extension 'ignore_ament_install'
[1.039s] Level 1:colcon.colcon_core.package_identification:_identify(src) by extensions ['colcon_pkg']
[1.039s] Level 1:colcon.colcon_core.package_identification:_identify(src) by extension 'colcon_pkg'
[1.039s] Level 1:colcon.colcon_core.package_identification:_identify(src) by extensions ['colcon_meta']
[1.039s] Level 1:colcon.colcon_core.package_identification:_identify(src) by extension 'colcon_meta'
[1.039s] Level 1:colcon.colcon_core.package_identification:_identify(src) by extensions ['ros']
[1.039s] Level 1:colcon.colcon_core.package_identification:_identify(src) by extension 'ros'
[1.039s] Level 1:colcon.colcon_core.package_identification:_identify(src) by extensions ['cmake', 'python']
[1.039s] Level 1:colcon.colcon_core.package_identification:_identify(src) by extension 'cmake'
[1.039s] Level 1:colcon.colcon_core.package_identification:_identify(src) by extension 'python'
[1.039s] Level 1:colcon.colcon_core.package_identification:_identify(src) by extensions ['python_setup_py']
[1.039s] Level 1:colcon.colcon_core.package_identification:_identify(src) by extension 'python_setup_py'
[1.040s] Level 1:colcon.colcon_core.package_identification:_identify(src/debugger) by extensions ['ignore', 'ignore_ament_install']
[1.040s] Level 1:colcon.colcon_core.package_identification:_identify(src/debugger) by extension 'ignore'
[1.040s] Level 1:colcon.colcon_core.package_identification:_identify(src/debugger) by extension 'ignore_ament_install'
[1.040s] Level 1:colcon.colcon_core.package_identification:_identify(src/debugger) by extensions ['colcon_pkg']
[1.040s] Level 1:colcon.colcon_core.package_identification:_identify(src/debugger) by extension 'colcon_pkg'
[1.040s] Level 1:colcon.colcon_core.package_identification:_identify(src/debugger) by extensions ['colcon_meta']
[1.040s] Level 1:colcon.colcon_core.package_identification:_identify(src/debugger) by extension 'colcon_meta'
[1.040s] Level 1:colcon.colcon_core.package_identification:_identify(src/debugger) by extensions ['ros']
[1.040s] Level 1:colcon.colcon_core.package_identification:_identify(src/debugger) by extension 'ros'
[1.046s] DEBUG:colcon.colcon_core.package_identification:Package 'src/debugger' with type 'ros.ament_python' and name 'debugger'
[1.047s] Level 1:colcon.colcon_core.package_identification:_identify(src/image_processing) by extensions ['ignore', 'ignore_ament_install']
[1.047s] Level 1:colcon.colcon_core.package_identification:_identify(src/image_processing) by extension 'ignore'
[1.047s] Level 1:colcon.colcon_core.package_identification:_identify(src/image_processing) by extension 'ignore_ament_install'
[1.047s] Level 1:colcon.colcon_core.package_identification:_identify(src/image_processing) by extensions ['colcon_pkg']
[1.047s] Level 1:colcon.colcon_core.package_identification:_identify(src/image_processing) by extension 'colcon_pkg'
[1.047s] Level 1:colcon.colcon_core.package_identification:_identify(src/image_processing) by extensions ['colcon_meta']
[1.047s] Level 1:colcon.colcon_core.package_identification:_identify(src/image_processing) by extension 'colcon_meta'
[1.047s] Level 1:colcon.colcon_core.package_identification:_identify(src/image_processing) by extensions ['ros']
[1.047s] Level 1:colcon.colcon_core.package_identification:_identify(src/image_processing) by extension 'ros'
[1.048s] DEBUG:colcon.colcon_core.package_identification:Package 'src/image_processing' with type 'ros.ament_python' and name 'image_processing'
[1.049s] Level 1:colcon.colcon_core.package_identification:_identify(src/main_control) by extensions ['ignore', 'ignore_ament_install']
[1.049s] Level 1:colcon.colcon_core.package_identification:_identify(src/main_control) by extension 'ignore'
[1.049s] Level 1:colcon.colcon_core.package_identification:_identify(src/main_control) by extension 'ignore_ament_install'
[1.049s] Level 1:colcon.colcon_core.package_identification:_identify(src/main_control) by extensions ['colcon_pkg']
[1.049s] Level 1:colcon.colcon_core.package_identification:_identify(src/main_control) by extension 'colcon_pkg'
[1.049s] Level 1:colcon.colcon_core.package_identification:_identify(src/main_control) by extensions ['colcon_meta']
[1.049s] Level 1:colcon.colcon_core.package_identification:_identify(src/main_control) by extension 'colcon_meta'
[1.049s] Level 1:colcon.colcon_core.package_identification:_identify(src/main_control) by extensions ['ros']
[1.049s] Level 1:colcon.colcon_core.package_identification:_identify(src/main_control) by extension 'ros'
[1.051s] DEBUG:colcon.colcon_core.package_identification:Package 'src/main_control' with type 'ros.ament_python' and name 'main_control'
[1.051s] Level 1:colcon.colcon_core.package_identification:_identify(src/main_system) by extensions ['ignore', 'ignore_ament_install']
[1.051s] Level 1:colcon.colcon_core.package_identification:_identify(src/main_system) by extension 'ignore'
[1.051s] Level 1:colcon.colcon_core.package_identification:_identify(src/main_system) by extension 'ignore_ament_install'
[1.051s] Level 1:colcon.colcon_core.package_identification:_identify(src/main_system) by extensions ['colcon_pkg']
[1.051s] Level 1:colcon.colcon_core.package_identification:_identify(src/main_system) by extension 'colcon_pkg'
[1.051s] Level 1:colcon.colcon_core.package_identification:_identify(src/main_system) by extensions ['colcon_meta']
[1.051s] Level 1:colcon.colcon_core.package_identification:_identify(src/main_system) by extension 'colcon_meta'
[1.052s] Level 1:colcon.colcon_core.package_identification:_identify(src/main_system) by extensions ['ros']
[1.052s] Level 1:colcon.colcon_core.package_identification:_identify(src/main_system) by extension 'ros'
[1.053s] DEBUG:colcon.colcon_core.package_identification:Package 'src/main_system' with type 'ros.ament_cmake' and name 'main_system'
[1.053s] Level 1:colcon.colcon_core.package_identification:_identify(src/uart) by extensions ['ignore', 'ignore_ament_install']
[1.053s] Level 1:colcon.colcon_core.package_identification:_identify(src/uart) by extension 'ignore'
[1.053s] Level 1:colcon.colcon_core.package_identification:_identify(src/uart) by extension 'ignore_ament_install'
[1.053s] Level 1:colcon.colcon_core.package_identification:_identify(src/uart) by extensions ['colcon_pkg']
[1.053s] Level 1:colcon.colcon_core.package_identification:_identify(src/uart) by extension 'colcon_pkg'
[1.054s] Level 1:colcon.colcon_core.package_identification:_identify(src/uart) by extensions ['colcon_meta']
[1.054s] Level 1:colcon.colcon_core.package_identification:_identify(src/uart) by extension 'colcon_meta'
[1.054s] Level 1:colcon.colcon_core.package_identification:_identify(src/uart) by extensions ['ros']
[1.054s] Level 1:colcon.colcon_core.package_identification:_identify(src/uart) by extension 'ros'
[1.055s] DEBUG:colcon.colcon_core.package_identification:Package 'src/uart' with type 'ros.ament_python' and name 'uart'
[1.055s] Level 1:colcon.colcon_core.package_discovery:discover_packages(recursive) using defaults
[1.055s] Level 1:colcon.colcon_core.package_discovery:discover_packages(ignore) discover
[1.055s] Level 1:colcon.colcon_core.package_discovery:discover_packages(ignore) using defaults
[1.055s] Level 1:colcon.colcon_core.package_discovery:discover_packages(path) discover
[1.055s] Level 1:colcon.colcon_core.package_discovery:discover_packages(path) using defaults
[1.173s] Level 1:colcon.colcon_core.package_discovery:discover_packages(prefix_path) check parameters
[1.173s] Level 1:colcon.colcon_core.package_discovery:discover_packages(prefix_path) discover
[1.201s] DEBUG:colcon.colcon_installed_package_information.package_discovery:Found 5 installed packages in /home/nawako05/finalproject_ws/install
[1.214s] DEBUG:colcon.colcon_installed_package_information.package_discovery:Found 365 installed packages in /home/nawako05/ros2_jazzy/install
[1.218s] DEBUG:colcon.colcon_installed_package_information.package_discovery:Found 302 installed packages in /opt/ros/jazzy
[1.227s] Level 1:colcon.colcon_core.package_discovery:discover_packages(prefix_path) using defaults
[2.338s] Level 5:colcon.colcon_core.verb:set package 'debugger' build argument 'cmake_args' from command line to 'None'
[2.338s] Level 5:colcon.colcon_core.verb:set package 'debugger' build argument 'cmake_target' from command line to 'None'
[2.338s] Level 5:colcon.colcon_core.verb:set package 'debugger' build argument 'cmake_target_skip_unavailable' from command line to 'False'
[2.338s] Level 5:colcon.colcon_core.verb:set package 'debugger' build argument 'cmake_clean_cache' from command line to 'False'
[2.338s] Level 5:colcon.colcon_core.verb:set package 'debugger' build argument 'cmake_clean_first' from command line to 'False'
[2.338s] Level 5:colcon.colcon_core.verb:set package 'debugger' build argument 'cmake_force_configure' from command line to 'False'
[2.338s] Level 5:colcon.colcon_core.verb:set package 'debugger' build argument 'ament_cmake_args' from command line to 'None'
[2.339s] Level 5:colcon.colcon_core.verb:set package 'debugger' build argument 'catkin_cmake_args' from command line to 'None'
[2.339s] Level 5:colcon.colcon_core.verb:set package 'debugger' build argument 'catkin_skip_building_tests' from command line to 'False'
[2.339s] DEBUG:colcon.colcon_core.verb:Building package 'debugger' with the following arguments: {'ament_cmake_args': None, 'build_base': '/home/nawako05/finalproject_ws/build/debugger', 'catkin_cmake_args': None, 'catkin_skip_building_tests': False, 'cmake_args': None, 'cmake_clean_cache': False, 'cmake_clean_first': False, 'cmake_force_configure': False, 'cmake_target': None, 'cmake_target_skip_unavailable': False, 'install_base': '/home/nawako05/finalproject_ws/install/debugger', 'merge_install': False, 'path': '/home/nawako05/finalproject_ws/src/debugger', 'symlink_install': True, 'test_result_base': None}
[2.339s] Level 5:colcon.colcon_core.verb:set package 'image_processing' build argument 'cmake_args' from command line to 'None'
[2.339s] Level 5:colcon.colcon_core.verb:set package 'image_processing' build argument 'cmake_target' from command line to 'None'
[2.339s] Level 5:colcon.colcon_core.verb:set package 'image_processing' build argument 'cmake_target_skip_unavailable' from command line to 'False'
[2.339s] Level 5:colcon.colcon_core.verb:set package 'image_processing' build argument 'cmake_clean_cache' from command line to 'False'
[2.339s] Level 5:colcon.colcon_core.verb:set package 'image_processing' build argument 'cmake_clean_first' from command line to 'False'
[2.339s] Level 5:colcon.colcon_core.verb:set package 'image_processing' build argument 'cmake_force_configure' from command line to 'False'
[2.339s] Level 5:colcon.colcon_core.verb:set package 'image_processing' build argument 'ament_cmake_args' from command line to 'None'
[2.339s] Level 5:colcon.colcon_core.verb:set package 'image_processing' build argument 'catkin_cmake_args' from command line to 'None'
[2.339s] Level 5:colcon.colcon_core.verb:set package 'image_processing' build argument 'catkin_skip_building_tests' from command line to 'False'
[2.339s] DEBUG:colcon.colcon_core.verb:Building package 'image_processing' with the following arguments: {'ament_cmake_args': None, 'build_base': '/home/nawako05/finalproject_ws/build/image_processing', 'catkin_cmake_args': None, 'catkin_skip_building_tests': False, 'cmake_args': None, 'cmake_clean_cache': False, 'cmake_clean_first': False, 'cmake_force_configure': False, 'cmake_target': None, 'cmake_target_skip_unavailable': False, 'install_base': '/home/nawako05/finalproject_ws/install/image_processing', 'merge_install': False, 'path': '/home/nawako05/finalproject_ws/src/image_processing', 'symlink_install': True, 'test_result_base': None}
[2.340s] Level 5:colcon.colcon_core.verb:set package 'main_control' build argument 'cmake_args' from command line to 'None'
[2.340s] Level 5:colcon.colcon_core.verb:set package 'main_control' build argument 'cmake_target' from command line to 'None'
[2.340s] Level 5:colcon.colcon_core.verb:set package 'main_control' build argument 'cmake_target_skip_unavailable' from command line to 'False'
[2.340s] Level 5:colcon.colcon_core.verb:set package 'main_control' build argument 'cmake_clean_cache' from command line to 'False'
[2.340s] Level 5:colcon.colcon_core.verb:set package 'main_control' build argument 'cmake_clean_first' from command line to 'False'
[2.340s] Level 5:colcon.colcon_core.verb:set package 'main_control' build argument 'cmake_force_configure' from command line to 'False'
[2.340s] Level 5:colcon.colcon_core.verb:set package 'main_control' build argument 'ament_cmake_args' from command line to 'None'
[2.340s] Level 5:colcon.colcon_core.verb:set package 'main_control' build argument 'catkin_cmake_args' from command line to 'None'
[2.340s] Level 5:colcon.colcon_core.verb:set package 'main_control' build argument 'catkin_skip_building_tests' from command line to 'False'
[2.340s] DEBUG:colcon.colcon_core.verb:Building package 'main_control' with the following arguments: {'ament_cmake_args': None, 'build_base': '/home/nawako05/finalproject_ws/build/main_control', 'catkin_cmake_args': None, 'catkin_skip_building_tests': False, 'cmake_args': None, 'cmake_clean_cache': False, 'cmake_clean_first': False, 'cmake_force_configure': False, 'cmake_target': None, 'cmake_target_skip_unavailable': False, 'install_base': '/home/nawako05/finalproject_ws/install/main_control', 'merge_install': False, 'path': '/home/nawako05/finalproject_ws/src/main_control', 'symlink_install': True, 'test_result_base': None}
[2.340s] Level 5:colcon.colcon_core.verb:set package 'main_system' build argument 'cmake_args' from command line to 'None'
[2.340s] Level 5:colcon.colcon_core.verb:set package 'main_system' build argument 'cmake_target' from command line to 'None'
[2.340s] Level 5:colcon.colcon_core.verb:set package 'main_system' build argument 'cmake_target_skip_unavailable' from command line to 'False'
[2.340s] Level 5:colcon.colcon_core.verb:set package 'main_system' build argument 'cmake_clean_cache' from command line to 'False'
[2.340s] Level 5:colcon.colcon_core.verb:set package 'main_system' build argument 'cmake_clean_first' from command line to 'False'
[2.340s] Level 5:colcon.colcon_core.verb:set package 'main_system' build argument 'cmake_force_configure' from command line to 'False'
[2.340s] Level 5:colcon.colcon_core.verb:set package 'main_system' build argument 'ament_cmake_args' from command line to 'None'
[2.341s] Level 5:colcon.colcon_core.verb:set package 'main_system' build argument 'catkin_cmake_args' from command line to 'None'
[2.341s] Level 5:colcon.colcon_core.verb:set package 'main_system' build argument 'catkin_skip_building_tests' from command line to 'False'
[2.341s] DEBUG:colcon.colcon_core.verb:Building package 'main_system' with the following arguments: {'ament_cmake_args': None, 'build_base': '/home/nawako05/finalproject_ws/build/main_system', 'catkin_cmake_args': None, 'catkin_skip_building_tests': False, 'cmake_args': None, 'cmake_clean_cache': False, 'cmake_clean_first': False, 'cmake_force_configure': False, 'cmake_target': None, 'cmake_target_skip_unavailable': False, 'install_base': '/home/nawako05/finalproject_ws/install/main_system', 'merge_install': False, 'path': '/home/nawako05/finalproject_ws/src/main_system', 'symlink_install': True, 'test_result_base': None}
[2.341s] Level 5:colcon.colcon_core.verb:set package 'uart' build argument 'cmake_args' from command line to 'None'
[2.341s] Level 5:colcon.colcon_core.verb:set package 'uart' build argument 'cmake_target' from command line to 'None'
[2.341s] Level 5:colcon.colcon_core.verb:set package 'uart' build argument 'cmake_target_skip_unavailable' from command line to 'False'
[2.341s] Level 5:colcon.colcon_core.verb:set package 'uart' build argument 'cmake_clean_cache' from command line to 'False'
[2.341s] Level 5:colcon.colcon_core.verb:set package 'uart' build argument 'cmake_clean_first' from command line to 'False'
[2.341s] Level 5:colcon.colcon_core.verb:set package 'uart' build argument 'cmake_force_configure' from command line to 'False'
[2.341s] Level 5:colcon.colcon_core.verb:set package 'uart' build argument 'ament_cmake_args' from command line to 'None'
[2.341s] Level 5:colcon.colcon_core.verb:set package 'uart' build argument 'catkin_cmake_args' from command line to 'None'
[2.341s] Level 5:colcon.colcon_core.verb:set package 'uart' build argument 'catkin_skip_building_tests' from command line to 'False'
[2.341s] DEBUG:colcon.colcon_core.verb:Building package 'uart' with the following arguments: {'ament_cmake_args': None, 'build_base': '/home/nawako05/finalproject_ws/build/uart', 'catkin_cmake_args': None, 'catkin_skip_building_tests': False, 'cmake_args': None, 'cmake_clean_cache': False, 'cmake_clean_first': False, 'cmake_force_configure': False, 'cmake_target': None, 'cmake_target_skip_unavailable': False, 'install_base': '/home/nawako05/finalproject_ws/install/uart', 'merge_install': False, 'path': '/home/nawako05/finalproject_ws/src/uart', 'symlink_install': True, 'test_result_base': None}
[2.341s] INFO:colcon.colcon_core.executor:Executing jobs using 'parallel' executor
[2.343s] DEBUG:colcon.colcon_parallel_executor.executor.parallel:run_until_complete
[2.343s] INFO:colcon.colcon_ros.task.ament_python.build:Building ROS package in '/home/nawako05/finalproject_ws/src/debugger' with build type 'ament_python'
[2.343s] Level 1:colcon.colcon_core.shell:create_environment_hook('debugger', 'ament_prefix_path')
[2.359s] INFO:colcon.colcon_core.plugin_system:Skipping extension 'colcon_core.shell.bat': Not used on non-Windows systems
[2.359s] INFO:colcon.colcon_core.shell:Creating environment hook '/home/nawako05/finalproject_ws/install/debugger/share/debugger/hook/ament_prefix_path.ps1'
[2.361s] INFO:colcon.colcon_core.shell:Creating environment descriptor '/home/nawako05/finalproject_ws/install/debugger/share/debugger/hook/ament_prefix_path.dsv'
[2.365s] INFO:colcon.colcon_core.shell:Creating environment hook '/home/nawako05/finalproject_ws/install/debugger/share/debugger/hook/ament_prefix_path.sh'
[2.368s] INFO:colcon.colcon_core.shell:Skip shell extension 'powershell' for command environment: Not usable outside of PowerShell
[2.369s] DEBUG:colcon.colcon_core.shell:Skip shell extension 'dsv' for command environment
[2.408s] INFO:colcon.colcon_ros.task.ament_python.build:Building ROS package in '/home/nawako05/finalproject_ws/src/image_processing' with build type 'ament_python'
[2.408s] Level 1:colcon.colcon_core.shell:create_environment_hook('image_processing', 'ament_prefix_path')
[2.409s] INFO:colcon.colcon_core.shell:Creating environment hook '/home/nawako05/finalproject_ws/install/image_processing/share/image_processing/hook/ament_prefix_path.ps1'
[2.410s] INFO:colcon.colcon_core.shell:Creating environment descriptor '/home/nawako05/finalproject_ws/install/image_processing/share/image_processing/hook/ament_prefix_path.dsv'
[2.412s] INFO:colcon.colcon_core.shell:Creating environment hook '/home/nawako05/finalproject_ws/install/image_processing/share/image_processing/hook/ament_prefix_path.sh'
[2.416s] INFO:colcon.colcon_core.shell:Skip shell extension 'powershell' for command environment: Not usable outside of PowerShell
[2.416s] DEBUG:colcon.colcon_core.shell:Skip shell extension 'dsv' for command environment
[2.454s] INFO:colcon.colcon_ros.task.ament_python.build:Building ROS package in '/home/nawako05/finalproject_ws/src/main_control' with build type 'ament_python'
[2.454s] Level 1:colcon.colcon_core.shell:create_environment_hook('main_control', 'ament_prefix_path')
[2.455s] INFO:colcon.colcon_core.shell:Creating environment hook '/home/nawako05/finalproject_ws/install/main_control/share/main_control/hook/ament_prefix_path.ps1'
[2.456s] INFO:colcon.colcon_core.shell:Creating environment descriptor '/home/nawako05/finalproject_ws/install/main_control/share/main_control/hook/ament_prefix_path.dsv'
[2.459s] INFO:colcon.colcon_core.shell:Creating environment hook '/home/nawako05/finalproject_ws/install/main_control/share/main_control/hook/ament_prefix_path.sh'
[2.462s] INFO:colcon.colcon_core.shell:Skip shell extension 'powershell' for command environment: Not usable outside of PowerShell
[2.462s] DEBUG:colcon.colcon_core.shell:Skip shell extension 'dsv' for command environment
[2.498s] INFO:colcon.colcon_ros.task.ament_cmake.build:Building ROS package in '/home/nawako05/finalproject_ws/src/main_system' with build type 'ament_cmake'
[2.498s] INFO:colcon.colcon_cmake.task.cmake.build:Building CMake package in '/home/nawako05/finalproject_ws/src/main_system'
[2.499s] INFO:colcon.colcon_core.shell:Skip shell extension 'powershell' for command environment: Not usable outside of PowerShell
[2.499s] DEBUG:colcon.colcon_core.shell:Skip shell extension 'dsv' for command environment
[3.315s] INFO:colcon.colcon_core.task.python.build:Building Python package in '/home/nawako05/finalproject_ws/src/image_processing'
[3.315s] INFO:colcon.colcon_core.shell:Skip shell extension 'powershell' for command environment: Not usable outside of PowerShell
[3.315s] DEBUG:colcon.colcon_core.shell:Skip shell extension 'dsv' for command environment
[4.130s] INFO:colcon.colcon_core.task.python.build:Building Python package in '/home/nawako05/finalproject_ws/src/main_control'
[4.131s] INFO:colcon.colcon_core.shell:Skip shell extension 'powershell' for command environment: Not usable outside of PowerShell
[4.131s] DEBUG:colcon.colcon_core.shell:Skip shell extension 'dsv' for command environment
[4.952s] INFO:colcon.colcon_core.task.python.build:Building Python package in '/home/nawako05/finalproject_ws/src/debugger'
[4.952s] INFO:colcon.colcon_core.shell:Skip shell extension 'powershell' for command environment: Not usable outside of PowerShell
[4.952s] DEBUG:colcon.colcon_core.shell:Skip shell extension 'dsv' for command environment
[5.047s] DEBUG:colcon.colcon_core.event_handler.log_command:Invoking command in '/home/nawako05/finalproject_ws/build/main_system': CMAKE_PREFIX_PATH=${CMAKE_PREFIX_PATH}:/home/nawako05/finalproject_ws/install/uart:/home/nawako05/finalproject_ws/install/main_control:/home/nawako05/finalproject_ws/install/image_processing:/home/nawako05/finalproject_ws/install/debugger:/opt/ros/jazzy:/home/nawako05/ros2_jazzy/install/rqt_bag_plugins:/home/nawako05/ros2_jazzy/install/launch_testing_examples:/home/nawako05/ros2_jazzy/install/ros2bag:/home/nawako05/ros2_jazzy/install/rqt_bag:/home/nawako05/ros2_jazzy/install/rosbag2_examples_py:/home/nawako05/ros2_jazzy/install/tracetools_test:/home/nawako05/ros2_jazzy/install/tracetools_launch:/home/nawako05/ros2_jazzy/install/topic_monitor:/home/nawako05/ros2_jazzy/install/tf2_tools:/home/nawako05/ros2_jazzy/install/examples_tf2_py:/home/nawako05/ros2_jazzy/install/tf2_ros_py:/home/nawako05/ros2_jazzy/install/examples_rclpy_pointcloud_publisher:/home/nawako05/ros2_jazzy/install/sensor_msgs_py:/home/nawako05/ros2_jazzy/install/quality_of_service_demo_py:/home/nawako05/ros2_jazzy/install/camera_info_manager_py:/home/nawako05/ros2_jazzy/install/rqt_plot:/home/nawako05/ros2_jazzy/install/ros2doctor:/home/nawako05/ros2_jazzy/install/lifecycle_py:/home/nawako05/ros2_jazzy/install/examples_rclpy_minimal_subscriber:/home/nawako05/ros2_jazzy/install/examples_rclpy_minimal_service:/home/nawako05/ros2_jazzy/install/examples_rclpy_minimal_publisher:/home/nawako05/ros2_jazzy/install/examples_rclpy_minimal_client:/home/nawako05/ros2_jazzy/install/examples_rclpy_executors:/home/nawako05/ros2_jazzy/install/demo_nodes_py:/home/nawako05/ros2_jazzy/install/rqt:/home/nawako05/ros2_jazzy/install/ros2component:/home/nawako05/ros2_jazzy/install/sros2:/home/nawako05/ros2_jazzy/install/rqt_topic:/home/nawako05/ros2_jazzy/install/rqt_srv:/home/nawako05/ros2_jazzy/install/rqt_shell:/home/nawako05/ros2_jazzy/install/rqt_service_caller:/home/nawako05/ros2_jazzy/install/rqt_reconfigure:/home/nawako05/ros2_jazzy/install/rqt_py_console:/home/nawako05/ros2_jazzy/install/rqt_publisher:/home/nawako05/ros2_jazzy/install/rqt_action:/home/nawako05/ros2_jazzy/install/rqt_msg:/home/nawako05/ros2_jazzy/install/rqt_console:/home/nawako05/ros2_jazzy/install/rqt_graph:/home/nawako05/ros2_jazzy/install/rqt_gui_py:/home/nawako05/ros2_jazzy/install/rqt_gui:/home/nawako05/ros2_jazzy/install/ros2trace:/home/nawako05/ros2_jazzy/install/ros2param:/home/nawako05/ros2_jazzy/install/ros2lifecycle:/home/nawako05/ros2_jazzy/install/ros2service:/home/nawako05/ros2_jazzy/install/ros2topic:/home/nawako05/ros2_jazzy/install/ros2test:/home/nawako05/ros2_jazzy/install/ros2run:/home/nawako05/ros2_jazzy/install/ros2plugin:/home/nawako05/ros2_jazzy/install/ros2launch:/home/nawako05/ros2_jazzy/install/ros2pkg:/home/nawako05/ros2_jazzy/install/ros2node:/home/nawako05/ros2_jazzy/install/ros2multicast:/home/nawako05/ros2_jazzy/install/ros2interface:/home/nawako05/ros2_jazzy/install/ros2action:/home/nawako05/ros2_jazzy/install/ros2cli:/home/nawako05/ros2_jazzy/install/launch_testing_ros:/home/nawako05/ros2_jazzy/install/launch_ros:/home/nawako05/ros2_jazzy/install/examples_rclpy_minimal_action_server:/home/nawako05/ros2_jazzy/install/examples_rclpy_minimal_action_client:/home/nawako05/ros2_jazzy/install/examples_rclpy_guard_conditions:/home/nawako05/ros2_jazzy/install/action_tutorials_py:/home/nawako05/ros2_jazzy/install/ament_uncrustify:/home/nawako05/ros2_jazzy/install/tracetools_trace:/home/nawako05/ros2_jazzy/install/tracetools_read:/home/nawako05/ros2_jazzy/install/test_tracetools_launch:/home/nawako05/ros2_jazzy/install/test_ros2trace:/home/nawako05/ros2_jazzy/install/test_launch_ros:/home/nawako05/ros2_jazzy/install/rpyutils:/home/nawako05/ros2_jazzy/install/rosidl_runtime_py:/home/nawako05/ros2_jazzy/install/rosidl_pycommon:/home/nawako05/ros2_jazzy/install/rosidl_cli:/home/nawako05/ros2_jazzy/install/launch_pytest:/home/nawako05/ros2_jazzy/install/launch_testing:/home/nawako05/ros2_jazzy/install/launch_yaml:/home/nawako05/ros2_jazzy/install/launch_xml:/home/nawako05/ros2_jazzy/install/launch:/home/nawako05/ros2_jazzy/install/osrf_pycommon:/home/nawako05/ros2_jazzy/install/domain_coordinator:/home/nawako05/ros2_jazzy/install/ament_xmllint:/home/nawako05/ros2_jazzy/install/ament_pyflakes:/home/nawako05/ros2_jazzy/install/ament_pycodestyle:/home/nawako05/ros2_jazzy/install/ament_pep257:/home/nawako05/ros2_jazzy/install/ament_pclint:/home/nawako05/ros2_jazzy/install/ament_package:/home/nawako05/ros2_jazzy/install/ament_mypy:/home/nawako05/ros2_jazzy/install/ament_lint_cmake:/home/nawako05/ros2_jazzy/install/ament_flake8:/home/nawako05/ros2_jazzy/install/ament_copyright:/home/nawako05/ros2_jazzy/install/ament_lint:/home/nawako05/ros2_jazzy/install/ament_index_python:/home/nawako05/ros2_jazzy/install/ament_cpplint:/home/nawako05/ros2_jazzy/install/ament_cppcheck:/home/nawako05/ros2_jazzy/install/ament_clang_tidy:/home/nawako05/ros2_jazzy/install/ament_clang_format /usr/bin/cmake --build /home/nawako05/finalproject_ws/build/main_system -- -j4 -l4
[5.810s] DEBUG:colcon.colcon_core.event_handler.log_command:Invoked command in '/home/nawako05/finalproject_ws/build/main_system' returned '0': CMAKE_PREFIX_PATH=${CMAKE_PREFIX_PATH}:/home/nawako05/finalproject_ws/install/uart:/home/nawako05/finalproject_ws/install/main_control:/home/nawako05/finalproject_ws/install/image_processing:/home/nawako05/finalproject_ws/install/debugger:/opt/ros/jazzy:/home/nawako05/ros2_jazzy/install/rqt_bag_plugins:/home/nawako05/ros2_jazzy/install/launch_testing_examples:/home/nawako05/ros2_jazzy/install/ros2bag:/home/nawako05/ros2_jazzy/install/rqt_bag:/home/nawako05/ros2_jazzy/install/rosbag2_examples_py:/home/nawako05/ros2_jazzy/install/tracetools_test:/home/nawako05/ros2_jazzy/install/tracetools_launch:/home/nawako05/ros2_jazzy/install/topic_monitor:/home/nawako05/ros2_jazzy/install/tf2_tools:/home/nawako05/ros2_jazzy/install/examples_tf2_py:/home/nawako05/ros2_jazzy/install/tf2_ros_py:/home/nawako05/ros2_jazzy/install/examples_rclpy_pointcloud_publisher:/home/nawako05/ros2_jazzy/install/sensor_msgs_py:/home/nawako05/ros2_jazzy/install/quality_of_service_demo_py:/home/nawako05/ros2_jazzy/install/camera_info_manager_py:/home/nawako05/ros2_jazzy/install/rqt_plot:/home/nawako05/ros2_jazzy/install/ros2doctor:/home/nawako05/ros2_jazzy/install/lifecycle_py:/home/nawako05/ros2_jazzy/install/examples_rclpy_minimal_subscriber:/home/nawako05/ros2_jazzy/install/examples_rclpy_minimal_service:/home/nawako05/ros2_jazzy/install/examples_rclpy_minimal_publisher:/home/nawako05/ros2_jazzy/install/examples_rclpy_minimal_client:/home/nawako05/ros2_jazzy/install/examples_rclpy_executors:/home/nawako05/ros2_jazzy/install/demo_nodes_py:/home/nawako05/ros2_jazzy/install/rqt:/home/nawako05/ros2_jazzy/install/ros2component:/home/nawako05/ros2_jazzy/install/sros2:/home/nawako05/ros2_jazzy/install/rqt_topic:/home/nawako05/ros2_jazzy/install/rqt_srv:/home/nawako05/ros2_jazzy/install/rqt_shell:/home/nawako05/ros2_jazzy/install/rqt_service_caller:/home/nawako05/ros2_jazzy/install/rqt_reconfigure:/home/nawako05/ros2_jazzy/install/rqt_py_console:/home/nawako05/ros2_jazzy/install/rqt_publisher:/home/nawako05/ros2_jazzy/install/rqt_action:/home/nawako05/ros2_jazzy/install/rqt_msg:/home/nawako05/ros2_jazzy/install/rqt_console:/home/nawako05/ros2_jazzy/install/rqt_graph:/home/nawako05/ros2_jazzy/install/rqt_gui_py:/home/nawako05/ros2_jazzy/install/rqt_gui:/home/nawako05/ros2_jazzy/install/ros2trace:/home/nawako05/ros2_jazzy/install/ros2param:/home/nawako05/ros2_jazzy/install/ros2lifecycle:/home/nawako05/ros2_jazzy/install/ros2service:/home/nawako05/ros2_jazzy/install/ros2topic:/home/nawako05/ros2_jazzy/install/ros2test:/home/nawako05/ros2_jazzy/install/ros2run:/home/nawako05/ros2_jazzy/install/ros2plugin:/home/nawako05/ros2_jazzy/install/ros2launch:/home/nawako05/ros2_jazzy/install/ros2pkg:/home/nawako05/ros2_jazzy/install/ros2node:/home/nawako05/ros2_jazzy/install/ros2multicast:/home/nawako05/ros2_jazzy/install/ros2interface:/home/nawako05/ros2_jazzy/install/ros2action:/home/nawako05/ros2_jazzy/install/ros2cli:/home/nawako05/ros2_jazzy/install/launch_testing_ros:/home/nawako05/ros2_jazzy/install/launch_ros:/home/nawako05/ros2_jazzy/install/examples_rclpy_minimal_action_server:/home/nawako05/ros2_jazzy/install/examples_rclpy_minimal_action_client:/home/nawako05/ros2_jazzy/install/examples_rclpy_guard_conditions:/home/nawako05/ros2_jazzy/install/action_tutorials_py:/home/nawako05/ros2_jazzy/install/ament_uncrustify:/home/nawako05/ros2_jazzy/install/tracetools_trace:/home/nawako05/ros2_jazzy/install/tracetools_read:/home/nawako05/ros2_jazzy/install/test_tracetools_launch:/home/nawako05/ros2_jazzy/install/test_ros2trace:/home/nawako05/ros2_jazzy/install/test_launch_ros:/home/nawako05/ros2_jazzy/install/rpyutils:/home/nawako05/ros2_jazzy/install/rosidl_runtime_py:/home/nawako05/ros2_jazzy/install/rosidl_pycommon:/home/nawako05/ros2_jazzy/install/rosidl_cli:/home/nawako05/ros2_jazzy/install/launch_pytest:/home/nawako05/ros2_jazzy/install/launch_testing:/home/nawako05/ros2_jazzy/install/launch_yaml:/home/nawako05/ros2_jazzy/install/launch_xml:/home/nawako05/ros2_jazzy/install/launch:/home/nawako05/ros2_jazzy/install/osrf_pycommon:/home/nawako05/ros2_jazzy/install/domain_coordinator:/home/nawako05/ros2_jazzy/install/ament_xmllint:/home/nawako05/ros2_jazzy/install/ament_pyflakes:/home/nawako05/ros2_jazzy/install/ament_pycodestyle:/home/nawako05/ros2_jazzy/install/ament_pep257:/home/nawako05/ros2_jazzy/install/ament_pclint:/home/nawako05/ros2_jazzy/install/ament_package:/home/nawako05/ros2_jazzy/install/ament_mypy:/home/nawako05/ros2_jazzy/install/ament_lint_cmake:/home/nawako05/ros2_jazzy/install/ament_flake8:/home/nawako05/ros2_jazzy/install/ament_copyright:/home/nawako05/ros2_jazzy/install/ament_lint:/home/nawako05/ros2_jazzy/install/ament_index_python:/home/nawako05/ros2_jazzy/install/ament_cpplint:/home/nawako05/ros2_jazzy/install/ament_cppcheck:/home/nawako05/ros2_jazzy/install/ament_clang_tidy:/home/nawako05/ros2_jazzy/install/ament_clang_format /usr/bin/cmake --build /home/nawako05/finalproject_ws/build/main_system -- -j4 -l4
[5.862s] DEBUG:colcon.colcon_core.event_handler.log_command:Invoking command in '/home/nawako05/finalproject_ws/build/main_system': CMAKE_PREFIX_PATH=${CMAKE_PREFIX_PATH}:/home/nawako05/finalproject_ws/install/uart:/home/nawako05/finalproject_ws/install/main_control:/home/nawako05/finalproject_ws/install/image_processing:/home/nawako05/finalproject_ws/install/debugger:/opt/ros/jazzy:/home/nawako05/ros2_jazzy/install/rqt_bag_plugins:/home/nawako05/ros2_jazzy/install/launch_testing_examples:/home/nawako05/ros2_jazzy/install/ros2bag:/home/nawako05/ros2_jazzy/install/rqt_bag:/home/nawako05/ros2_jazzy/install/rosbag2_examples_py:/home/nawako05/ros2_jazzy/install/tracetools_test:/home/nawako05/ros2_jazzy/install/tracetools_launch:/home/nawako05/ros2_jazzy/install/topic_monitor:/home/nawako05/ros2_jazzy/install/tf2_tools:/home/nawako05/ros2_jazzy/install/examples_tf2_py:/home/nawako05/ros2_jazzy/install/tf2_ros_py:/home/nawako05/ros2_jazzy/install/examples_rclpy_pointcloud_publisher:/home/nawako05/ros2_jazzy/install/sensor_msgs_py:/home/nawako05/ros2_jazzy/install/quality_of_service_demo_py:/home/nawako05/ros2_jazzy/install/camera_info_manager_py:/home/nawako05/ros2_jazzy/install/rqt_plot:/home/nawako05/ros2_jazzy/install/ros2doctor:/home/nawako05/ros2_jazzy/install/lifecycle_py:/home/nawako05/ros2_jazzy/install/examples_rclpy_minimal_subscriber:/home/nawako05/ros2_jazzy/install/examples_rclpy_minimal_service:/home/nawako05/ros2_jazzy/install/examples_rclpy_minimal_publisher:/home/nawako05/ros2_jazzy/install/examples_rclpy_minimal_client:/home/nawako05/ros2_jazzy/install/examples_rclpy_executors:/home/nawako05/ros2_jazzy/install/demo_nodes_py:/home/nawako05/ros2_jazzy/install/rqt:/home/nawako05/ros2_jazzy/install/ros2component:/home/nawako05/ros2_jazzy/install/sros2:/home/nawako05/ros2_jazzy/install/rqt_topic:/home/nawako05/ros2_jazzy/install/rqt_srv:/home/nawako05/ros2_jazzy/install/rqt_shell:/home/nawako05/ros2_jazzy/install/rqt_service_caller:/home/nawako05/ros2_jazzy/install/rqt_reconfigure:/home/nawako05/ros2_jazzy/install/rqt_py_console:/home/nawako05/ros2_jazzy/install/rqt_publisher:/home/nawako05/ros2_jazzy/install/rqt_action:/home/nawako05/ros2_jazzy/install/rqt_msg:/home/nawako05/ros2_jazzy/install/rqt_console:/home/nawako05/ros2_jazzy/install/rqt_graph:/home/nawako05/ros2_jazzy/install/rqt_gui_py:/home/nawako05/ros2_jazzy/install/rqt_gui:/home/nawako05/ros2_jazzy/install/ros2trace:/home/nawako05/ros2_jazzy/install/ros2param:/home/nawako05/ros2_jazzy/install/ros2lifecycle:/home/nawako05/ros2_jazzy/install/ros2service:/home/nawako05/ros2_jazzy/install/ros2topic:/home/nawako05/ros2_jazzy/install/ros2test:/home/nawako05/ros2_jazzy/install/ros2run:/home/nawako05/ros2_jazzy/install/ros2plugin:/home/nawako05/ros2_jazzy/install/ros2launch:/home/nawako05/ros2_jazzy/install/ros2pkg:/home/nawako05/ros2_jazzy/install/ros2node:/home/nawako05/ros2_jazzy/install/ros2multicast:/home/nawako05/ros2_jazzy/install/ros2interface:/home/nawako05/ros2_jazzy/install/ros2action:/home/nawako05/ros2_jazzy/install/ros2cli:/home/nawako05/ros2_jazzy/install/launch_testing_ros:/home/nawako05/ros2_jazzy/install/launch_ros:/home/nawako05/ros2_jazzy/install/examples_rclpy_minimal_action_server:/home/nawako05/ros2_jazzy/install/examples_rclpy_minimal_action_client:/home/nawako05/ros2_jazzy/install/examples_rclpy_guard_conditions:/home/nawako05/ros2_jazzy/install/action_tutorials_py:/home/nawako05/ros2_jazzy/install/ament_uncrustify:/home/nawako05/ros2_jazzy/install/tracetools_trace:/home/nawako05/ros2_jazzy/install/tracetools_read:/home/nawako05/ros2_jazzy/install/test_tracetools_launch:/home/nawako05/ros2_jazzy/install/test_ros2trace:/home/nawako05/ros2_jazzy/install/test_launch_ros:/home/nawako05/ros2_jazzy/install/rpyutils:/home/nawako05/ros2_jazzy/install/rosidl_runtime_py:/home/nawako05/ros2_jazzy/install/rosidl_pycommon:/home/nawako05/ros2_jazzy/install/rosidl_cli:/home/nawako05/ros2_jazzy/install/launch_pytest:/home/nawako05/ros2_jazzy/install/launch_testing:/home/nawako05/ros2_jazzy/install/launch_yaml:/home/nawako05/ros2_jazzy/install/launch_xml:/home/nawako05/ros2_jazzy/install/launch:/home/nawako05/ros2_jazzy/install/osrf_pycommon:/home/nawako05/ros2_jazzy/install/domain_coordinator:/home/nawako05/ros2_jazzy/install/ament_xmllint:/home/nawako05/ros2_jazzy/install/ament_pyflakes:/home/nawako05/ros2_jazzy/install/ament_pycodestyle:/home/nawako05/ros2_jazzy/install/ament_pep257:/home/nawako05/ros2_jazzy/install/ament_pclint:/home/nawako05/ros2_jazzy/install/ament_package:/home/nawako05/ros2_jazzy/install/ament_mypy:/home/nawako05/ros2_jazzy/install/ament_lint_cmake:/home/nawako05/ros2_jazzy/install/ament_flake8:/home/nawako05/ros2_jazzy/install/ament_copyright:/home/nawako05/ros2_jazzy/install/ament_lint:/home/nawako05/ros2_jazzy/install/ament_index_python:/home/nawako05/ros2_jazzy/install/ament_cpplint:/home/nawako05/ros2_jazzy/install/ament_cppcheck:/home/nawako05/ros2_jazzy/install/ament_clang_tidy:/home/nawako05/ros2_jazzy/install/ament_clang_format /usr/bin/cmake --install /home/nawako05/finalproject_ws/build/main_system
[6.000s] Level 1:colcon.colcon_core.environment:create_environment_scripts_only(main_system)
[6.002s] DEBUG:colcon.colcon_core.event_handler.log_command:Invoked command in '/home/nawako05/finalproject_ws/build/main_system' returned '0': CMAKE_PREFIX_PATH=${CMAKE_PREFIX_PATH}:/home/nawako05/finalproject_ws/install/uart:/home/nawako05/finalproject_ws/install/main_control:/home/nawako05/finalproject_ws/install/image_processing:/home/nawako05/finalproject_ws/install/debugger:/opt/ros/jazzy:/home/nawako05/ros2_jazzy/install/rqt_bag_plugins:/home/nawako05/ros2_jazzy/install/launch_testing_examples:/home/nawako05/ros2_jazzy/install/ros2bag:/home/nawako05/ros2_jazzy/install/rqt_bag:/home/nawako05/ros2_jazzy/install/rosbag2_examples_py:/home/nawako05/ros2_jazzy/install/tracetools_test:/home/nawako05/ros2_jazzy/install/tracetools_launch:/home/nawako05/ros2_jazzy/install/topic_monitor:/home/nawako05/ros2_jazzy/install/tf2_tools:/home/nawako05/ros2_jazzy/install/examples_tf2_py:/home/nawako05/ros2_jazzy/install/tf2_ros_py:/home/nawako05/ros2_jazzy/install/examples_rclpy_pointcloud_publisher:/home/nawako05/ros2_jazzy/install/sensor_msgs_py:/home/nawako05/ros2_jazzy/install/quality_of_service_demo_py:/home/nawako05/ros2_jazzy/install/camera_info_manager_py:/home/nawako05/ros2_jazzy/install/rqt_plot:/home/nawako05/ros2_jazzy/install/ros2doctor:/home/nawako05/ros2_jazzy/install/lifecycle_py:/home/nawako05/ros2_jazzy/install/examples_rclpy_minimal_subscriber:/home/nawako05/ros2_jazzy/install/examples_rclpy_minimal_service:/home/nawako05/ros2_jazzy/install/examples_rclpy_minimal_publisher:/home/nawako05/ros2_jazzy/install/examples_rclpy_minimal_client:/home/nawako05/ros2_jazzy/install/examples_rclpy_executors:/home/nawako05/ros2_jazzy/install/demo_nodes_py:/home/nawako05/ros2_jazzy/install/rqt:/home/nawako05/ros2_jazzy/install/ros2component:/home/nawako05/ros2_jazzy/install/sros2:/home/nawako05/ros2_jazzy/install/rqt_topic:/home/nawako05/ros2_jazzy/install/rqt_srv:/home/nawako05/ros2_jazzy/install/rqt_shell:/home/nawako05/ros2_jazzy/install/rqt_service_caller:/home/nawako05/ros2_jazzy/install/rqt_reconfigure:/home/nawako05/ros2_jazzy/install/rqt_py_console:/home/nawako05/ros2_jazzy/install/rqt_publisher:/home/nawako05/ros2_jazzy/install/rqt_action:/home/nawako05/ros2_jazzy/install/rqt_msg:/home/nawako05/ros2_jazzy/install/rqt_console:/home/nawako05/ros2_jazzy/install/rqt_graph:/home/nawako05/ros2_jazzy/install/rqt_gui_py:/home/nawako05/ros2_jazzy/install/rqt_gui:/home/nawako05/ros2_jazzy/install/ros2trace:/home/nawako05/ros2_jazzy/install/ros2param:/home/nawako05/ros2_jazzy/install/ros2lifecycle:/home/nawako05/ros2_jazzy/install/ros2service:/home/nawako05/ros2_jazzy/install/ros2topic:/home/nawako05/ros2_jazzy/install/ros2test:/home/nawako05/ros2_jazzy/install/ros2run:/home/nawako05/ros2_jazzy/install/ros2plugin:/home/nawako05/ros2_jazzy/install/ros2launch:/home/nawako05/ros2_jazzy/install/ros2pkg:/home/nawako05/ros2_jazzy/install/ros2node:/home/nawako05/ros2_jazzy/install/ros2multicast:/home/nawako05/ros2_jazzy/install/ros2interface:/home/nawako05/ros2_jazzy/install/ros2action:/home/nawako05/ros2_jazzy/install/ros2cli:/home/nawako05/ros2_jazzy/install/launch_testing_ros:/home/nawako05/ros2_jazzy/install/launch_ros:/home/nawako05/ros2_jazzy/install/examples_rclpy_minimal_action_server:/home/nawako05/ros2_jazzy/install/examples_rclpy_minimal_action_client:/home/nawako05/ros2_jazzy/install/examples_rclpy_guard_conditions:/home/nawako05/ros2_jazzy/install/action_tutorials_py:/home/nawako05/ros2_jazzy/install/ament_uncrustify:/home/nawako05/ros2_jazzy/install/tracetools_trace:/home/nawako05/ros2_jazzy/install/tracetools_read:/home/nawako05/ros2_jazzy/install/test_tracetools_launch:/home/nawako05/ros2_jazzy/install/test_ros2trace:/home/nawako05/ros2_jazzy/install/test_launch_ros:/home/nawako05/ros2_jazzy/install/rpyutils:/home/nawako05/ros2_jazzy/install/rosidl_runtime_py:/home/nawako05/ros2_jazzy/install/rosidl_pycommon:/home/nawako05/ros2_jazzy/install/rosidl_cli:/home/nawako05/ros2_jazzy/install/launch_pytest:/home/nawako05/ros2_jazzy/install/launch_testing:/home/nawako05/ros2_jazzy/install/launch_yaml:/home/nawako05/ros2_jazzy/install/launch_xml:/home/nawako05/ros2_jazzy/install/launch:/home/nawako05/ros2_jazzy/install/osrf_pycommon:/home/nawako05/ros2_jazzy/install/domain_coordinator:/home/nawako05/ros2_jazzy/install/ament_xmllint:/home/nawako05/ros2_jazzy/install/ament_pyflakes:/home/nawako05/ros2_jazzy/install/ament_pycodestyle:/home/nawako05/ros2_jazzy/install/ament_pep257:/home/nawako05/ros2_jazzy/install/ament_pclint:/home/nawako05/ros2_jazzy/install/ament_package:/home/nawako05/ros2_jazzy/install/ament_mypy:/home/nawako05/ros2_jazzy/install/ament_lint_cmake:/home/nawako05/ros2_jazzy/install/ament_flake8:/home/nawako05/ros2_jazzy/install/ament_copyright:/home/nawako05/ros2_jazzy/install/ament_lint:/home/nawako05/ros2_jazzy/install/ament_index_python:/home/nawako05/ros2_jazzy/install/ament_cpplint:/home/nawako05/ros2_jazzy/install/ament_cppcheck:/home/nawako05/ros2_jazzy/install/ament_clang_tidy:/home/nawako05/ros2_jazzy/install/ament_clang_format /usr/bin/cmake --install /home/nawako05/finalproject_ws/build/main_system
[6.030s] Level 1:colcon.colcon_core.environment:checking '/home/nawako05/finalproject_ws/install/main_system' for CMake module files
[6.032s] Level 1:colcon.colcon_core.environment:checking '/home/nawako05/finalproject_ws/install/main_system' for CMake config files
[6.033s] Level 1:colcon.colcon_core.shell:create_environment_hook('main_system', 'cmake_prefix_path')
[6.034s] INFO:colcon.colcon_core.shell:Creating environment hook '/home/nawako05/finalproject_ws/install/main_system/share/main_system/hook/cmake_prefix_path.ps1'
[6.035s] INFO:colcon.colcon_core.shell:Creating environment descriptor '/home/nawako05/finalproject_ws/install/main_system/share/main_system/hook/cmake_prefix_path.dsv'
[6.038s] INFO:colcon.colcon_core.shell:Creating environment hook '/home/nawako05/finalproject_ws/install/main_system/share/main_system/hook/cmake_prefix_path.sh'
[6.041s] Level 1:colcon.colcon_core.environment:checking '/home/nawako05/finalproject_ws/install/main_system/bin'
[6.042s] Level 1:colcon.colcon_core.environment:checking '/home/nawako05/finalproject_ws/install/main_system/lib/pkgconfig/main_system.pc'
[6.042s] Level 1:colcon.colcon_core.environment:checking '/home/nawako05/finalproject_ws/install/main_system/lib/python3.12/site-packages'
[6.043s] Level 1:colcon.colcon_core.environment:checking '/home/nawako05/finalproject_ws/install/main_system/bin'
[6.044s] INFO:colcon.colcon_core.shell:Creating package script '/home/nawako05/finalproject_ws/install/main_system/share/main_system/package.ps1'
[6.047s] INFO:colcon.colcon_core.shell:Creating package descriptor '/home/nawako05/finalproject_ws/install/main_system/share/main_system/package.dsv'
[6.051s] INFO:colcon.colcon_core.shell:Creating package script '/home/nawako05/finalproject_ws/install/main_system/share/main_system/package.sh'
[6.054s] INFO:colcon.colcon_core.shell:Creating package script '/home/nawako05/finalproject_ws/install/main_system/share/main_system/package.bash'
[6.059s] INFO:colcon.colcon_core.shell:Creating package script '/home/nawako05/finalproject_ws/install/main_system/share/main_system/package.zsh'
[6.064s] Level 1:colcon.colcon_core.environment:create_file_with_runtime_dependencies(/home/nawako05/finalproject_ws/install/main_system/share/colcon-core/packages/main_system)
[6.066s] Level 1:colcon.colcon_core.environment:create_environment_scripts_only(main_system)
[6.066s] Level 1:colcon.colcon_core.environment:checking '/home/nawako05/finalproject_ws/install/main_system' for CMake module files
[6.068s] Level 1:colcon.colcon_core.environment:checking '/home/nawako05/finalproject_ws/install/main_system' for CMake config files
[6.069s] Level 1:colcon.colcon_core.shell:create_environment_hook('main_system', 'cmake_prefix_path')
[6.069s] INFO:colcon.colcon_core.shell:Creating environment hook '/home/nawako05/finalproject_ws/install/main_system/share/main_system/hook/cmake_prefix_path.ps1'
[6.070s] INFO:colcon.colcon_core.shell:Creating environment descriptor '/home/nawako05/finalproject_ws/install/main_system/share/main_system/hook/cmake_prefix_path.dsv'
[6.073s] INFO:colcon.colcon_core.shell:Creating environment hook '/home/nawako05/finalproject_ws/install/main_system/share/main_system/hook/cmake_prefix_path.sh'
[6.102s] Level 1:colcon.colcon_core.environment:checking '/home/nawako05/finalproject_ws/install/main_system/bin'
[6.103s] Level 1:colcon.colcon_core.environment:checking '/home/nawako05/finalproject_ws/install/main_system/lib/pkgconfig/main_system.pc'
[6.104s] Level 1:colcon.colcon_core.environment:checking '/home/nawako05/finalproject_ws/install/main_system/lib/python3.12/site-packages'
[6.106s] Level 1:colcon.colcon_core.environment:checking '/home/nawako05/finalproject_ws/install/main_system/bin'
[6.108s] INFO:colcon.colcon_core.shell:Creating package script '/home/nawako05/finalproject_ws/install/main_system/share/main_system/package.ps1'
[6.113s] INFO:colcon.colcon_core.shell:Creating package descriptor '/home/nawako05/finalproject_ws/install/main_system/share/main_system/package.dsv'
[6.117s] INFO:colcon.colcon_core.shell:Creating package script '/home/nawako05/finalproject_ws/install/main_system/share/main_system/package.sh'
[6.120s] INFO:colcon.colcon_core.shell:Creating package script '/home/nawako05/finalproject_ws/install/main_system/share/main_system/package.bash'
[6.123s] INFO:colcon.colcon_core.shell:Creating package script '/home/nawako05/finalproject_ws/install/main_system/share/main_system/package.zsh'
[6.126s] Level 1:colcon.colcon_core.environment:create_file_with_runtime_dependencies(/home/nawako05/finalproject_ws/install/main_system/share/colcon-core/packages/main_system)
[6.128s] INFO:colcon.colcon_ros.task.ament_python.build:Building ROS package in '/home/nawako05/finalproject_ws/src/uart' with build type 'ament_python'
[6.128s] Level 1:colcon.colcon_core.shell:create_environment_hook('uart', 'ament_prefix_path')
[6.130s] INFO:colcon.colcon_core.shell:Creating environment hook '/home/nawako05/finalproject_ws/install/uart/share/uart/hook/ament_prefix_path.ps1'
[6.139s] INFO:colcon.colcon_core.shell:Creating environment descriptor '/home/nawako05/finalproject_ws/install/uart/share/uart/hook/ament_prefix_path.dsv'
[6.263s] INFO:colcon.colcon_core.shell:Creating environment hook '/home/nawako05/finalproject_ws/install/uart/share/uart/hook/ament_prefix_path.sh'
[6.385s] INFO:colcon.colcon_core.shell:Skip shell extension 'powershell' for command environment: Not usable outside of PowerShell
[6.385s] DEBUG:colcon.colcon_core.shell:Skip shell extension 'dsv' for command environment
[7.346s] INFO:colcon.colcon_core.task.python.build:Building Python package in '/home/nawako05/finalproject_ws/src/uart'
[7.346s] INFO:colcon.colcon_core.shell:Skip shell extension 'powershell' for command environment: Not usable outside of PowerShell
[7.347s] DEBUG:colcon.colcon_core.shell:Skip shell extension 'dsv' for command environment
[9.049s] DEBUG:colcon.colcon_core.event_handler.log_command:Invoking command in '/home/nawako05/finalproject_ws/build/main_control': PYTHONPATH=/home/nawako05/finalproject_ws/build/main_control/prefix_override:/usr/lib/python3/dist-packages/colcon_core/task/python/colcon_distutils_commands:/home/nawako05/finalproject_ws/install/main_control/lib/python3.12/site-packages:${PYTHONPATH} /usr/bin/python3 -W ignore:setup.py install is deprecated -W ignore:easy_install command is deprecated setup.py develop --editable --build-directory /home/nawako05/finalproject_ws/build/main_control/build --no-deps symlink_data
[9.055s] DEBUG:colcon.colcon_core.event_handler.log_command:Invoking command in '/home/nawako05/finalproject_ws/build/debugger': PYTHONPATH=/home/nawako05/finalproject_ws/build/debugger/prefix_override:/usr/lib/python3/dist-packages/colcon_core/task/python/colcon_distutils_commands:/home/nawako05/finalproject_ws/install/debugger/lib/python3.12/site-packages:${PYTHONPATH} /usr/bin/python3 -W ignore:setup.py install is deprecated -W ignore:easy_install command is deprecated setup.py develop --editable --build-directory /home/nawako05/finalproject_ws/build/debugger/build --no-deps symlink_data
[9.062s] DEBUG:colcon.colcon_core.event_handler.log_command:Invoking command in '/home/nawako05/finalproject_ws/build/image_processing': PYTHONPATH=/home/nawako05/finalproject_ws/build/image_processing/prefix_override:/usr/lib/python3/dist-packages/colcon_core/task/python/colcon_distutils_commands:/home/nawako05/finalproject_ws/install/image_processing/lib/python3.12/site-packages:${PYTHONPATH} /usr/bin/python3 -W ignore:setup.py install is deprecated -W ignore:easy_install command is deprecated setup.py develop --editable --build-directory /home/nawako05/finalproject_ws/build/image_processing/build --no-deps symlink_data
[10.477s] DEBUG:colcon.colcon_core.event_handler.log_command:Invoking command in '/home/nawako05/finalproject_ws/build/uart': PYTHONPATH=/home/nawako05/finalproject_ws/build/uart/prefix_override:/usr/lib/python3/dist-packages/colcon_core/task/python/colcon_distutils_commands:/home/nawako05/finalproject_ws/install/uart/lib/python3.12/site-packages:${PYTHONPATH} /usr/bin/python3 -W ignore:setup.py install is deprecated -W ignore:easy_install command is deprecated setup.py develop --editable --build-directory /home/nawako05/finalproject_ws/build/uart/build --no-deps symlink_data
[12.435s] Level 1:colcon.colcon_core.shell:create_environment_hook('image_processing', 'pythonpath_develop')
[12.436s] DEBUG:colcon.colcon_core.event_handler.log_command:Invoked command in '/home/nawako05/finalproject_ws/build/image_processing' returned '0': PYTHONPATH=/home/nawako05/finalproject_ws/build/image_processing/prefix_override:/usr/lib/python3/dist-packages/colcon_core/task/python/colcon_distutils_commands:/home/nawako05/finalproject_ws/install/image_processing/lib/python3.12/site-packages:${PYTHONPATH} /usr/bin/python3 -W ignore:setup.py install is deprecated -W ignore:easy_install command is deprecated setup.py develop --editable --build-directory /home/nawako05/finalproject_ws/build/image_processing/build --no-deps symlink_data
[12.437s] INFO:colcon.colcon_core.shell:Creating environment hook '/home/nawako05/finalproject_ws/build/image_processing/share/image_processing/hook/pythonpath_develop.ps1'
[12.440s] INFO:colcon.colcon_core.shell:Creating environment descriptor '/home/nawako05/finalproject_ws/build/image_processing/share/image_processing/hook/pythonpath_develop.dsv'
[12.441s] INFO:colcon.colcon_core.shell:Creating environment hook '/home/nawako05/finalproject_ws/build/image_processing/share/image_processing/hook/pythonpath_develop.sh'
[12.443s] Level 1:colcon.colcon_core.environment:checking '/home/nawako05/finalproject_ws/install/image_processing' for CMake module files
[12.444s] Level 1:colcon.colcon_core.environment:checking '/home/nawako05/finalproject_ws/install/image_processing' for CMake config files
[12.445s] Level 1:colcon.colcon_core.environment:checking '/home/nawako05/finalproject_ws/install/image_processing/lib'
[12.445s] Level 1:colcon.colcon_core.environment:checking '/home/nawako05/finalproject_ws/install/image_processing/bin'
[12.445s] Level 1:colcon.colcon_core.environment:checking '/home/nawako05/finalproject_ws/install/image_processing/lib/pkgconfig/image_processing.pc'
[12.446s] Level 1:colcon.colcon_core.environment:checking '/home/nawako05/finalproject_ws/install/image_processing/lib/python3.12/site-packages'
[12.446s] Level 1:colcon.colcon_core.shell:create_environment_hook('image_processing', 'pythonpath')
[12.446s] INFO:colcon.colcon_core.shell:Creating environment hook '/home/nawako05/finalproject_ws/install/image_processing/share/image_processing/hook/pythonpath.ps1'
[12.447s] INFO:colcon.colcon_core.shell:Creating environment descriptor '/home/nawako05/finalproject_ws/install/image_processing/share/image_processing/hook/pythonpath.dsv'
[12.448s] INFO:colcon.colcon_core.shell:Creating environment hook '/home/nawako05/finalproject_ws/install/image_processing/share/image_processing/hook/pythonpath.sh'
[12.449s] Level 1:colcon.colcon_core.environment:checking '/home/nawako05/finalproject_ws/install/image_processing/bin'
[12.449s] Level 1:colcon.colcon_core.environment:create_environment_scripts_only(image_processing)
[12.449s] INFO:colcon.colcon_core.shell:Creating package script '/home/nawako05/finalproject_ws/install/image_processing/share/image_processing/package.ps1'
[12.450s] INFO:colcon.colcon_core.shell:Creating package descriptor '/home/nawako05/finalproject_ws/install/image_processing/share/image_processing/package.dsv'
[12.451s] INFO:colcon.colcon_core.shell:Creating package script '/home/nawako05/finalproject_ws/install/image_processing/share/image_processing/package.sh'
[12.451s] INFO:colcon.colcon_core.shell:Creating package script '/home/nawako05/finalproject_ws/install/image_processing/share/image_processing/package.bash'
[12.452s] INFO:colcon.colcon_core.shell:Creating package script '/home/nawako05/finalproject_ws/install/image_processing/share/image_processing/package.zsh'
[12.453s] Level 1:colcon.colcon_core.environment:create_file_with_runtime_dependencies(/home/nawako05/finalproject_ws/install/image_processing/share/colcon-core/packages/image_processing)
[12.455s] Level 1:colcon.colcon_core.shell:create_environment_hook('main_control', 'pythonpath_develop')
[12.456s] INFO:colcon.colcon_core.shell:Creating environment hook '/home/nawako05/finalproject_ws/build/main_control/share/main_control/hook/pythonpath_develop.ps1'
[12.456s] DEBUG:colcon.colcon_core.event_handler.log_command:Invoked command in '/home/nawako05/finalproject_ws/build/main_control' returned '0': PYTHONPATH=/home/nawako05/finalproject_ws/build/main_control/prefix_override:/usr/lib/python3/dist-packages/colcon_core/task/python/colcon_distutils_commands:/home/nawako05/finalproject_ws/install/main_control/lib/python3.12/site-packages:${PYTHONPATH} /usr/bin/python3 -W ignore:setup.py install is deprecated -W ignore:easy_install command is deprecated setup.py develop --editable --build-directory /home/nawako05/finalproject_ws/build/main_control/build --no-deps symlink_data
[12.457s] INFO:colcon.colcon_core.shell:Creating environment descriptor '/home/nawako05/finalproject_ws/build/main_control/share/main_control/hook/pythonpath_develop.dsv'
[12.458s] INFO:colcon.colcon_core.shell:Creating environment hook '/home/nawako05/finalproject_ws/build/main_control/share/main_control/hook/pythonpath_develop.sh'
[12.459s] Level 1:colcon.colcon_core.environment:checking '/home/nawako05/finalproject_ws/install/main_control' for CMake module files
[12.459s] Level 1:colcon.colcon_core.environment:checking '/home/nawako05/finalproject_ws/install/main_control' for CMake config files
[12.465s] Level 1:colcon.colcon_core.environment:checking '/home/nawako05/finalproject_ws/install/main_control/lib'
[12.465s] Level 1:colcon.colcon_core.environment:checking '/home/nawako05/finalproject_ws/install/main_control/bin'
[12.465s] Level 1:colcon.colcon_core.environment:checking '/home/nawako05/finalproject_ws/install/main_control/lib/pkgconfig/main_control.pc'
[12.465s] Level 1:colcon.colcon_core.environment:checking '/home/nawako05/finalproject_ws/install/main_control/lib/python3.12/site-packages'
[12.465s] Level 1:colcon.colcon_core.shell:create_environment_hook('main_control', 'pythonpath')
[12.466s] INFO:colcon.colcon_core.shell:Creating environment hook '/home/nawako05/finalproject_ws/install/main_control/share/main_control/hook/pythonpath.ps1'
[12.466s] INFO:colcon.colcon_core.shell:Creating environment descriptor '/home/nawako05/finalproject_ws/install/main_control/share/main_control/hook/pythonpath.dsv'
[12.467s] INFO:colcon.colcon_core.shell:Creating environment hook '/home/nawako05/finalproject_ws/install/main_control/share/main_control/hook/pythonpath.sh'
[12.468s] Level 1:colcon.colcon_core.environment:checking '/home/nawako05/finalproject_ws/install/main_control/bin'
[12.468s] Level 1:colcon.colcon_core.environment:create_environment_scripts_only(main_control)
[12.469s] INFO:colcon.colcon_core.shell:Creating package script '/home/nawako05/finalproject_ws/install/main_control/share/main_control/package.ps1'
[12.469s] INFO:colcon.colcon_core.shell:Creating package descriptor '/home/nawako05/finalproject_ws/install/main_control/share/main_control/package.dsv'
[12.470s] INFO:colcon.colcon_core.shell:Creating package script '/home/nawako05/finalproject_ws/install/main_control/share/main_control/package.sh'
[12.471s] INFO:colcon.colcon_core.shell:Creating package script '/home/nawako05/finalproject_ws/install/main_control/share/main_control/package.bash'
[12.472s] INFO:colcon.colcon_core.shell:Creating package script '/home/nawako05/finalproject_ws/install/main_control/share/main_control/package.zsh'
[12.472s] Level 1:colcon.colcon_core.environment:create_file_with_runtime_dependencies(/home/nawako05/finalproject_ws/install/main_control/share/colcon-core/packages/main_control)
[12.474s] Level 1:colcon.colcon_core.shell:create_environment_hook('debugger', 'pythonpath_develop')
[12.474s] INFO:colcon.colcon_core.shell:Creating environment hook '/home/nawako05/finalproject_ws/build/debugger/share/debugger/hook/pythonpath_develop.ps1'
[12.475s] DEBUG:colcon.colcon_core.event_handler.log_command:Invoked command in '/home/nawako05/finalproject_ws/build/debugger' returned '0': PYTHONPATH=/home/nawako05/finalproject_ws/build/debugger/prefix_override:/usr/lib/python3/dist-packages/colcon_core/task/python/colcon_distutils_commands:/home/nawako05/finalproject_ws/install/debugger/lib/python3.12/site-packages:${PYTHONPATH} /usr/bin/python3 -W ignore:setup.py install is deprecated -W ignore:easy_install command is deprecated setup.py develop --editable --build-directory /home/nawako05/finalproject_ws/build/debugger/build --no-deps symlink_data
[12.476s] INFO:colcon.colcon_core.shell:Creating environment descriptor '/home/nawako05/finalproject_ws/build/debugger/share/debugger/hook/pythonpath_develop.dsv'
[12.476s] INFO:colcon.colcon_core.shell:Creating environment hook '/home/nawako05/finalproject_ws/build/debugger/share/debugger/hook/pythonpath_develop.sh'
[12.477s] Level 1:colcon.colcon_core.environment:checking '/home/nawako05/finalproject_ws/install/debugger' for CMake module files
[12.478s] Level 1:colcon.colcon_core.environment:checking '/home/nawako05/finalproject_ws/install/debugger' for CMake config files
[12.479s] Level 1:colcon.colcon_core.environment:checking '/home/nawako05/finalproject_ws/install/debugger/lib'
[12.479s] Level 1:colcon.colcon_core.environment:checking '/home/nawako05/finalproject_ws/install/debugger/bin'
[12.479s] Level 1:colcon.colcon_core.environment:checking '/home/nawako05/finalproject_ws/install/debugger/lib/pkgconfig/debugger.pc'
[12.479s] Level 1:colcon.colcon_core.environment:checking '/home/nawako05/finalproject_ws/install/debugger/lib/python3.12/site-packages'
[12.479s] Level 1:colcon.colcon_core.shell:create_environment_hook('debugger', 'pythonpath')
[12.480s] INFO:colcon.colcon_core.shell:Creating environment hook '/home/nawako05/finalproject_ws/install/debugger/share/debugger/hook/pythonpath.ps1'
[12.480s] INFO:colcon.colcon_core.shell:Creating environment descriptor '/home/nawako05/finalproject_ws/install/debugger/share/debugger/hook/pythonpath.dsv'
[12.481s] INFO:colcon.colcon_core.shell:Creating environment hook '/home/nawako05/finalproject_ws/install/debugger/share/debugger/hook/pythonpath.sh'
[12.482s] Level 1:colcon.colcon_core.environment:checking '/home/nawako05/finalproject_ws/install/debugger/bin'
[12.482s] Level 1:colcon.colcon_core.environment:create_environment_scripts_only(debugger)
[12.483s] INFO:colcon.colcon_core.shell:Creating package script '/home/nawako05/finalproject_ws/install/debugger/share/debugger/package.ps1'
[12.483s] INFO:colcon.colcon_core.shell:Creating package descriptor '/home/nawako05/finalproject_ws/install/debugger/share/debugger/package.dsv'
[12.484s] INFO:colcon.colcon_core.shell:Creating package script '/home/nawako05/finalproject_ws/install/debugger/share/debugger/package.sh'
[12.485s] INFO:colcon.colcon_core.shell:Creating package script '/home/nawako05/finalproject_ws/install/debugger/share/debugger/package.bash'
[12.486s] INFO:colcon.colcon_core.shell:Creating package script '/home/nawako05/finalproject_ws/install/debugger/share/debugger/package.zsh'
[12.486s] Level 1:colcon.colcon_core.environment:create_file_with_runtime_dependencies(/home/nawako05/finalproject_ws/install/debugger/share/colcon-core/packages/debugger)
[13.344s] Level 1:colcon.colcon_core.shell:create_environment_hook('uart', 'pythonpath_develop')
[13.345s] INFO:colcon.colcon_core.shell:Creating environment hook '/home/nawako05/finalproject_ws/build/uart/share/uart/hook/pythonpath_develop.ps1'
[13.345s] DEBUG:colcon.colcon_core.event_handler.log_command:Invoked command in '/home/nawako05/finalproject_ws/build/uart' returned '0': PYTHONPATH=/home/nawako05/finalproject_ws/build/uart/prefix_override:/usr/lib/python3/dist-packages/colcon_core/task/python/colcon_distutils_commands:/home/nawako05/finalproject_ws/install/uart/lib/python3.12/site-packages:${PYTHONPATH} /usr/bin/python3 -W ignore:setup.py install is deprecated -W ignore:easy_install command is deprecated setup.py develop --editable --build-directory /home/nawako05/finalproject_ws/build/uart/build --no-deps symlink_data
[13.346s] INFO:colcon.colcon_core.shell:Creating environment descriptor '/home/nawako05/finalproject_ws/build/uart/share/uart/hook/pythonpath_develop.dsv'
[13.347s] INFO:colcon.colcon_core.shell:Creating environment hook '/home/nawako05/finalproject_ws/build/uart/share/uart/hook/pythonpath_develop.sh'
[13.348s] Level 1:colcon.colcon_core.environment:checking '/home/nawako05/finalproject_ws/install/uart' for CMake module files
[13.348s] Level 1:colcon.colcon_core.environment:checking '/home/nawako05/finalproject_ws/install/uart' for CMake config files
[13.349s] Level 1:colcon.colcon_core.environment:checking '/home/nawako05/finalproject_ws/install/uart/lib'
[13.349s] Level 1:colcon.colcon_core.environment:checking '/home/nawako05/finalproject_ws/install/uart/bin'
[13.349s] Level 1:colcon.colcon_core.environment:checking '/home/nawako05/finalproject_ws/install/uart/lib/pkgconfig/uart.pc'
[13.350s] Level 1:colcon.colcon_core.environment:checking '/home/nawako05/finalproject_ws/install/uart/lib/python3.12/site-packages'
[13.350s] Level 1:colcon.colcon_core.shell:create_environment_hook('uart', 'pythonpath')
[13.350s] INFO:colcon.colcon_core.shell:Creating environment hook '/home/nawako05/finalproject_ws/install/uart/share/uart/hook/pythonpath.ps1'
[13.351s] INFO:colcon.colcon_core.shell:Creating environment descriptor '/home/nawako05/finalproject_ws/install/uart/share/uart/hook/pythonpath.dsv'
[13.351s] INFO:colcon.colcon_core.shell:Creating environment hook '/home/nawako05/finalproject_ws/install/uart/share/uart/hook/pythonpath.sh'
[13.352s] Level 1:colcon.colcon_core.environment:checking '/home/nawako05/finalproject_ws/install/uart/bin'
[13.352s] Level 1:colcon.colcon_core.environment:create_environment_scripts_only(uart)
[13.353s] INFO:colcon.colcon_core.shell:Creating package script '/home/nawako05/finalproject_ws/install/uart/share/uart/package.ps1'
[13.354s] INFO:colcon.colcon_core.shell:Creating package descriptor '/home/nawako05/finalproject_ws/install/uart/share/uart/package.dsv'
[13.354s] INFO:colcon.colcon_core.shell:Creating package script '/home/nawako05/finalproject_ws/install/uart/share/uart/package.sh'
[13.355s] INFO:colcon.colcon_core.shell:Creating package script '/home/nawako05/finalproject_ws/install/uart/share/uart/package.bash'
[13.356s] INFO:colcon.colcon_core.shell:Creating package script '/home/nawako05/finalproject_ws/install/uart/share/uart/package.zsh'
[13.357s] Level 1:colcon.colcon_core.environment:create_file_with_runtime_dependencies(/home/nawako05/finalproject_ws/install/uart/share/colcon-core/packages/uart)
[13.357s] DEBUG:colcon.colcon_parallel_executor.executor.parallel:closing loop
[13.358s] DEBUG:colcon.colcon_parallel_executor.executor.parallel:loop closed
[13.358s] DEBUG:colcon.colcon_parallel_executor.executor.parallel:run_until_complete finished with '0'
[13.358s] DEBUG:colcon.colcon_core.event_reactor:joining thread
[13.384s] INFO:colcon.colcon_core.plugin_system:Skipping extension 'colcon_notification.desktop_notification.notify_send': Could not find 'notify-send'
[13.384s] INFO:colcon.colcon_core.plugin_system:Skipping extension 'colcon_notification.desktop_notification.terminal_notifier': Not used on non-Darwin systems
[13.384s] INFO:colcon.colcon_core.plugin_system:Skipping extension 'colcon_notification.desktop_notification.win32': Not used on non-Windows systems
[13.384s] INFO:colcon.colcon_notification.desktop_notification:Sending desktop notification using 'notify2'
[13.406s] DEBUG:colcon.colcon_notification.desktop_notification.notify2:Failed to initialize notify2: org.freedesktop.DBus.Error.ServiceUnknown: The name org.freedesktop.Notifications was not provided by any .service files
[13.406s] DEBUG:colcon.colcon_core.event_reactor:joined thread
[13.406s] INFO:colcon.colcon_core.shell:Creating prefix script '/home/nawako05/finalproject_ws/install/local_setup.ps1'
[13.408s] INFO:colcon.colcon_core.shell:Creating prefix util module '/home/nawako05/finalproject_ws/install/_local_setup_util_ps1.py'
[13.411s] INFO:colcon.colcon_core.shell:Creating prefix chain script '/home/nawako05/finalproject_ws/install/setup.ps1'
[13.434s] INFO:colcon.colcon_core.shell:Creating prefix script '/home/nawako05/finalproject_ws/install/local_setup.sh'
[13.435s] INFO:colcon.colcon_core.shell:Creating prefix util module '/home/nawako05/finalproject_ws/install/_local_setup_util_sh.py'
[13.436s] INFO:colcon.colcon_core.shell:Creating prefix chain script '/home/nawako05/finalproject_ws/install/setup.sh'
[13.456s] INFO:colcon.colcon_core.shell:Creating prefix script '/home/nawako05/finalproject_ws/install/local_setup.bash'
[13.460s] INFO:colcon.colcon_core.shell:Creating prefix chain script '/home/nawako05/finalproject_ws/install/setup.bash'
[13.481s] INFO:colcon.colcon_core.shell:Creating prefix script '/home/nawako05/finalproject_ws/install/local_setup.zsh'
[13.483s] INFO:colcon.colcon_core.shell:Creating prefix chain script '/home/nawako05/finalproject_ws/install/setup.zsh'
