[16.603s] Invoking command in '/home/nawako05/finalproject_ws/build/main_control': PYTHONPATH=/home/nawako05/finalproject_ws/build/main_control/prefix_override:/usr/lib/python3/dist-packages/colcon_core/task/python/colcon_distutils_commands:/home/nawako05/finalproject_ws/install/main_control/lib/python3.12/site-packages:${PYTHONPATH} /usr/bin/python3 -W ignore:setup.py install is deprecated -W ignore:easy_install command is deprecated setup.py develop --editable --build-directory /home/nawako05/finalproject_ws/build/main_control/build --no-deps symlink_data
[20.507s] running develop
[22.864s] /usr/lib/python3/dist-packages/setuptools/command/easy_install.py:363: UserWarning: Unbuilt egg for pytest-repeat [unknown version] (/usr/lib/python3/dist-packages)
[22.864s]   self.local_index = Environment(self.shadow_path + sys.path)
[23.241s] running egg_info
[23.488s] writing main_control.egg-info/PKG-INFO
[23.490s] writing dependency_links to main_control.egg-info/dependency_links.txt
[23.491s] writing entry points to main_control.egg-info/entry_points.txt
[23.493s] writing requirements to main_control.egg-info/requires.txt
[23.495s] writing top-level names to main_control.egg-info/top_level.txt
[23.695s] reading manifest file 'main_control.egg-info/SOURCES.txt'
[23.697s] writing manifest file 'main_control.egg-info/SOURCES.txt'
[23.824s] running build_ext
[23.830s] Creating /home/nawako05/finalproject_ws/install/main_control/lib/python3.12/site-packages/main-control.egg-link (link to .)
[23.833s] Installing hardware_bridge script to /home/nawako05/finalproject_ws/install/main_control/lib/main_control
[23.834s] Installing lidar_filter script to /home/nawako05/finalproject_ws/install/main_control/lib/main_control
[23.834s] 
[23.834s] Installed /home/nawako05/finalproject_ws/build/main_control
[23.834s] running symlink_data
[24.105s] Invoked command in '/home/nawako05/finalproject_ws/build/main_control' returned '0': PYTHONPATH=/home/nawako05/finalproject_ws/build/main_control/prefix_override:/usr/lib/python3/dist-packages/colcon_core/task/python/colcon_distutils_commands:/home/nawako05/finalproject_ws/install/main_control/lib/python3.12/site-packages:${PYTHONPATH} /usr/bin/python3 -W ignore:setup.py install is deprecated -W ignore:easy_install command is deprecated setup.py develop --editable --build-directory /home/nawako05/finalproject_ws/build/main_control/build --no-deps symlink_data
