running develop
/usr/lib/python3/dist-packages/setuptools/command/easy_install.py:363: UserWarning: Unbuilt egg for pytest-repeat [unknown version] (/usr/lib/python3/dist-packages)
  self.local_index = Environment(self.shadow_path + sys.path)
running egg_info
creating image_processing.egg-info
writing image_processing.egg-info/PKG-INFO
writing dependency_links to image_processing.egg-info/dependency_links.txt
writing entry points to image_processing.egg-info/entry_points.txt
writing requirements to image_processing.egg-info/requires.txt
writing top-level names to image_processing.egg-info/top_level.txt
writing manifest file 'image_processing.egg-info/SOURCES.txt'
reading manifest file 'image_processing.egg-info/SOURCES.txt'
writing manifest file 'image_processing.egg-info/SOURCES.txt'
running build_ext
Creating /home/nawako05/finalproject_ws/install/image_processing/lib/python3.12/site-packages/image-processing.egg-link (link to .)
Installing record script to /home/nawako05/finalproject_ws/install/image_processing/lib/image_processing

Installed /home/nawako05/finalproject_ws/build/image_processing
running symlink_data
creating /home/nawako05/finalproject_ws/install/image_processing/share/ament_index
creating /home/nawako05/finalproject_ws/install/image_processing/share/ament_index/resource_index
creating /home/nawako05/finalproject_ws/install/image_processing/share/ament_index/resource_index/packages
symbolically linking /home/nawako05/finalproject_ws/build/image_processing/resource/image_processing -> /home/nawako05/finalproject_ws/install/image_processing/share/ament_index/resource_index/packages
symbolically linking /home/nawako05/finalproject_ws/build/image_processing/package.xml -> /home/nawako05/finalproject_ws/install/image_processing/share/image_processing
