[4.977s] Invoking command in '/home/nawako05/finalproject_ws/build/image_processing': PYTHONPATH=/home/nawako05/finalproject_ws/build/image_processing/prefix_override:/usr/lib/python3/dist-packages/colcon_core/task/python/colcon_distutils_commands:/home/nawako05/finalproject_ws/install/image_processing/lib/python3.12/site-packages:${PYTHONPATH} /usr/bin/python3 -W ignore:setup.py install is deprecated -W ignore:easy_install command is deprecated setup.py develop --editable --build-directory /home/nawako05/finalproject_ws/build/image_processing/build --no-deps symlink_data
[6.325s] running develop
[6.793s] /usr/lib/python3/dist-packages/setuptools/command/easy_install.py:363: UserWarning: Unbuilt egg for pytest-repeat [unknown version] (/usr/lib/python3/dist-packages)
[6.795s]   self.local_index = Environment(self.shadow_path + sys.path)
[6.885s] running egg_info
[6.885s] creating image_processing.egg-info
[7.074s] writing image_processing.egg-info/PKG-INFO
[7.076s] writing dependency_links to image_processing.egg-info/dependency_links.txt
[7.078s] writing entry points to image_processing.egg-info/entry_points.txt
[7.078s] writing requirements to image_processing.egg-info/requires.txt
[7.079s] writing top-level names to image_processing.egg-info/top_level.txt
[7.079s] writing manifest file 'image_processing.egg-info/SOURCES.txt'
[7.245s] reading manifest file 'image_processing.egg-info/SOURCES.txt'
[7.246s] writing manifest file 'image_processing.egg-info/SOURCES.txt'
[7.313s] running build_ext
[7.313s] Creating /home/nawako05/finalproject_ws/install/image_processing/lib/python3.12/site-packages/image-processing.egg-link (link to .)
[7.314s] Installing record script to /home/nawako05/finalproject_ws/install/image_processing/lib/image_processing
[7.314s] 
[7.314s] Installed /home/nawako05/finalproject_ws/build/image_processing
[7.315s] running symlink_data
[7.315s] creating /home/nawako05/finalproject_ws/install/image_processing/share/ament_index
[7.315s] creating /home/nawako05/finalproject_ws/install/image_processing/share/ament_index/resource_index
[7.315s] creating /home/nawako05/finalproject_ws/install/image_processing/share/ament_index/resource_index/packages
[7.315s] symbolically linking /home/nawako05/finalproject_ws/build/image_processing/resource/image_processing -> /home/nawako05/finalproject_ws/install/image_processing/share/ament_index/resource_index/packages
[7.318s] symbolically linking /home/nawako05/finalproject_ws/build/image_processing/package.xml -> /home/nawako05/finalproject_ws/install/image_processing/share/image_processing
[7.540s] Invoked command in '/home/nawako05/finalproject_ws/build/image_processing' returned '0': PYTHONPATH=/home/nawako05/finalproject_ws/build/image_processing/prefix_override:/usr/lib/python3/dist-packages/colcon_core/task/python/colcon_distutils_commands:/home/nawako05/finalproject_ws/install/image_processing/lib/python3.12/site-packages:${PYTHONPATH} /usr/bin/python3 -W ignore:setup.py install is deprecated -W ignore:easy_install command is deprecated setup.py develop --editable --build-directory /home/nawako05/finalproject_ws/build/image_processing/build --no-deps symlink_data
