[6.248s] Invoking command in '/home/nawako05/finalproject_ws/build/main_control': PYTHONPATH=/home/nawako05/finalproject_ws/build/main_control/prefix_override:/usr/lib/python3/dist-packages/colcon_core/task/python/colcon_distutils_commands:/home/nawako05/finalproject_ws/install/main_control/lib/python3.12/site-packages:${PYTHONPATH} /usr/bin/python3 -W ignore:setup.py install is deprecated -W ignore:easy_install command is deprecated setup.py develop --editable --build-directory /home/nawako05/finalproject_ws/build/main_control/build --no-deps symlink_data
[8.098s] running develop
[8.874s] /usr/lib/python3/dist-packages/setuptools/command/easy_install.py:363: UserWarning: Unbuilt egg for pytest-repeat [unknown version] (/usr/lib/python3/dist-packages)
[8.876s]   self.local_index = Environment(self.shadow_path + sys.path)
[9.015s] running egg_info
[9.238s] writing main_control.egg-info/PKG-INFO
[9.239s] writing dependency_links to main_control.egg-info/dependency_links.txt
[9.240s] writing entry points to main_control.egg-info/entry_points.txt
[9.240s] writing requirements to main_control.egg-info/requires.txt
[9.241s] writing top-level names to main_control.egg-info/top_level.txt
[9.390s] reading manifest file 'main_control.egg-info/SOURCES.txt'
[9.395s] writing manifest file 'main_control.egg-info/SOURCES.txt'
[9.508s] running build_ext
[9.512s] Creating /home/nawako05/finalproject_ws/install/main_control/lib/python3.12/site-packages/main-control.egg-link (link to .)
[9.518s] Installing floor_manager script to /home/nawako05/finalproject_ws/install/main_control/lib/main_control
[9.520s] Installing hardware_bridge script to /home/nawako05/finalproject_ws/install/main_control/lib/main_control
[9.521s] Installing lidar_filter script to /home/nawako05/finalproject_ws/install/main_control/lib/main_control
[9.527s] 
[9.528s] Installed /home/nawako05/finalproject_ws/build/main_control
[9.528s] running symlink_data
[9.823s] Invoked command in '/home/nawako05/finalproject_ws/build/main_control' returned '0': PYTHONPATH=/home/nawako05/finalproject_ws/build/main_control/prefix_override:/usr/lib/python3/dist-packages/colcon_core/task/python/colcon_distutils_commands:/home/nawako05/finalproject_ws/install/main_control/lib/python3.12/site-packages:${PYTHONPATH} /usr/bin/python3 -W ignore:setup.py install is deprecated -W ignore:easy_install command is deprecated setup.py develop --editable --build-directory /home/nawako05/finalproject_ws/build/main_control/build --no-deps symlink_data
