running develop
/usr/lib/python3/dist-packages/setuptools/command/easy_install.py:363: UserWarning: Unbuilt egg for pytest-repeat [unknown version] (/usr/lib/python3/dist-packages)
  self.local_index = Environment(self.shadow_path + sys.path)
running egg_info
creating manual_command.egg-info
writing manual_command.egg-info/PKG-INFO
writing dependency_links to manual_command.egg-info/dependency_links.txt
writing entry points to manual_command.egg-info/entry_points.txt
writing requirements to manual_command.egg-info/requires.txt
writing top-level names to manual_command.egg-info/top_level.txt
writing manifest file 'manual_command.egg-info/SOURCES.txt'
reading manifest file 'manual_command.egg-info/SOURCES.txt'
writing manifest file 'manual_command.egg-info/SOURCES.txt'
running build_ext
Creating /home/nawako05/finalproject_ws/install/manual_command/lib/python3.12/site-packages/manual-command.egg-link (link to .)
Installing move_forward script to /home/nawako05/finalproject_ws/install/manual_command/lib/manual_command

Installed /home/nawako05/finalproject_ws/build/manual_command
running symlink_data
creating /home/nawako05/finalproject_ws/install/manual_command/share/ament_index
creating /home/nawako05/finalproject_ws/install/manual_command/share/ament_index/resource_index
creating /home/nawako05/finalproject_ws/install/manual_command/share/ament_index/resource_index/packages
symbolically linking /home/nawako05/finalproject_ws/build/manual_command/resource/manual_command -> /home/nawako05/finalproject_ws/install/manual_command/share/ament_index/resource_index/packages
symbolically linking /home/nawako05/finalproject_ws/build/manual_command/package.xml -> /home/nawako05/finalproject_ws/install/manual_command/share/manual_command
