[4.797s] Invoking command in '/home/nawako05/finalproject_ws/build/manual_command': PYTHONPATH=/home/nawako05/finalproject_ws/build/manual_command/prefix_override:/usr/lib/python3/dist-packages/colcon_core/task/python/colcon_distutils_commands:/home/nawako05/finalproject_ws/install/manual_command/lib/python3.12/site-packages:${PYTHONPATH} /usr/bin/python3 -W ignore:setup.py install is deprecated -W ignore:easy_install command is deprecated setup.py develop --editable --build-directory /home/nawako05/finalproject_ws/build/manual_command/build --no-deps symlink_data
[6.489s] running develop
[7.066s] /usr/lib/python3/dist-packages/setuptools/command/easy_install.py:363: UserWarning: Unbuilt egg for pytest-repeat [unknown version] (/usr/lib/python3/dist-packages)
[7.066s]   self.local_index = Environment(self.shadow_path + sys.path)
[7.175s] running egg_info
[7.177s] creating manual_command.egg-info
[7.301s] writing manual_command.egg-info/PKG-INFO
[7.303s] writing dependency_links to manual_command.egg-info/dependency_links.txt
[7.303s] writing entry points to manual_command.egg-info/entry_points.txt
[7.303s] writing requirements to manual_command.egg-info/requires.txt
[7.303s] writing top-level names to manual_command.egg-info/top_level.txt
[7.304s] writing manifest file 'manual_command.egg-info/SOURCES.txt'
[7.435s] reading manifest file 'manual_command.egg-info/SOURCES.txt'
[7.435s] writing manifest file 'manual_command.egg-info/SOURCES.txt'
[7.502s] running build_ext
[7.504s] Creating /home/nawako05/finalproject_ws/install/manual_command/lib/python3.12/site-packages/manual-command.egg-link (link to .)
[7.508s] Installing move_forward script to /home/nawako05/finalproject_ws/install/manual_command/lib/manual_command
[7.508s] 
[7.508s] Installed /home/nawako05/finalproject_ws/build/manual_command
[7.509s] running symlink_data
[7.509s] creating /home/nawako05/finalproject_ws/install/manual_command/share/ament_index
[7.509s] creating /home/nawako05/finalproject_ws/install/manual_command/share/ament_index/resource_index
[7.509s] creating /home/nawako05/finalproject_ws/install/manual_command/share/ament_index/resource_index/packages
[7.510s] symbolically linking /home/nawako05/finalproject_ws/build/manual_command/resource/manual_command -> /home/nawako05/finalproject_ws/install/manual_command/share/ament_index/resource_index/packages
[7.510s] symbolically linking /home/nawako05/finalproject_ws/build/manual_command/package.xml -> /home/nawako05/finalproject_ws/install/manual_command/share/manual_command
[7.668s] Invoked command in '/home/nawako05/finalproject_ws/build/manual_command' returned '0': PYTHONPATH=/home/nawako05/finalproject_ws/build/manual_command/prefix_override:/usr/lib/python3/dist-packages/colcon_core/task/python/colcon_distutils_commands:/home/nawako05/finalproject_ws/install/manual_command/lib/python3.12/site-packages:${PYTHONPATH} /usr/bin/python3 -W ignore:setup.py install is deprecated -W ignore:easy_install command is deprecated setup.py develop --editable --build-directory /home/nawako05/finalproject_ws/build/manual_command/build --no-deps symlink_data
