[6.557s] Invoking command in '/home/nawako05/finalproject_ws/build/main_control': PYTHONPATH=/home/nawako05/finalproject_ws/build/main_control/prefix_override:/usr/lib/python3/dist-packages/colcon_core/task/python/colcon_distutils_commands:/home/nawako05/finalproject_ws/install/main_control/lib/python3.12/site-packages:${PYTHONPATH} /usr/bin/python3 -W ignore:setup.py install is deprecated -W ignore:easy_install command is deprecated setup.py develop --editable --build-directory /home/nawako05/finalproject_ws/build/main_control/build --no-deps symlink_data
[8.385s] running develop
[9.220s] /usr/lib/python3/dist-packages/setuptools/command/easy_install.py:363: UserWarning: Unbuilt egg for pytest-repeat [unknown version] (/usr/lib/python3/dist-packages)
[9.220s]   self.local_index = Environment(self.shadow_path + sys.path)
[9.386s] running egg_info
[9.574s] writing main_control.egg-info/PKG-INFO
[9.574s] writing dependency_links to main_control.egg-info/dependency_links.txt
[9.575s] writing entry points to main_control.egg-info/entry_points.txt
[9.576s] writing requirements to main_control.egg-info/requires.txt
[9.576s] writing top-level names to main_control.egg-info/top_level.txt
[9.764s] reading manifest file 'main_control.egg-info/SOURCES.txt'
[9.766s] writing manifest file 'main_control.egg-info/SOURCES.txt'
[9.844s] running build_ext
[9.848s] Creating /home/nawako05/finalproject_ws/install/main_control/lib/python3.12/site-packages/main-control.egg-link (link to .)
[9.852s] Installing command_input script to /home/nawako05/finalproject_ws/install/main_control/lib/main_control
[9.853s] Installing compensator script to /home/nawako05/finalproject_ws/install/main_control/lib/main_control
[9.854s] Installing floor_manager script to /home/nawako05/finalproject_ws/install/main_control/lib/main_control
[9.855s] Installing hardware_bridge script to /home/nawako05/finalproject_ws/install/main_control/lib/main_control
[9.855s] Installing lidar_filter script to /home/nawako05/finalproject_ws/install/main_control/lib/main_control
[9.858s] Installing sequence script to /home/nawako05/finalproject_ws/install/main_control/lib/main_control
[9.858s] Installing setpose script to /home/nawako05/finalproject_ws/install/main_control/lib/main_control
[9.858s] Installing state_machine script to /home/nawako05/finalproject_ws/install/main_control/lib/main_control
[9.858s] Installing waypoint_manage script to /home/nawako05/finalproject_ws/install/main_control/lib/main_control
[9.859s] 
[9.859s] Installed /home/nawako05/finalproject_ws/build/main_control
[9.859s] running symlink_data
[10.106s] Invoked command in '/home/nawako05/finalproject_ws/build/main_control' returned '0': PYTHONPATH=/home/nawako05/finalproject_ws/build/main_control/prefix_override:/usr/lib/python3/dist-packages/colcon_core/task/python/colcon_distutils_commands:/home/nawako05/finalproject_ws/install/main_control/lib/python3.12/site-packages:${PYTHONPATH} /usr/bin/python3 -W ignore:setup.py install is deprecated -W ignore:easy_install command is deprecated setup.py develop --editable --build-directory /home/nawako05/finalproject_ws/build/main_control/build --no-deps symlink_data
