[6.899s] Invoking command in '/home/nawako05/finalproject_ws/build/main_control': PYTHONPATH=/home/nawako05/finalproject_ws/build/main_control/prefix_override:/usr/lib/python3/dist-packages/colcon_core/task/python/colcon_distutils_commands:/home/nawako05/finalproject_ws/install/main_control/lib/python3.12/site-packages:${PYTHONPATH} /usr/bin/python3 -W ignore:setup.py install is deprecated -W ignore:easy_install command is deprecated setup.py develop --editable --build-directory /home/nawako05/finalproject_ws/build/main_control/build --no-deps symlink_data
[8.872s] running develop
[9.638s] /usr/lib/python3/dist-packages/setuptools/command/easy_install.py:363: UserWarning: Unbuilt egg for pytest-repeat [unknown version] (/usr/lib/python3/dist-packages)
[9.638s]   self.local_index = Environment(self.shadow_path + sys.path)
[9.806s] running egg_info
[10.058s] writing main_control.egg-info/PKG-INFO
[10.060s] writing dependency_links to main_control.egg-info/dependency_links.txt
[10.063s] writing entry points to main_control.egg-info/entry_points.txt
[10.063s] writing requirements to main_control.egg-info/requires.txt
[10.066s] writing top-level names to main_control.egg-info/top_level.txt
[10.252s] reading manifest file 'main_control.egg-info/SOURCES.txt'
[10.256s] writing manifest file 'main_control.egg-info/SOURCES.txt'
[10.380s] running build_ext
[10.386s] Creating /home/nawako05/finalproject_ws/install/main_control/lib/python3.12/site-packages/main-control.egg-link (link to .)
[10.386s] Installing command_input script to /home/nawako05/finalproject_ws/install/main_control/lib/main_control
[10.388s] Installing compensator script to /home/nawako05/finalproject_ws/install/main_control/lib/main_control
[10.391s] Installing floor_manager script to /home/nawako05/finalproject_ws/install/main_control/lib/main_control
[10.395s] Installing hardware_bridge script to /home/nawako05/finalproject_ws/install/main_control/lib/main_control
[10.395s] Installing lidar_filter script to /home/nawako05/finalproject_ws/install/main_control/lib/main_control
[10.396s] Installing sequence script to /home/nawako05/finalproject_ws/install/main_control/lib/main_control
[10.398s] Installing setpose script to /home/nawako05/finalproject_ws/install/main_control/lib/main_control
[10.399s] Installing state_machine script to /home/nawako05/finalproject_ws/install/main_control/lib/main_control
[10.402s] Installing waypoint_manage script to /home/nawako05/finalproject_ws/install/main_control/lib/main_control
[10.403s] 
[10.405s] Installed /home/nawako05/finalproject_ws/build/main_control
[10.405s] running symlink_data
[10.859s] Invoked command in '/home/nawako05/finalproject_ws/build/main_control' returned '0': PYTHONPATH=/home/nawako05/finalproject_ws/build/main_control/prefix_override:/usr/lib/python3/dist-packages/colcon_core/task/python/colcon_distutils_commands:/home/nawako05/finalproject_ws/install/main_control/lib/python3.12/site-packages:${PYTHONPATH} /usr/bin/python3 -W ignore:setup.py install is deprecated -W ignore:easy_install command is deprecated setup.py develop --editable --build-directory /home/nawako05/finalproject_ws/build/main_control/build --no-deps symlink_data
