[5.609s] Invoking command in '/home/nawako05/finalproject_ws/build/main_control': PYTHONPATH=/home/nawako05/finalproject_ws/build/main_control/prefix_override:/usr/lib/python3/dist-packages/colcon_core/task/python/colcon_distutils_commands:/home/nawako05/finalproject_ws/install/main_control/lib/python3.12/site-packages:${PYTHONPATH} /usr/bin/python3 -W ignore:setup.py install is deprecated -W ignore:easy_install command is deprecated setup.py develop --editable --build-directory /home/nawako05/finalproject_ws/build/main_control/build --no-deps symlink_data
[6.969s] running develop
[7.566s] /usr/lib/python3/dist-packages/setuptools/command/easy_install.py:363: UserWarning: Unbuilt egg for pytest-repeat [unknown version] (/usr/lib/python3/dist-packages)
[7.566s]   self.local_index = Environment(self.shadow_path + sys.path)
[7.661s] running egg_info
[7.840s] writing main_control.egg-info/PKG-INFO
[7.841s] writing dependency_links to main_control.egg-info/dependency_links.txt
[7.841s] writing entry points to main_control.egg-info/entry_points.txt
[7.842s] writing requirements to main_control.egg-info/requires.txt
[7.842s] writing top-level names to main_control.egg-info/top_level.txt
[7.969s] reading manifest file 'main_control.egg-info/SOURCES.txt'
[7.974s] writing manifest file 'main_control.egg-info/SOURCES.txt'
[8.044s] running build_ext
[8.047s] Creating /home/nawako05/finalproject_ws/install/main_control/lib/python3.12/site-packages/main-control.egg-link (link to .)
[8.048s] Installing hardware_bridge script to /home/nawako05/finalproject_ws/install/main_control/lib/main_control
[8.055s] Installing lidar_filter script to /home/nawako05/finalproject_ws/install/main_control/lib/main_control
[8.057s] 
[8.057s] Installed /home/nawako05/finalproject_ws/build/main_control
[8.057s] running symlink_data
[8.363s] Invoked command in '/home/nawako05/finalproject_ws/build/main_control' returned '0': PYTHONPATH=/home/nawako05/finalproject_ws/build/main_control/prefix_override:/usr/lib/python3/dist-packages/colcon_core/task/python/colcon_distutils_commands:/home/nawako05/finalproject_ws/install/main_control/lib/python3.12/site-packages:${PYTHONPATH} /usr/bin/python3 -W ignore:setup.py install is deprecated -W ignore:easy_install command is deprecated setup.py develop --editable --build-directory /home/nawako05/finalproject_ws/build/main_control/build --no-deps symlink_data
