[11.004s] Invoking command in '/home/nawako05/finalproject_ws/build/image_processing': PYTHONPATH=/home/nawako05/finalproject_ws/build/image_processing/prefix_override:/usr/lib/python3/dist-packages/colcon_core/task/python/colcon_distutils_commands:/home/nawako05/finalproject_ws/install/image_processing/lib/python3.12/site-packages:${PYTHONPATH} /usr/bin/python3 -W ignore:setup.py install is deprecated -W ignore:easy_install command is deprecated setup.py develop --editable --build-directory /home/nawako05/finalproject_ws/build/image_processing/build --no-deps symlink_data
[14.451s] running develop
[15.651s] /usr/lib/python3/dist-packages/setuptools/command/easy_install.py:363: UserWarning: Unbuilt egg for pytest-repeat [unknown version] (/usr/lib/python3/dist-packages)
[15.651s]   self.local_index = Environment(self.shadow_path + sys.path)
[15.859s] running egg_info
[16.040s] writing image_processing.egg-info/PKG-INFO
[16.041s] writing dependency_links to image_processing.egg-info/dependency_links.txt
[16.045s] writing entry points to image_processing.egg-info/entry_points.txt
[16.045s] writing requirements to image_processing.egg-info/requires.txt
[16.045s] writing top-level names to image_processing.egg-info/top_level.txt
[16.328s] reading manifest file 'image_processing.egg-info/SOURCES.txt'
[16.337s] writing manifest file 'image_processing.egg-info/SOURCES.txt'
[16.627s] running build_ext
[16.629s] Creating /home/nawako05/finalproject_ws/install/image_processing/lib/python3.12/site-packages/image-processing.egg-link (link to .)
[16.634s] Installing arm_detect script to /home/nawako05/finalproject_ws/install/image_processing/lib/image_processing
[16.635s] Installing record script to /home/nawako05/finalproject_ws/install/image_processing/lib/image_processing
[16.641s] 
[16.641s] Installed /home/nawako05/finalproject_ws/build/image_processing
[16.641s] running symlink_data
[16.960s] Invoked command in '/home/nawako05/finalproject_ws/build/image_processing' returned '0': PYTHONPATH=/home/nawako05/finalproject_ws/build/image_processing/prefix_override:/usr/lib/python3/dist-packages/colcon_core/task/python/colcon_distutils_commands:/home/nawako05/finalproject_ws/install/image_processing/lib/python3.12/site-packages:${PYTHONPATH} /usr/bin/python3 -W ignore:setup.py install is deprecated -W ignore:easy_install command is deprecated setup.py develop --editable --build-directory /home/nawako05/finalproject_ws/build/image_processing/build --no-deps symlink_data
