[5.176s] Invoking command in '/home/nawako05/finalproject_ws/build/main_control': PYTHONPATH=/home/nawako05/finalproject_ws/build/main_control/prefix_override:/usr/lib/python3/dist-packages/colcon_core/task/python/colcon_distutils_commands:/home/nawako05/finalproject_ws/install/main_control/lib/python3.12/site-packages:${PYTHONPATH} /usr/bin/python3 -W ignore:setup.py install is deprecated -W ignore:easy_install command is deprecated setup.py develop --editable --build-directory /home/nawako05/finalproject_ws/build/main_control/build --no-deps symlink_data
[6.629s] running develop
[7.222s] /usr/lib/python3/dist-packages/setuptools/command/easy_install.py:363: UserWarning: Unbuilt egg for pytest-repeat [unknown version] (/usr/lib/python3/dist-packages)
[7.223s]   self.local_index = Environment(self.shadow_path + sys.path)
[7.336s] running egg_info
[7.490s] writing main_control.egg-info/PKG-INFO
[7.491s] writing dependency_links to main_control.egg-info/dependency_links.txt
[7.491s] writing entry points to main_control.egg-info/entry_points.txt
[7.492s] writing requirements to main_control.egg-info/requires.txt
[7.493s] writing top-level names to main_control.egg-info/top_level.txt
[7.634s] reading manifest file 'main_control.egg-info/SOURCES.txt'
[7.635s] writing manifest file 'main_control.egg-info/SOURCES.txt'
[7.716s] running build_ext
[7.716s] Creating /home/nawako05/finalproject_ws/install/main_control/lib/python3.12/site-packages/main-control.egg-link (link to .)
[7.723s] Installing compensator script to /home/nawako05/finalproject_ws/install/main_control/lib/main_control
[7.723s] Installing floor_manager script to /home/nawako05/finalproject_ws/install/main_control/lib/main_control
[7.723s] Installing hardware_bridge script to /home/nawako05/finalproject_ws/install/main_control/lib/main_control
[7.724s] Installing lidar_filter script to /home/nawako05/finalproject_ws/install/main_control/lib/main_control
[7.724s] Installing sequence script to /home/nawako05/finalproject_ws/install/main_control/lib/main_control
[7.727s] 
[7.727s] Installed /home/nawako05/finalproject_ws/build/main_control
[7.728s] running symlink_data
[8.451s] Invoked command in '/home/nawako05/finalproject_ws/build/main_control' returned '0': PYTHONPATH=/home/nawako05/finalproject_ws/build/main_control/prefix_override:/usr/lib/python3/dist-packages/colcon_core/task/python/colcon_distutils_commands:/home/nawako05/finalproject_ws/install/main_control/lib/python3.12/site-packages:${PYTHONPATH} /usr/bin/python3 -W ignore:setup.py install is deprecated -W ignore:easy_install command is deprecated setup.py develop --editable --build-directory /home/nawako05/finalproject_ws/build/main_control/build --no-deps symlink_data
