[5.993s] Invoking command in '/home/nawako05/finalproject_ws/build/main_control': PYTHONPATH=/home/nawako05/finalproject_ws/build/main_control/prefix_override:/usr/lib/python3/dist-packages/colcon_core/task/python/colcon_distutils_commands:/home/nawako05/finalproject_ws/install/main_control/lib/python3.12/site-packages:${PYTHONPATH} /usr/bin/python3 -W ignore:setup.py install is deprecated -W ignore:easy_install command is deprecated setup.py develop --editable --build-directory /home/nawako05/finalproject_ws/build/main_control/build --no-deps symlink_data
[7.492s] running develop
[8.111s] /usr/lib/python3/dist-packages/setuptools/command/easy_install.py:363: UserWarning: Unbuilt egg for pytest-repeat [unknown version] (/usr/lib/python3/dist-packages)
[8.111s]   self.local_index = Environment(self.shadow_path + sys.path)
[8.214s] running egg_info
[8.435s] writing main_control.egg-info/PKG-INFO
[8.437s] writing dependency_links to main_control.egg-info/dependency_links.txt
[8.438s] writing entry points to main_control.egg-info/entry_points.txt
[8.438s] writing requirements to main_control.egg-info/requires.txt
[8.439s] writing top-level names to main_control.egg-info/top_level.txt
[8.581s] reading manifest file 'main_control.egg-info/SOURCES.txt'
[8.583s] writing manifest file 'main_control.egg-info/SOURCES.txt'
[8.658s] running build_ext
[8.660s] Creating /home/nawako05/finalproject_ws/install/main_control/lib/python3.12/site-packages/main-control.egg-link (link to .)
[8.661s] Installing command_input script to /home/nawako05/finalproject_ws/install/main_control/lib/main_control
[8.662s] Installing compensator script to /home/nawako05/finalproject_ws/install/main_control/lib/main_control
[8.662s] Installing floor_manager script to /home/nawako05/finalproject_ws/install/main_control/lib/main_control
[8.663s] Installing hardware_bridge script to /home/nawako05/finalproject_ws/install/main_control/lib/main_control
[8.663s] Installing lidar_filter script to /home/nawako05/finalproject_ws/install/main_control/lib/main_control
[8.668s] Installing sequence script to /home/nawako05/finalproject_ws/install/main_control/lib/main_control
[8.670s] Installing setpose script to /home/nawako05/finalproject_ws/install/main_control/lib/main_control
[8.673s] Installing state_machine script to /home/nawako05/finalproject_ws/install/main_control/lib/main_control
[8.674s] Installing waypoint_manage script to /home/nawako05/finalproject_ws/install/main_control/lib/main_control
[8.674s] 
[8.674s] Installed /home/nawako05/finalproject_ws/build/main_control
[8.674s] running symlink_data
[9.090s] Invoked command in '/home/nawako05/finalproject_ws/build/main_control' returned '0': PYTHONPATH=/home/nawako05/finalproject_ws/build/main_control/prefix_override:/usr/lib/python3/dist-packages/colcon_core/task/python/colcon_distutils_commands:/home/nawako05/finalproject_ws/install/main_control/lib/python3.12/site-packages:${PYTHONPATH} /usr/bin/python3 -W ignore:setup.py install is deprecated -W ignore:easy_install command is deprecated setup.py develop --editable --build-directory /home/nawako05/finalproject_ws/build/main_control/build --no-deps symlink_data
