[2.817s] Invoking command in '/home/nawako05/finalproject_ws/build/uart': PYTHONPATH=/home/nawako05/finalproject_ws/build/uart/prefix_override:/usr/lib/python3/dist-packages/colcon_core/task/python/colcon_distutils_commands:/home/nawako05/finalproject_ws/install/uart/lib/python3.12/site-packages:${PYTHONPATH} /usr/bin/python3 -W ignore:setup.py install is deprecated -W ignore:easy_install command is deprecated setup.py develop --editable --build-directory /home/nawako05/finalproject_ws/build/uart/build --no-deps symlink_data
[3.868s] running develop
[4.335s] /usr/lib/python3/dist-packages/setuptools/command/easy_install.py:363: UserWarning: Unbuilt egg for pytest-repeat [unknown version] (/usr/lib/python3/dist-packages)
[4.335s]   self.local_index = Environment(self.shadow_path + sys.path)
[4.426s] running egg_info
[4.527s] writing uart.egg-info/PKG-INFO
[4.527s] writing dependency_links to uart.egg-info/dependency_links.txt
[4.528s] writing entry points to uart.egg-info/entry_points.txt
[4.529s] writing requirements to uart.egg-info/requires.txt
[4.531s] writing top-level names to uart.egg-info/top_level.txt
[4.643s] reading manifest file 'uart.egg-info/SOURCES.txt'
[4.644s] writing manifest file 'uart.egg-info/SOURCES.txt'
[4.706s] running build_ext
[4.707s] Creating /home/nawako05/finalproject_ws/install/uart/lib/python3.12/site-packages/uart.egg-link (link to .)
[4.707s] Installing data_process script to /home/nawako05/finalproject_ws/install/uart/lib/uart
[4.708s] Installing uart_node script to /home/nawako05/finalproject_ws/install/uart/lib/uart
[4.708s] 
[4.708s] Installed /home/nawako05/finalproject_ws/build/uart
[4.708s] running symlink_data
[4.827s] Invoked command in '/home/nawako05/finalproject_ws/build/uart' returned '0': PYTHONPATH=/home/nawako05/finalproject_ws/build/uart/prefix_override:/usr/lib/python3/dist-packages/colcon_core/task/python/colcon_distutils_commands:/home/nawako05/finalproject_ws/install/uart/lib/python3.12/site-packages:${PYTHONPATH} /usr/bin/python3 -W ignore:setup.py install is deprecated -W ignore:easy_install command is deprecated setup.py develop --editable --build-directory /home/nawako05/finalproject_ws/build/uart/build --no-deps symlink_data
