[4.915s] Invoking command in '/home/nawako05/finalproject_ws/build/image_processing': PYTHONPATH=/home/nawako05/finalproject_ws/build/image_processing/prefix_override:/usr/lib/python3/dist-packages/colcon_core/task/python/colcon_distutils_commands:/home/nawako05/finalproject_ws/install/image_processing/lib/python3.12/site-packages:${PYTHONPATH} /usr/bin/python3 -W ignore:setup.py install is deprecated -W ignore:easy_install command is deprecated setup.py develop --editable --build-directory /home/nawako05/finalproject_ws/build/image_processing/build --no-deps symlink_data
[6.173s] running develop
[6.745s] /usr/lib/python3/dist-packages/setuptools/command/easy_install.py:363: UserWarning: Unbuilt egg for pytest-repeat [unknown version] (/usr/lib/python3/dist-packages)
[6.746s]   self.local_index = Environment(self.shadow_path + sys.path)
[6.849s] running egg_info
[7.015s] writing image_processing.egg-info/PKG-INFO
[7.015s] writing dependency_links to image_processing.egg-info/dependency_links.txt
[7.017s] writing entry points to image_processing.egg-info/entry_points.txt
[7.017s] writing requirements to image_processing.egg-info/requires.txt
[7.018s] writing top-level names to image_processing.egg-info/top_level.txt
[7.200s] reading manifest file 'image_processing.egg-info/SOURCES.txt'
[7.201s] writing manifest file 'image_processing.egg-info/SOURCES.txt'
[7.276s] running build_ext
[7.278s] Creating /home/nawako05/finalproject_ws/install/image_processing/lib/python3.12/site-packages/image-processing.egg-link (link to .)
[7.281s] Installing arm_detect script to /home/nawako05/finalproject_ws/install/image_processing/lib/image_processing
[7.283s] Installing record script to /home/nawako05/finalproject_ws/install/image_processing/lib/image_processing
[7.286s] 
[7.287s] Installed /home/nawako05/finalproject_ws/build/image_processing
[7.288s] running symlink_data
[7.494s] Invoked command in '/home/nawako05/finalproject_ws/build/image_processing' returned '0': PYTHONPATH=/home/nawako05/finalproject_ws/build/image_processing/prefix_override:/usr/lib/python3/dist-packages/colcon_core/task/python/colcon_distutils_commands:/home/nawako05/finalproject_ws/install/image_processing/lib/python3.12/site-packages:${PYTHONPATH} /usr/bin/python3 -W ignore:setup.py install is deprecated -W ignore:easy_install command is deprecated setup.py develop --editable --build-directory /home/nawako05/finalproject_ws/build/image_processing/build --no-deps symlink_data
