[2.888s] Invoking command in '/home/nawako05/finalproject_ws/build/uart': PYTHONPATH=/home/nawako05/finalproject_ws/build/uart/prefix_override:/usr/lib/python3/dist-packages/colcon_core/task/python/colcon_distutils_commands:/home/nawako05/finalproject_ws/install/uart/lib/python3.12/site-packages:${PYTHONPATH} /usr/bin/python3 -W ignore:setup.py install is deprecated -W ignore:easy_install command is deprecated setup.py develop --editable --build-directory /home/nawako05/finalproject_ws/build/uart/build --no-deps symlink_data
[3.948s] running develop
[4.421s] /usr/lib/python3/dist-packages/setuptools/command/easy_install.py:363: UserWarning: Unbuilt egg for pytest-repeat [unknown version] (/usr/lib/python3/dist-packages)
[4.421s]   self.local_index = Environment(self.shadow_path + sys.path)
[4.515s] running egg_info
[4.625s] writing uart.egg-info/PKG-INFO
[4.625s] writing dependency_links to uart.egg-info/dependency_links.txt
[4.628s] writing entry points to uart.egg-info/entry_points.txt
[4.629s] writing requirements to uart.egg-info/requires.txt
[4.629s] writing top-level names to uart.egg-info/top_level.txt
[4.741s] reading manifest file 'uart.egg-info/SOURCES.txt'
[4.742s] writing manifest file 'uart.egg-info/SOURCES.txt'
[4.805s] running build_ext
[4.805s] Creating /home/nawako05/finalproject_ws/install/uart/lib/python3.12/site-packages/uart.egg-link (link to .)
[4.806s] Installing data_process script to /home/nawako05/finalproject_ws/install/uart/lib/uart
[4.806s] Installing uart_node script to /home/nawako05/finalproject_ws/install/uart/lib/uart
[4.806s] 
[4.806s] Installed /home/nawako05/finalproject_ws/build/uart
[4.806s] running symlink_data
[4.939s] Invoked command in '/home/nawako05/finalproject_ws/build/uart' returned '0': PYTHONPATH=/home/nawako05/finalproject_ws/build/uart/prefix_override:/usr/lib/python3/dist-packages/colcon_core/task/python/colcon_distutils_commands:/home/nawako05/finalproject_ws/install/uart/lib/python3.12/site-packages:${PYTHONPATH} /usr/bin/python3 -W ignore:setup.py install is deprecated -W ignore:easy_install command is deprecated setup.py develop --editable --build-directory /home/nawako05/finalproject_ws/build/uart/build --no-deps symlink_data
