[6.693s] Invoking command in '/home/nawako05/finalproject_ws/build/main_control': PYTHONPATH=/home/nawako05/finalproject_ws/build/main_control/prefix_override:/usr/lib/python3/dist-packages/colcon_core/task/python/colcon_distutils_commands:/home/nawako05/finalproject_ws/install/main_control/lib/python3.12/site-packages:${PYTHONPATH} /usr/bin/python3 -W ignore:setup.py install is deprecated -W ignore:easy_install command is deprecated setup.py develop --editable --build-directory /home/nawako05/finalproject_ws/build/main_control/build --no-deps symlink_data
[8.743s] running develop
[9.441s] /usr/lib/python3/dist-packages/setuptools/command/easy_install.py:363: UserWarning: Unbuilt egg for pytest-repeat [unknown version] (/usr/lib/python3/dist-packages)
[9.441s]   self.local_index = Environment(self.shadow_path + sys.path)
[9.554s] running egg_info
[9.695s] writing main_control.egg-info/PKG-INFO
[9.695s] writing dependency_links to main_control.egg-info/dependency_links.txt
[9.697s] writing entry points to main_control.egg-info/entry_points.txt
[9.697s] writing requirements to main_control.egg-info/requires.txt
[9.698s] writing top-level names to main_control.egg-info/top_level.txt
[9.842s] reading manifest file 'main_control.egg-info/SOURCES.txt'
[9.846s] writing manifest file 'main_control.egg-info/SOURCES.txt'
[9.926s] running build_ext
[9.929s] Creating /home/nawako05/finalproject_ws/install/main_control/lib/python3.12/site-packages/main-control.egg-link (link to .)
[9.929s] Installing compensator script to /home/nawako05/finalproject_ws/install/main_control/lib/main_control
[9.929s] Installing floor_manager script to /home/nawako05/finalproject_ws/install/main_control/lib/main_control
[9.929s] Installing hardware_bridge script to /home/nawako05/finalproject_ws/install/main_control/lib/main_control
[9.929s] Installing lidar_filter script to /home/nawako05/finalproject_ws/install/main_control/lib/main_control
[9.937s] Installing sequence script to /home/nawako05/finalproject_ws/install/main_control/lib/main_control
[9.940s] Installing setpose script to /home/nawako05/finalproject_ws/install/main_control/lib/main_control
[9.940s] 
[9.941s] Installed /home/nawako05/finalproject_ws/build/main_control
[9.942s] running symlink_data
[10.373s] Invoked command in '/home/nawako05/finalproject_ws/build/main_control' returned '0': PYTHONPATH=/home/nawako05/finalproject_ws/build/main_control/prefix_override:/usr/lib/python3/dist-packages/colcon_core/task/python/colcon_distutils_commands:/home/nawako05/finalproject_ws/install/main_control/lib/python3.12/site-packages:${PYTHONPATH} /usr/bin/python3 -W ignore:setup.py install is deprecated -W ignore:easy_install command is deprecated setup.py develop --editable --build-directory /home/nawako05/finalproject_ws/build/main_control/build --no-deps symlink_data
