[4.931s] Invoking command in '/home/nawako05/finalproject_ws/build/main_control': PYTHONPATH=/home/nawako05/finalproject_ws/build/main_control/prefix_override:/usr/lib/python3/dist-packages/colcon_core/task/python/colcon_distutils_commands:/home/nawako05/finalproject_ws/install/main_control/lib/python3.12/site-packages:${PYTHONPATH} /usr/bin/python3 -W ignore:setup.py install is deprecated -W ignore:easy_install command is deprecated setup.py develop --editable --build-directory /home/nawako05/finalproject_ws/build/main_control/build --no-deps symlink_data
[6.292s] running develop
[6.768s] /usr/lib/python3/dist-packages/setuptools/command/easy_install.py:363: UserWarning: Unbuilt egg for pytest-repeat [unknown version] (/usr/lib/python3/dist-packages)
[6.768s]   self.local_index = Environment(self.shadow_path + sys.path)
[6.864s] running egg_info
[6.864s] creating main_control.egg-info
[7.073s] writing main_control.egg-info/PKG-INFO
[7.075s] writing dependency_links to main_control.egg-info/dependency_links.txt
[7.076s] writing entry points to main_control.egg-info/entry_points.txt
[7.077s] writing requirements to main_control.egg-info/requires.txt
[7.078s] writing top-level names to main_control.egg-info/top_level.txt
[7.079s] writing manifest file 'main_control.egg-info/SOURCES.txt'
[7.232s] reading manifest file 'main_control.egg-info/SOURCES.txt'
[7.234s] writing manifest file 'main_control.egg-info/SOURCES.txt'
[7.315s] running build_ext
[7.315s] Creating /home/nawako05/finalproject_ws/install/main_control/lib/python3.12/site-packages/main-control.egg-link (link to .)
[7.317s] Installing lidar_filter script to /home/nawako05/finalproject_ws/install/main_control/lib/main_control
[7.319s] 
[7.320s] Installed /home/nawako05/finalproject_ws/build/main_control
[7.320s] running symlink_data
[7.320s] creating /home/nawako05/finalproject_ws/install/main_control/share/ament_index
[7.321s] creating /home/nawako05/finalproject_ws/install/main_control/share/ament_index/resource_index
[7.321s] creating /home/nawako05/finalproject_ws/install/main_control/share/ament_index/resource_index/packages
[7.321s] symbolically linking /home/nawako05/finalproject_ws/build/main_control/resource/main_control -> /home/nawako05/finalproject_ws/install/main_control/share/ament_index/resource_index/packages
[7.322s] symbolically linking /home/nawako05/finalproject_ws/build/main_control/package.xml -> /home/nawako05/finalproject_ws/install/main_control/share/main_control
[7.322s] creating /home/nawako05/finalproject_ws/install/main_control/share/main_control/launch
[7.324s] symbolically linking /home/nawako05/finalproject_ws/build/main_control/launch/robot.launch.py -> /home/nawako05/finalproject_ws/install/main_control/share/main_control/launch
[7.596s] Invoked command in '/home/nawako05/finalproject_ws/build/main_control' returned '0': PYTHONPATH=/home/nawako05/finalproject_ws/build/main_control/prefix_override:/usr/lib/python3/dist-packages/colcon_core/task/python/colcon_distutils_commands:/home/nawako05/finalproject_ws/install/main_control/lib/python3.12/site-packages:${PYTHONPATH} /usr/bin/python3 -W ignore:setup.py install is deprecated -W ignore:easy_install command is deprecated setup.py develop --editable --build-directory /home/nawako05/finalproject_ws/build/main_control/build --no-deps symlink_data
