[5.509s] Invoking command in '/home/nawako05/finalproject_ws/build/uart': PYTHONPATH=/home/nawako05/finalproject_ws/build/uart/prefix_override:/usr/lib/python3/dist-packages/colcon_core/task/python/colcon_distutils_commands:/home/nawako05/finalproject_ws/install/uart/lib/python3.12/site-packages:${PYTHONPATH} /usr/bin/python3 -W ignore:setup.py install is deprecated -W ignore:easy_install command is deprecated setup.py develop --editable --build-directory /home/nawako05/finalproject_ws/build/uart/build --no-deps symlink_data
[7.574s] running develop
[8.462s] /usr/lib/python3/dist-packages/setuptools/command/easy_install.py:363: UserWarning: Unbuilt egg for pytest-repeat [unknown version] (/usr/lib/python3/dist-packages)
[8.465s]   self.local_index = Environment(self.shadow_path + sys.path)
[8.640s] running egg_info
[8.820s] writing uart.egg-info/PKG-INFO
[8.820s] writing dependency_links to uart.egg-info/dependency_links.txt
[8.822s] writing entry points to uart.egg-info/entry_points.txt
[8.822s] writing requirements to uart.egg-info/requires.txt
[8.823s] writing top-level names to uart.egg-info/top_level.txt
[9.029s] reading manifest file 'uart.egg-info/SOURCES.txt'
[9.030s] writing manifest file 'uart.egg-info/SOURCES.txt'
[9.121s] running build_ext
[9.121s] Creating /home/nawako05/finalproject_ws/install/uart/lib/python3.12/site-packages/uart.egg-link (link to .)
[9.123s] Installing data_process script to /home/nawako05/finalproject_ws/install/uart/lib/uart
[9.124s] Installing uart_node script to /home/nawako05/finalproject_ws/install/uart/lib/uart
[9.124s] 
[9.124s] Installed /home/nawako05/finalproject_ws/build/uart
[9.124s] running symlink_data
[9.342s] Invoked command in '/home/nawako05/finalproject_ws/build/uart' returned '0': PYTHONPATH=/home/nawako05/finalproject_ws/build/uart/prefix_override:/usr/lib/python3/dist-packages/colcon_core/task/python/colcon_distutils_commands:/home/nawako05/finalproject_ws/install/uart/lib/python3.12/site-packages:${PYTHONPATH} /usr/bin/python3 -W ignore:setup.py install is deprecated -W ignore:easy_install command is deprecated setup.py develop --editable --build-directory /home/nawako05/finalproject_ws/build/uart/build --no-deps symlink_data
