[4.983s] Invoking command in '/home/nawako05/finalproject_ws/build/image_processing': PYTHONPATH=/home/nawako05/finalproject_ws/build/image_processing/prefix_override:/usr/lib/python3/dist-packages/colcon_core/task/python/colcon_distutils_commands:/home/nawako05/finalproject_ws/install/image_processing/lib/python3.12/site-packages:${PYTHONPATH} /usr/bin/python3 -W ignore:setup.py install is deprecated -W ignore:easy_install command is deprecated setup.py develop --editable --build-directory /home/nawako05/finalproject_ws/build/image_processing/build --no-deps symlink_data
[6.309s] running develop
[6.890s] /usr/lib/python3/dist-packages/setuptools/command/easy_install.py:363: UserWarning: Unbuilt egg for pytest-repeat [unknown version] (/usr/lib/python3/dist-packages)
[6.891s]   self.local_index = Environment(self.shadow_path + sys.path)
[6.991s] running egg_info
[7.164s] writing image_processing.egg-info/PKG-INFO
[7.165s] writing dependency_links to image_processing.egg-info/dependency_links.txt
[7.169s] writing entry points to image_processing.egg-info/entry_points.txt
[7.171s] writing requirements to image_processing.egg-info/requires.txt
[7.171s] writing top-level names to image_processing.egg-info/top_level.txt
[7.306s] reading manifest file 'image_processing.egg-info/SOURCES.txt'
[7.307s] writing manifest file 'image_processing.egg-info/SOURCES.txt'
[7.389s] running build_ext
[7.389s] Creating /home/nawako05/finalproject_ws/install/image_processing/lib/python3.12/site-packages/image-processing.egg-link (link to .)
[7.390s] Installing arm_detect script to /home/nawako05/finalproject_ws/install/image_processing/lib/image_processing
[7.390s] Installing record script to /home/nawako05/finalproject_ws/install/image_processing/lib/image_processing
[7.390s] Installing robot_detect script to /home/nawako05/finalproject_ws/install/image_processing/lib/image_processing
[7.390s] 
[7.390s] Installed /home/nawako05/finalproject_ws/build/image_processing
[7.390s] running symlink_data
[7.631s] Invoked command in '/home/nawako05/finalproject_ws/build/image_processing' returned '0': PYTHONPATH=/home/nawako05/finalproject_ws/build/image_processing/prefix_override:/usr/lib/python3/dist-packages/colcon_core/task/python/colcon_distutils_commands:/home/nawako05/finalproject_ws/install/image_processing/lib/python3.12/site-packages:${PYTHONPATH} /usr/bin/python3 -W ignore:setup.py install is deprecated -W ignore:easy_install command is deprecated setup.py develop --editable --build-directory /home/nawako05/finalproject_ws/build/image_processing/build --no-deps symlink_data
