running develop
/usr/lib/python3/dist-packages/setuptools/command/easy_install.py:363: UserWarning: Unbuilt egg for pytest-repeat [unknown version] (/usr/lib/python3/dist-packages)
  self.local_index = Environment(self.shadow_path + sys.path)
running egg_info
creating uart.egg-info
writing uart.egg-info/PKG-INFO
writing dependency_links to uart.egg-info/dependency_links.txt
writing entry points to uart.egg-info/entry_points.txt
writing requirements to uart.egg-info/requires.txt
writing top-level names to uart.egg-info/top_level.txt
writing manifest file 'uart.egg-info/SOURCES.txt'
reading manifest file 'uart.egg-info/SOURCES.txt'
writing manifest file 'uart.egg-info/SOURCES.txt'
running build_ext
Creating /home/nawako05/finalproject_ws/install/uart/lib/python3.12/site-packages/uart.egg-link (link to .)
Installing data_process script to /home/nawako05/finalproject_ws/install/uart/lib/uart
Installing uart_node script to /home/nawako05/finalproject_ws/install/uart/lib/uart

Installed /home/nawako05/finalproject_ws/build/uart
running symlink_data
creating /home/nawako05/finalproject_ws/install/uart/share/ament_index
creating /home/nawako05/finalproject_ws/install/uart/share/ament_index/resource_index
creating /home/nawako05/finalproject_ws/install/uart/share/ament_index/resource_index/packages
symbolically linking /home/nawako05/finalproject_ws/build/uart/resource/uart -> /home/nawako05/finalproject_ws/install/uart/share/ament_index/resource_index/packages
symbolically linking /home/nawako05/finalproject_ws/build/uart/package.xml -> /home/nawako05/finalproject_ws/install/uart/share/uart
